Archive member included because of file (symbol)

c:/freescale/kds_v3/toolchain/bin/../lib/gcc/arm-none-eabi/4.8.4/../../../../arm-none-eabi/lib/armv7e-m/fpu\libm.a(lib_a-w_atan2.o)
                              ./Sources/Modules/mAccelMagneto.o (atan2)
c:/freescale/kds_v3/toolchain/bin/../lib/gcc/arm-none-eabi/4.8.4/../../../../arm-none-eabi/lib/armv7e-m/fpu\libm.a(lib_a-w_sqrt.o)
                              ./Sources/Modules/mAccelMagneto.o (sqrt)
c:/freescale/kds_v3/toolchain/bin/../lib/gcc/arm-none-eabi/4.8.4/../../../../arm-none-eabi/lib/armv7e-m/fpu\libm.a(lib_a-e_atan2.o)
                              c:/freescale/kds_v3/toolchain/bin/../lib/gcc/arm-none-eabi/4.8.4/../../../../arm-none-eabi/lib/armv7e-m/fpu\libm.a(lib_a-w_atan2.o) (__ieee754_atan2)
c:/freescale/kds_v3/toolchain/bin/../lib/gcc/arm-none-eabi/4.8.4/../../../../arm-none-eabi/lib/armv7e-m/fpu\libm.a(lib_a-e_sqrt.o)
                              c:/freescale/kds_v3/toolchain/bin/../lib/gcc/arm-none-eabi/4.8.4/../../../../arm-none-eabi/lib/armv7e-m/fpu\libm.a(lib_a-w_sqrt.o) (__ieee754_sqrt)
c:/freescale/kds_v3/toolchain/bin/../lib/gcc/arm-none-eabi/4.8.4/../../../../arm-none-eabi/lib/armv7e-m/fpu\libm.a(lib_a-s_atan.o)
                              c:/freescale/kds_v3/toolchain/bin/../lib/gcc/arm-none-eabi/4.8.4/../../../../arm-none-eabi/lib/armv7e-m/fpu\libm.a(lib_a-e_atan2.o) (atan)
c:/freescale/kds_v3/toolchain/bin/../lib/gcc/arm-none-eabi/4.8.4/../../../../arm-none-eabi/lib/armv7e-m/fpu\libm.a(lib_a-s_fabs.o)
                              c:/freescale/kds_v3/toolchain/bin/../lib/gcc/arm-none-eabi/4.8.4/../../../../arm-none-eabi/lib/armv7e-m/fpu\libm.a(lib_a-e_atan2.o) (fabs)
c:/freescale/kds_v3/toolchain/bin/../lib/gcc/arm-none-eabi/4.8.4/../../../../arm-none-eabi/lib/armv7e-m/fpu\libm.a(lib_a-s_fpclassify.o)
                              c:/freescale/kds_v3/toolchain/bin/../lib/gcc/arm-none-eabi/4.8.4/../../../../arm-none-eabi/lib/armv7e-m/fpu\libm.a(lib_a-w_sqrt.o) (__fpclassifyd)
c:/freescale/kds_v3/toolchain/bin/../lib/gcc/arm-none-eabi/4.8.4/../../../../arm-none-eabi/lib/armv7e-m/fpu\libm.a(lib_a-s_lib_ver.o)
                              c:/freescale/kds_v3/toolchain/bin/../lib/gcc/arm-none-eabi/4.8.4/../../../../arm-none-eabi/lib/armv7e-m/fpu\libm.a(lib_a-w_sqrt.o) (__fdlib_version)
c:/freescale/kds_v3/toolchain/bin/../lib/gcc/arm-none-eabi/4.8.4/../../../../arm-none-eabi/lib/armv7e-m/fpu\libm.a(lib_a-s_matherr.o)
                              c:/freescale/kds_v3/toolchain/bin/../lib/gcc/arm-none-eabi/4.8.4/../../../../arm-none-eabi/lib/armv7e-m/fpu\libm.a(lib_a-w_sqrt.o) (matherr)
c:/freescale/kds_v3/toolchain/bin/../lib/gcc/arm-none-eabi/4.8.4/armv7e-m/fpu\libgcc.a(_arm_addsubdf3.o)
                              ./Sources/Modules/mSpi.o (__aeabi_dsub)
c:/freescale/kds_v3/toolchain/bin/../lib/gcc/arm-none-eabi/4.8.4/armv7e-m/fpu\libgcc.a(_arm_muldivdf3.o)
                              ./Sources/Modules/mAccelMagneto.o (__aeabi_dmul)
c:/freescale/kds_v3/toolchain/bin/../lib/gcc/arm-none-eabi/4.8.4/armv7e-m/fpu\libgcc.a(_arm_cmpdf2.o)
                              c:/freescale/kds_v3/toolchain/bin/../lib/gcc/arm-none-eabi/4.8.4/../../../../arm-none-eabi/lib/armv7e-m/fpu\libm.a(lib_a-w_sqrt.o) (__aeabi_dcmplt)
c:/freescale/kds_v3/toolchain/bin/../lib/gcc/arm-none-eabi/4.8.4/armv7e-m/fpu\libgcc.a(_arm_fixunsdfsi.o)
                              ./Sources/Modules/mSpi.o (__aeabi_d2uiz)
c:/freescale/kds_v3/toolchain/bin/../lib/gcc/arm-none-eabi/4.8.4/armv7e-m/fpu\libgcc.a(_arm_truncdfsf2.o)
                              ./Sources/Modules/mAccelMagneto.o (__aeabi_d2f)
c:/freescale/kds_v3/toolchain/bin/../lib/gcc/arm-none-eabi/4.8.4/armv7e-m/fpu\libgcc.a(_aeabi_ldivmod.o)
                              ./Sources/Utils/StTime.o (__aeabi_ldivmod)
c:/freescale/kds_v3/toolchain/bin/../lib/gcc/arm-none-eabi/4.8.4/armv7e-m/fpu\libgcc.a(_aeabi_uldivmod.o)
                              ./Sources/Utils/StTime.o (__aeabi_uldivmod)
c:/freescale/kds_v3/toolchain/bin/../lib/gcc/arm-none-eabi/4.8.4/armv7e-m/fpu\libgcc.a(bpabi.o)
                              c:/freescale/kds_v3/toolchain/bin/../lib/gcc/arm-none-eabi/4.8.4/armv7e-m/fpu\libgcc.a(_aeabi_ldivmod.o) (__gnu_ldivmod_helper)
c:/freescale/kds_v3/toolchain/bin/../lib/gcc/arm-none-eabi/4.8.4/armv7e-m/fpu\libgcc.a(_dvmd_tls.o)
                              c:/freescale/kds_v3/toolchain/bin/../lib/gcc/arm-none-eabi/4.8.4/armv7e-m/fpu\libgcc.a(_aeabi_ldivmod.o) (__aeabi_ldiv0)
c:/freescale/kds_v3/toolchain/bin/../lib/gcc/arm-none-eabi/4.8.4/armv7e-m/fpu\libgcc.a(_divdi3.o)
                              c:/freescale/kds_v3/toolchain/bin/../lib/gcc/arm-none-eabi/4.8.4/armv7e-m/fpu\libgcc.a(bpabi.o) (__divdi3)
c:/freescale/kds_v3/toolchain/bin/../lib/gcc/arm-none-eabi/4.8.4/armv7e-m/fpu\libgcc.a(_udivdi3.o)
                              c:/freescale/kds_v3/toolchain/bin/../lib/gcc/arm-none-eabi/4.8.4/armv7e-m/fpu\libgcc.a(bpabi.o) (__udivdi3)
[...]
Memory Configuration

Name             Origin             Length             Attributes
m_interrupts     0x00000000         0x00000400         xr
m_flash_config   0x00000400         0x00000010         xr
m_text           0x00000410         0x000ffbf0         xr
m_data           0x1fff0000         0x00010000         rw
m_data_2         0x20000000         0x00030000         rw
*default*        0x00000000         0xffffffff

Linker script and memory map

LOAD c:/freescale/kds_v3/toolchain/bin/../lib/gcc/arm-none-eabi/4.8.4/armv7e-m/fpu/crti.o
LOAD c:/freescale/kds_v3/toolchain/bin/../lib/gcc/arm-none-eabi/4.8.4/armv7e-m/fpu/crtbegin.o
LOAD c:/freescale/kds_v3/toolchain/bin/../lib/gcc/arm-none-eabi/4.8.4/../../../../arm-none-eabi/lib/armv7e-m/fpu/crt0.o
LOAD ./Sources/Utils/StTime.o
LOAD ./Sources/Utils/stbp.o
LOAD ./Sources/Modules/mAccelMagneto.o
LOAD ./Sources/Modules/mAd.o
LOAD ./Sources/Modules/mCpu.o
LOAD ./Sources/Modules/mDac.o
LOAD ./Sources/Modules/mDelay.o
LOAD ./Sources/Modules/mLeds.o
LOAD ./Sources/Modules/mRS232.o
LOAD ./Sources/Modules/mSpi.o
LOAD ./Sources/Modules/mSwitch.o
LOAD ./Sources/Modules/mTimer.o
LOAD ./Sources/Modules/mWifi.o
LOAD ./Sources/Interfaces/iAd.o
LOAD ./Sources/Interfaces/iCpu.o
LOAD ./Sources/Interfaces/iDac.o
LOAD ./Sources/Interfaces/iDio.o
LOAD ./Sources/Interfaces/iFlextimer.o
LOAD ./Sources/Interfaces/iI2C.o
LOAD ./Sources/Interfaces/iPit.o
LOAD ./Sources/Interfaces/iSpi.o
LOAD ./Sources/Interfaces/iUart.o
LOAD ./Sources/Applications/gCompute.o
LOAD ./Sources/Applications/gInput.o
LOAD ./Sources/Applications/gMBox.o
LOAD ./Sources/Applications/gOutput.o
LOAD ./Sources/Applications/main.o
LOAD ./Project_Settings/Startup_Code/startup_MK64F12.o
LOAD ./Project_Settings/Startup_Code/system_MK64F12.o
LOAD c:/freescale/kds_v3/toolchain/bin/../lib/gcc/arm-none-eabi/4.8.4/../../../../arm-none-eabi/lib/armv7e-m/fpu\libstdc++_s.a
LOAD c:/freescale/kds_v3/toolchain/bin/../lib/gcc/arm-none-eabi/4.8.4/../../../../arm-none-eabi/lib/armv7e-m/fpu\libm.a
START GROUP
LOAD c:/freescale/kds_v3/toolchain/bin/../lib/gcc/arm-none-eabi/4.8.4/armv7e-m/fpu\libgcc.a
LOAD c:/freescale/kds_v3/toolchain/bin/../lib/gcc/arm-none-eabi/4.8.4/../../../../arm-none-eabi/lib/armv7e-m/fpu\libg_s.a
LOAD c:/freescale/kds_v3/toolchain/bin/../lib/gcc/arm-none-eabi/4.8.4/../../../../arm-none-eabi/lib/armv7e-m/fpu\libc_s.a
END GROUP
START GROUP
LOAD c:/freescale/kds_v3/toolchain/bin/../lib/gcc/arm-none-eabi/4.8.4/armv7e-m/fpu\libgcc.a
LOAD c:/freescale/kds_v3/toolchain/bin/../lib/gcc/arm-none-eabi/4.8.4/../../../../arm-none-eabi/lib/armv7e-m/fpu\libc_s.a
LOAD c:/freescale/kds_v3/toolchain/bin/../lib/gcc/arm-none-eabi/4.8.4/../../../../arm-none-eabi/lib/armv7e-m/fpu\libnosys.a
END GROUP
START GROUP
LOAD c:/freescale/kds_v3/toolchain/bin/../lib/gcc/arm-none-eabi/4.8.4/armv7e-m/fpu\libgcc.a
LOAD c:/freescale/kds_v3/toolchain/bin/../lib/gcc/arm-none-eabi/4.8.4/../../../../arm-none-eabi/lib/armv7e-m/fpu\libc_s.a
LOAD c:/freescale/kds_v3/toolchain/bin/../lib/gcc/arm-none-eabi/4.8.4/../../../../arm-none-eabi/lib/armv7e-m/fpu\libnosys.a
END GROUP
LOAD c:/freescale/kds_v3/toolchain/bin/../lib/gcc/arm-none-eabi/4.8.4/armv7e-m/fpu/crtend.o
LOAD c:/freescale/kds_v3/toolchain/bin/../lib/gcc/arm-none-eabi/4.8.4/armv7e-m/fpu/crtn.o
                0x00000400                HEAP_SIZE = DEFINED (__heap_size__)?__heap_size__:0x400
                0x00000400                STACK_SIZE = DEFINED (__stack_size__)?__stack_size__:0x400

.interrupts     0x00000000      0x400
                0x00000000                __VECTOR_TABLE = .
                0x00000000                . = ALIGN (0x4)
 *(.isr_vector)
 .isr_vector    0x00000000      0x400 ./Project_Settings/Startup_Code/startup_MK64F12.o
                0x00000000                __isr_vector
                0x00000400                . = ALIGN (0x4)

.flash_config   0x00000400       0x10
                0x00000400                . = ALIGN (0x4)
 *(.FlashConfig)
 .FlashConfig   0x00000400       0x10 ./Project_Settings/Startup_Code/startup_MK64F12.o
                0x00000410                . = ALIGN (0x4)

.text           0x00000410     0x764c
                0x00000410                . = ALIGN (0x4)
 *(.text)
 .text          0x00000410       0x54 c:/freescale/kds_v3/toolchain/bin/../lib/gcc/arm-none-eabi/4.8.4/armv7e-m/fpu/crtbegin.o
 .text          0x00000464       0x74 c:/freescale/kds_v3/toolchain/bin/../lib/gcc/arm-none-eabi/4.8.4/../../../../arm-none-eabi/lib/armv7e-m/fpu/crt0.o
                0x00000464                _start
                0x00000464                _mainCRTStartup
 .text          0x000004d8       0x30 ./Project_Settings/Startup_Code/startup_MK64F12.o
                0x000004d8                Reset_Handler
                0x00000504                DebugMon_Handler
                0x00000504                I2C0_IRQHandler
                0x00000504                HardFault_Handler
                0x00000504                SysTick_Handler
                0x00000504                PendSV_Handler
                0x00000504                NMI_Handler
                0x00000504                UART0_RX_TX_IRQHandler
                0x00000504                I2C1_IRQHandler
                0x00000504                DMA2_IRQHandler
                0x00000504                ENET_Error_IRQHandler
                0x00000504                CAN0_Tx_Warning_IRQHandler
                0x00000504                CAN0_ORed_Message_buffer_IRQHandler
                0x00000504                CMP2_IRQHandler
                0x00000504                LLWU_IRQHandler
                0x00000504                ENET_Receive_IRQHandler
                0x00000504                ENET_1588_Timer_IRQHandler
                0x00000504                UART2_RX_TX_IRQHandler
                0x00000504                SWI_IRQHandler
                0x00000504                ADC0_IRQHandler
                0x00000504                UsageFault_Handler
                0x00000504                I2S0_Tx_IRQHandler
                0x00000504                CMT_IRQHandler
                0x00000504                UART4_RX_TX_IRQHandler
                0x00000504                SPI1_IRQHandler
                0x00000504                DefaultISR
                0x00000504                DMA9_IRQHandler
                0x00000504                DMA14_IRQHandler
                0x00000504                CMP1_IRQHandler
                0x00000504                Reserved71_IRQHandler
                0x00000504                PORTD_IRQHandler
                0x00000504                UART4_ERR_IRQHandler
                0x00000504                ADC1_IRQHandler
                0x00000504                I2C2_IRQHandler
                0x00000504                I2S0_Rx_IRQHandler
                0x00000504                DMA5_IRQHandler
                0x00000504                RTC_IRQHandler
                0x00000504                PDB0_IRQHandler
                0x00000504                CAN0_Rx_Warning_IRQHandler
                0x00000504                UART5_RX_TX_IRQHandler
                0x00000504                UART3_ERR_IRQHandler
                0x00000504                SDHC_IRQHandler
                0x00000504                RTC_Seconds_IRQHandler
                0x00000504                MCG_IRQHandler
                0x00000504                FTFE_IRQHandler
                0x00000504                UART2_ERR_IRQHandler
                0x00000504                DMA11_IRQHandler
                0x00000504                UART5_ERR_IRQHandler
                0x00000504                Read_Collision_IRQHandler
                0x00000504                DMA7_IRQHandler
                0x00000504                ENET_Transmit_IRQHandler
                0x00000504                USBDCD_IRQHandler
                0x00000504                USB0_IRQHandler
                0x00000504                SPI2_IRQHandler
                0x00000504                WDOG_EWM_IRQHandler
                0x00000504                MemManage_Handler
                0x00000504                SVC_Handler
                0x00000504                DMA13_IRQHandler
                0x00000504                DMA3_IRQHandler
                0x00000504                UART0_LON_IRQHandler
                0x00000504                RNG_IRQHandler
                0x00000504                DMA0_IRQHandler
                0x00000504                DMA15_IRQHandler
                0x00000504                DAC0_IRQHandler
                0x00000504                CAN0_Error_IRQHandler
                0x00000504                DMA4_IRQHandler
                0x00000504                UART0_ERR_IRQHandler
                0x00000504                DMA_Error_IRQHandler
                0x00000504                LVD_LVW_IRQHandler
                0x00000504                SPI0_IRQHandler
                0x00000504                FTM0_IRQHandler
                0x00000504                PORTA_IRQHandler
                0x00000504                DAC1_IRQHandler
                0x00000504                MCM_IRQHandler
                0x00000504                DMA12_IRQHandler
                0x00000504                CAN0_Bus_Off_IRQHandler
                0x00000504                FTM3_IRQHandler
                0x00000504                PORTE_IRQHandler
                0x00000504                FTM2_IRQHandler
                0x00000504                LPTMR0_IRQHandler
                0x00000504                BusFault_Handler
                0x00000504                DMA8_IRQHandler
                0x00000504                DMA10_IRQHandler
                0x00000504                CAN0_Wake_Up_IRQHandler
                0x00000504                UART1_ERR_IRQHandler
                0x00000504                UART1_RX_TX_IRQHandler
                0x00000504                CMP0_IRQHandler
                0x00000504                PORTC_IRQHandler
                0x00000504                DMA6_IRQHandler
                0x00000504                DMA1_IRQHandler
 .text          0x00000508      0x370 c:/freescale/kds_v3/toolchain/bin/../lib/gcc/arm-none-eabi/4.8.4/armv7e-m/fpu\libgcc.a(_arm_addsubdf3.o)
                0x00000508                __aeabi_drsub
                0x00000510                __aeabi_dsub
                0x00000510                __subdf3
                0x00000514                __aeabi_dadd
                0x00000514                __adddf3
                0x0000078c                __floatunsidf
                0x0000078c                __aeabi_ui2d
                0x000007ac                __floatsidf
                0x000007ac                __aeabi_i2d
                0x000007d0                __aeabi_f2d
                0x000007d0                __extendsfdf2
                0x0000080c                __floatundidf
                0x0000080c                __aeabi_ul2d
                0x0000081c                __floatdidf
                0x0000081c                __aeabi_l2d
 .text          0x00000878      0x424 c:/freescale/kds_v3/toolchain/bin/../lib/gcc/arm-none-eabi/4.8.4/armv7e-m/fpu\libgcc.a(_arm_muldivdf3.o)
                0x00000878                __aeabi_dmul
                0x00000878                __muldf3
                0x00000acc                __divdf3
                0x00000acc                __aeabi_ddiv
 .text          0x00000c9c      0x110 c:/freescale/kds_v3/toolchain/bin/../lib/gcc/arm-none-eabi/4.8.4/armv7e-m/fpu\libgcc.a(_arm_cmpdf2.o)
                0x00000c9c                __gtdf2
                0x00000c9c                __gedf2
                0x00000ca4                __ltdf2
                0x00000ca4                __ledf2
                0x00000cac                __nedf2
                0x00000cac                __eqdf2
                0x00000cac                __cmpdf2
                0x00000d28                __aeabi_cdrcmple
                0x00000d38                __aeabi_cdcmpeq
                0x00000d38                __aeabi_cdcmple
                0x00000d48                __aeabi_dcmpeq
                0x00000d5c                __aeabi_dcmplt
                0x00000d70                __aeabi_dcmple
                0x00000d84                __aeabi_dcmpge
                0x00000d98                __aeabi_dcmpgt
 .text          0x00000dac       0x40 c:/freescale/kds_v3/toolchain/bin/../lib/gcc/arm-none-eabi/4.8.4/armv7e-m/fpu\libgcc.a(_arm_fixunsdfsi.o)
                0x00000dac                __aeabi_d2uiz
                0x00000dac                __fixunsdfsi
 .text          0x00000dec       0xa0 c:/freescale/kds_v3/toolchain/bin/../lib/gcc/arm-none-eabi/4.8.4/armv7e-m/fpu\libgcc.a(_arm_truncdfsf2.o)
                0x00000dec                __truncdfsf2
                0x00000dec                __aeabi_d2f
 *(.text*)
 .text.Stbp_InitSw
                0x00000e8c       0xc0 ./Sources/Utils/stbp.o
                0x00000e8c                Stbp_InitSw
 .text.Stbp_ReceiveByte
                0x00000f4c      0x2e0 ./Sources/Utils/stbp.o
                0x00000f4c                Stbp_ReceiveByte
 .text.Stbp_IsDataToTransmit
                0x0000122c       0x4c ./Sources/Utils/stbp.o
                0x0000122c                Stbp_IsDataToTransmit
 .text.Stbp_GetNextByteToSend
                0x00001278      0x1c0 ./Sources/Utils/stbp.o
                0x00001278                Stbp_GetNextByteToSend
 .text.Stbp_NewMsg
                0x00001438       0x70 ./Sources/Utils/stbp.o
                0x00001438                Stbp_NewMsg
 .text.Stbp_PutUint16
                0x000014a8       0x8c ./Sources/Utils/stbp.o
                0x000014a8                Stbp_PutUint16
 .text.Stbp_PutString
                0x00001534       0x88 ./Sources/Utils/stbp.o
                0x00001534                Stbp_PutString
 .text.Stbp_EncodeMessage
                0x000015bc       0x44 ./Sources/Utils/stbp.o
                0x000015bc                Stbp_EncodeMessage
 .text.Stbp_DecodeMessage
                0x00001600       0x60 ./Sources/Utils/stbp.o
                0x00001600                Stbp_DecodeMessage
 .text.mAccelMagneto_Setup
                0x00001660        0xc ./Sources/Modules/mAccelMagneto.o
                0x00001660                mAccelMagneto_Setup
 .text.mAccelMagneto_Open
                0x0000166c        0xc ./Sources/Modules/mAccelMagneto.o
                0x0000166c                mAccelMagneto_Open
 .text.mAccelMagneto_GetData
                0x00001678      0x140 ./Sources/Modules/mAccelMagneto.o
                0x00001678                mAccelMagneto_GetData
 .text.mAccelMagneto_SetData
                0x000017b8       0xf4 ./Sources/Modules/mAccelMagneto.o
                0x000017b8                mAccelMagneto_SetData
 .text.mAccelMagneto_Init
                0x000018ac      0x14c ./Sources/Modules/mAccelMagneto.o
                0x000018ac                mAccelMagneto_Init
 .text.mAccelMagneto_Accel_Calibration
                0x000019f8      0x17c ./Sources/Modules/mAccelMagneto.o
                0x000019f8                mAccelMagneto_Accel_Calibration
 .text.mAccelMagneto_Mag_Calibration
                0x00001b74      0x2a0 ./Sources/Modules/mAccelMagneto.o
                0x00001b74                mAccelMagneto_Mag_Calibration
 *fill*         0x00001e14        0x4 
 .text.mAccelMagneto_ReadData
                0x00001e18      0x348 ./Sources/Modules/mAccelMagneto.o
                0x00001e18                mAccelMagneto_ReadData
 .text.PORTB_IRQHandler
                0x00002160       0x54 ./Sources/Modules/mAccelMagneto.o
                0x00002160                PORTB_IRQHandler
 .text.mAd_Setup
                0x000021b4       0x14 ./Sources/Modules/mAd.o
                0x000021b4                mAd_Setup
 .text.mAd_Open
                0x000021c8        0xc ./Sources/Modules/mAd.o
                0x000021c8                mAd_Open
 .text.mAd_Read
                0x000021d4      0x10c ./Sources/Modules/mAd.o
                0x000021d4                mAd_Read
 .text.mAd_ReadCamera
                0x000022e0       0x64 ./Sources/Modules/mAd.o
                0x000022e0                mAd_ReadCamera
 .text.mCpu_Setup
                0x00002344        0xc ./Sources/Modules/mCpu.o
                0x00002344                mCpu_Setup
 .text.mDac_Setup
                0x00002350       0x10 ./Sources/Modules/mDac.o
                0x00002350                mDac_Setup
 .text.mDac_Open
                0x00002360        0xc ./Sources/Modules/mDac.o
                0x00002360                mDac_Open
 .text.mDac_SetDac0Output
                0x0000236c       0x1c ./Sources/Modules/mDac.o
                0x0000236c                mDac_SetDac0Output
 .text.mDelay_Setup
                0x00002388       0x14 ./Sources/Modules/mDelay.o
                0x00002388                mDelay_Setup
 .text.mDelay_Open
                0x0000239c        0xc ./Sources/Modules/mDelay.o
                0x0000239c                mDelay_Open
 .text.mDelay_GetDelay
                0x000023a8       0x24 ./Sources/Modules/mDelay.o
                0x000023a8                mDelay_GetDelay
 .text.mDelay_ReStart
                0x000023cc       0x28 ./Sources/Modules/mDelay.o
                0x000023cc                mDelay_ReStart
 .text.mDelay_IsDelayDone
                0x000023f4       0x24 ./Sources/Modules/mDelay.o
                0x000023f4                mDelay_IsDelayDone
 .text.mLeds_Setup
                0x00002418       0x14 ./Sources/Modules/mLeds.o
                0x00002418                mLeds_Setup
 .text.mLeds_Open
                0x0000242c        0xc ./Sources/Modules/mLeds.o
                0x0000242c                mLeds_Open
 .text.mLeds_Toggle
                0x00002438       0x98 ./Sources/Modules/mLeds.o
                0x00002438                mLeds_Toggle
 .text.mRs232_Setup
                0x000024d0        0xc ./Sources/Modules/mRS232.o
                0x000024d0                mRs232_Setup
 .text.mRs232_Open
                0x000024dc        0xc ./Sources/Modules/mRS232.o
                0x000024dc                mRs232_Open
 .text.mRs232_Uart4WriteString
                0x000024e8       0x38 ./Sources/Modules/mRS232.o
                0x000024e8                mRs232_Uart4WriteString
 .text.mSpi_Setup
                0x00002520       0x50 ./Sources/Modules/mSpi.o
                0x00002520                mSpi_Setup
 .text.mSpi_Open
                0x00002570       0x28 ./Sources/Modules/mSpi.o
                0x00002570                mSpi_Open
 .text.mSpi_SP1ReadWrite
                0x00002598       0x68 ./Sources/Modules/mSpi.o
                0x00002598                mSpi_SP1ReadWrite
 .text.mSpi_SP0ReadWrite
                0x00002600       0x68 ./Sources/Modules/mSpi.o
                0x00002600                mSpi_SP0ReadWrite
 .text.mSpi_MLX75306_RXTX
                0x00002668      0x10c ./Sources/Modules/mSpi.o
                0x00002668                mSpi_MLX75306_RXTX
 .text.mSpi_MLX75306_ReadPictureTest
                0x00002774       0xe8 ./Sources/Modules/mSpi.o
                0x00002774                mSpi_MLX75306_ReadPictureTest
 .text.mSpi_MLX75306_Reset
                0x0000285c       0x1c ./Sources/Modules/mSpi.o
                0x0000285c                mSpi_MLX75306_Reset
 .text.mSpi_MLX75306_StartIntegration_old
                0x00002878      0x330 ./Sources/Modules/mSpi.o
                0x00002878                mSpi_MLX75306_StartIntegration_old
 .text.mSwitch_Setup
                0x00002ba8       0x14 ./Sources/Modules/mSwitch.o
                0x00002ba8                mSwitch_Setup
 .text.mSwitch_Open
                0x00002bbc        0xc ./Sources/Modules/mSwitch.o
                0x00002bbc                mSwitch_Open
 .text.mSwitch_ReadSwitch
                0x00002bc8       0x70 ./Sources/Modules/mSwitch.o
                0x00002bc8                mSwitch_ReadSwitch
 .text.mSwitch_ReadPushBut
                0x00002c38       0x40 ./Sources/Modules/mSwitch.o
                0x00002c38                mSwitch_ReadPushBut
 .text.mTimer_Setup
                0x00002c78       0x30 ./Sources/Modules/mTimer.o
                0x00002c78                mTimer_Setup
 .text.mTimer_Open
                0x00002ca8       0x50 ./Sources/Modules/mTimer.o
                0x00002ca8                mTimer_Open
 .text.mTimer_GetSpeed
                0x00002cf8       0x18 ./Sources/Modules/mTimer.o
                0x00002cf8                mTimer_GetSpeed
 .text.mTimer_SetServoDuty
                0x00002d10       0x20 ./Sources/Modules/mTimer.o
                0x00002d10                mTimer_SetServoDuty
 .text.mTimer_SetMotorDuty
                0x00002d30       0x20 ./Sources/Modules/mTimer.o
                0x00002d30                mTimer_SetMotorDuty
 .text.mWifi_Setup
                0x00002d50        0xc ./Sources/Modules/mWifi.o
                0x00002d50                mWifi_Setup
 .text.mWifi_Open
                0x00002d5c      0x138 ./Sources/Modules/mWifi.o
                0x00002d5c                mWifi_Open
 .text.mWifi_WriteString
                0x00002e94       0x38 ./Sources/Modules/mWifi.o
                0x00002e94                mWifi_WriteString
 .text.mWifi_WriteChar
                0x00002ecc       0x28 ./Sources/Modules/mWifi.o
                0x00002ecc                mWifi_WriteChar
 .text.mWifi_SciReadDataFromBuffer
                0x00002ef4       0x30 ./Sources/Modules/mWifi.o
                0x00002ef4                mWifi_SciReadDataFromBuffer
 .text.mWifi_SendCmd
                0x00002f24       0x9c ./Sources/Modules/mWifi.o
                0x00002f24                mWifi_SendCmd
 .text.mRS232_GetReadWifiFrame
                0x00002fc0       0x24 ./Sources/Modules/mWifi.o
                0x00002fc0                mRS232_GetReadWifiFrame
 .text.NVIC_DisableIRQ
                0x00002fe4       0x34 ./Sources/Interfaces/iAd.o
 .text.iAd_Config
                0x00003018       0x40 ./Sources/Interfaces/iAd.o
                0x00003018                iAd_Config
 .text.iAd_GetResult
                0x00003058       0x20 ./Sources/Interfaces/iAd.o
                0x00003058                iAd_GetResult
 .text.iAd_SelectChannel
                0x00003078       0x34 ./Sources/Interfaces/iAd.o
                0x00003078                iAd_SelectChannel
 .text.iAd_GetCompleteConvStatus
                0x000030ac       0x2c ./Sources/Interfaces/iAd.o
                0x000030ac                iAd_GetCompleteConvStatus
 .text.iAd_Cal  0x000030d8      0x15c ./Sources/Interfaces/iAd.o
                0x000030d8                iAd_Cal
 .text.iCpu_PllInit
                0x00003234       0xdc ./Sources/Interfaces/iCpu.o
 .text.iCpu_PinFctCfg
                0x00003310      0x13c ./Sources/Interfaces/iCpu.o
 .text.iCpu_PeriphClkInit
                0x0000344c       0xb8 ./Sources/Interfaces/iCpu.o
 .text.iCpu_VREFInit
                0x00003504       0x48 ./Sources/Interfaces/iCpu.o
 .text.iCpu_SysInit
                0x0000354c       0x28 ./Sources/Interfaces/iCpu.o
                0x0000354c                iCpu_SysInit
 .text.iDac_Config
                0x00003574       0xc8 ./Sources/Interfaces/iDac.o
                0x00003574                iDac_Config
 .text.iDac_SetResetVal
                0x0000363c       0xb0 ./Sources/Interfaces/iDac.o
 *fill*         0x000036ec        0x4 
 .text.iDac_SETDACBUFFER
                0x000036f0       0xd0 ./Sources/Interfaces/iDac.o
                0x000036f0                iDac_SETDACBUFFER
 .text.iDio_SetPortDirection
                0x000037c0       0x94 ./Sources/Interfaces/iDio.o
                0x000037c0                iDio_SetPortDirection
 .text.iDio_SetPort
                0x00003854       0xbc ./Sources/Interfaces/iDio.o
                0x00003854                iDio_SetPort
 .text.iDio_GetPort
                0x00003910       0x88 ./Sources/Interfaces/iDio.o
                0x00003910                iDio_GetPort
 .text.NVIC_EnableIRQ
                0x00003998       0x30 ./Sources/Interfaces/iFlextimer.o
 .text.NVIC_ClearPendingIRQ
                0x000039c8       0x34 ./Sources/Interfaces/iFlextimer.o
 .text.NVIC_SetPriority
                0x000039fc       0x54 ./Sources/Interfaces/iFlextimer.o
 .text.iFlextimer_Config
                0x00003a50      0x24c ./Sources/Interfaces/iFlextimer.o
                0x00003a50                iFlextimer_Config
 .text.iFlextimer_GetSpeed
                0x00003c9c       0x2c ./Sources/Interfaces/iFlextimer.o
                0x00003c9c                iFlextimer_GetSpeed
 .text.FTM1_IRQHandler
                0x00003cc8      0x2a0 ./Sources/Interfaces/iFlextimer.o
                0x00003cc8                FTM1_IRQHandler
 .text.iFlextimer_SetServoDuty
                0x00003f68      0x108 ./Sources/Interfaces/iFlextimer.o
                0x00003f68                iFlextimer_SetServoDuty
 .text.iFlextimer_SetMotorDuty
                0x00004070      0x158 ./Sources/Interfaces/iFlextimer.o
                0x00004070                iFlextimer_SetMotorDuty
 .text.NVIC_EnableIRQ
                0x000041c8       0x30 ./Sources/Interfaces/iI2C.o
 .text.NVIC_ClearPendingIRQ
                0x000041f8       0x34 ./Sources/Interfaces/iI2C.o
 .text.NVIC_SetPriority
                0x0000422c       0x54 ./Sources/Interfaces/iI2C.o
 .text.iI2C_Config
                0x00004280       0x7c ./Sources/Interfaces/iI2C.o
                0x00004280                iI2C_Config
 .text.iI2C_Enable
                0x000042fc       0x20 ./Sources/Interfaces/iI2C.o
                0x000042fc                iI2C_Enable
 .text.iI2C_SetStartState
                0x0000431c       0x20 ./Sources/Interfaces/iI2C.o
                0x0000431c                iI2C_SetStartState
 .text.iI2C_SetRepeatedStartSate
                0x0000433c       0x20 ./Sources/Interfaces/iI2C.o
                0x0000433c                iI2C_SetRepeatedStartSate
 .text.iI2C_SetStopState
                0x0000435c       0x20 ./Sources/Interfaces/iI2C.o
                0x0000435c                iI2C_SetStopState
 .text.iI2C_SetAckMode
                0x0000437c       0x48 ./Sources/Interfaces/iI2C.o
                0x0000437c                iI2C_SetAckMode
 .text.iI2C_TxRxSelect
                0x000043c4       0x48 ./Sources/Interfaces/iI2C.o
                0x000043c4                iI2C_TxRxSelect
 .text.iI2C_SendData
                0x0000440c       0x20 ./Sources/Interfaces/iI2C.o
                0x0000440c                iI2C_SendData
 .text.iI2C_WaitEndOfRxOrTx
                0x0000442c       0x30 ./Sources/Interfaces/iI2C.o
                0x0000442c                iI2C_WaitEndOfRxOrTx
 .text.iI2C_ReadData
                0x0000445c       0x24 ./Sources/Interfaces/iI2C.o
                0x0000445c                iI2C_ReadData
 .text.iI2C_ReadStatus
                0x00004480       0x34 ./Sources/Interfaces/iI2C.o
                0x00004480                iI2C_ReadStatus
 .text.NVIC_EnableIRQ
                0x000044b4       0x30 ./Sources/Interfaces/iPit.o
 .text.NVIC_ClearPendingIRQ
                0x000044e4       0x34 ./Sources/Interfaces/iPit.o
 .text.NVIC_SetPriority
                0x00004518       0x54 ./Sources/Interfaces/iPit.o
 *fill*         0x0000456c        0x4 
 .text.iPit_Config
                0x00004570      0x1e8 ./Sources/Interfaces/iPit.o
                0x00004570                iPit_Config
 .text.iPit_StartPit
                0x00004758       0x78 ./Sources/Interfaces/iPit.o
                0x00004758                iPit_StartPit
 .text.iPit_InitDelay
                0x000047d0       0x90 ./Sources/Interfaces/iPit.o
                0x000047d0                iPit_InitDelay
 .text.iPit_GetDelay
                0x00004860      0x100 ./Sources/Interfaces/iPit.o
                0x00004860                iPit_GetDelay
 .text.iPit_IsDelayDone
                0x00004960       0x40 ./Sources/Interfaces/iPit.o
                0x00004960                iPit_IsDelayDone
 .text.iPit_DelayRelease
                0x000049a0       0x80 ./Sources/Interfaces/iPit.o
                0x000049a0                iPit_DelayRelease
 .text.iPit_ReStart
                0x00004a20       0x84 ./Sources/Interfaces/iPit.o
                0x00004a20                iPit_ReStart
 .text.PIT0_IRQHandler
                0x00004aa4       0xd0 ./Sources/Interfaces/iPit.o
                0x00004aa4                PIT0_IRQHandler
 .text.PIT1_IRQHandler
                0x00004b74       0xdc ./Sources/Interfaces/iPit.o
                0x00004b74                PIT1_IRQHandler
 .text.PIT2_IRQHandler
                0x00004c50       0xdc ./Sources/Interfaces/iPit.o
                0x00004c50                PIT2_IRQHandler
 .text.PIT3_IRQHandler
                0x00004d2c       0xe8 ./Sources/Interfaces/iPit.o
                0x00004d2c                PIT3_IRQHandler
 .text.iSpi_ConfigClockAndPins
                0x00004e14      0x128 ./Sources/Interfaces/iSpi.o
                0x00004e14                iSpi_ConfigClockAndPins
 .text.iSpi_ConfigSPIModule
                0x00004f3c       0x80 ./Sources/Interfaces/iSpi.o
                0x00004f3c                iSpi_ConfigSPIModule
 .text.iSpi_ChangeInactiveCSState
                0x00004fbc       0x9c ./Sources/Interfaces/iSpi.o
                0x00004fbc                iSpi_ChangeInactiveCSState
 .text.iSpi_ConfigClockAndTransfert
                0x00005058      0x104 ./Sources/Interfaces/iSpi.o
                0x00005058                iSpi_ConfigClockAndTransfert
 .text.iSpi_ConfigInterrupAndDMA
                0x0000515c       0x4c ./Sources/Interfaces/iSpi.o
                0x0000515c                iSpi_ConfigInterrupAndDMA
 .text.iSpi_StartTX
                0x000051a8       0x58 ./Sources/Interfaces/iSpi.o
                0x000051a8                iSpi_StartTX
 .text.iSpi_GetStatus
                0x00005200       0x7c ./Sources/Interfaces/iSpi.o
                0x00005200                iSpi_GetStatus
 .text.iSpi_ResetStatus
                0x0000527c       0x5c ./Sources/Interfaces/iSpi.o
                0x0000527c                iSpi_ResetStatus
 .text.iSpi_PushDataIntoFifo
                0x000052d8       0x78 ./Sources/Interfaces/iSpi.o
                0x000052d8                iSpi_PushDataIntoFifo
 .text.iSpi_ReadData
                0x00005350       0x4c ./Sources/Interfaces/iSpi.o
                0x00005350                iSpi_ReadData
 .text.NVIC_EnableIRQ
                0x0000539c       0x30 ./Sources/Interfaces/iUart.o
 .text.NVIC_ClearPendingIRQ
                0x000053cc       0x34 ./Sources/Interfaces/iUart.o
 .text.NVIC_SetPriority
                0x00005400       0x54 ./Sources/Interfaces/iUart.o
 *fill*         0x00005454        0x4 
 .text.iUart_Config
                0x00005458      0x1f0 ./Sources/Interfaces/iUart.o
                0x00005458                iUart_Config
 .text.iUart_GetStatus
                0x00005648       0x34 ./Sources/Interfaces/iUart.o
                0x00005648                iUart_GetStatus
 .text.iUart_SetData
                0x0000567c       0x20 ./Sources/Interfaces/iUart.o
                0x0000567c                iUart_SetData
 .text.iUart_IsBufferEmpty
                0x0000569c       0x30 ./Sources/Interfaces/iUart.o
                0x0000569c                iUart_IsBufferEmpty
 .text.iUart_GetCharFromBuffer
                0x000056cc       0x5c ./Sources/Interfaces/iUart.o
                0x000056cc                iUart_GetCharFromBuffer
 .text.iUart_GetReadWifiFrame
                0x00005728       0x8c ./Sources/Interfaces/iUart.o
                0x00005728                iUart_GetReadWifiFrame
 .text.UART3_RX_TX_IRQHandler
                0x000057b4      0x2d8 ./Sources/Interfaces/iUart.o
                0x000057b4                UART3_RX_TX_IRQHandler
 .text.iUart_Uart4SetData
                0x00005a8c       0x20 ./Sources/Interfaces/iUart.o
                0x00005a8c                iUart_Uart4SetData
 .text.iUart_Uart4GetStatus
                0x00005aac       0x34 ./Sources/Interfaces/iUart.o
                0x00005aac                iUart_Uart4GetStatus
 .text.gCompute_Execute
                0x00005ae0        0xc ./Sources/Applications/gCompute.o
                0x00005ae0                gCompute_Execute
 .text.gInput_Execute
                0x00005aec        0xc ./Sources/Applications/gInput.o
                0x00005aec                gInput_Execute
 .text.gOutput_Execute
                0x00005af8        0xc ./Sources/Applications/gOutput.o
                0x00005af8                gOutput_Execute
 *fill*         0x00005b04        0x4 
 .text.main     0x00005b08      0x440 ./Sources/Applications/main.o
                0x00005b08                main
 .text.stbpSendFrameJava1
                0x00005f48      0x19c ./Sources/Applications/main.o
                0x00005f48                stbpSendFrameJava1
 .text.stbpSendFrameJava2
                0x000060e4      0x19c ./Sources/Applications/main.o
                0x000060e4                stbpSendFrameJava2
 .text.SendDataJava
                0x00006280      0x440 ./Sources/Applications/main.o
                0x00006280                SendDataJava
 .text.ReadDataJava
                0x000066c0       0x94 ./Sources/Applications/main.o
                0x000066c0                ReadDataJava
 .text.InitDataJava
                0x00006754       0x30 ./Sources/Applications/main.o
                0x00006754                InitDataJava
 .text.SystemInit
                0x00006784       0x3c ./Project_Settings/Startup_Code/system_MK64F12.o
                0x00006784                SystemInit
 .text.atan2    0x000067c0        0x4 c:/freescale/kds_v3/toolchain/bin/../lib/gcc/arm-none-eabi/4.8.4/../../../../arm-none-eabi/lib/armv7e-m/fpu\libm.a(lib_a-w_atan2.o)
                0x000067c0                atan2
 .text.sqrt     0x000067c4       0xbc c:/freescale/kds_v3/toolchain/bin/../lib/gcc/arm-none-eabi/4.8.4/../../../../arm-none-eabi/lib/armv7e-m/fpu\libm.a(lib_a-w_sqrt.o)
                0x000067c4                sqrt
 .text.__ieee754_atan2
                0x00006880      0x1e8 c:/freescale/kds_v3/toolchain/bin/../lib/gcc/arm-none-eabi/4.8.4/../../../../arm-none-eabi/lib/armv7e-m/fpu\libm.a(lib_a-e_atan2.o)
                0x00006880                __ieee754_atan2
 .text.__ieee754_sqrt
                0x00006a68      0x198 c:/freescale/kds_v3/toolchain/bin/../lib/gcc/arm-none-eabi/4.8.4/../../../../arm-none-eabi/lib/armv7e-m/fpu\libm.a(lib_a-e_sqrt.o)
                0x00006a68                __ieee754_sqrt
 .text.atan     0x00006c00      0x378 c:/freescale/kds_v3/toolchain/bin/../lib/gcc/arm-none-eabi/4.8.4/../../../../arm-none-eabi/lib/armv7e-m/fpu\libm.a(lib_a-s_atan.o)
                0x00006c00                atan
 .text.fabs     0x00006f78       0x14 c:/freescale/kds_v3/toolchain/bin/../lib/gcc/arm-none-eabi/4.8.4/../../../../arm-none-eabi/lib/armv7e-m/fpu\libm.a(lib_a-s_fabs.o)
                0x00006f78                fabs
 .text.__fpclassifyd
                0x00006f8c       0x54 c:/freescale/kds_v3/toolchain/bin/../lib/gcc/arm-none-eabi/4.8.4/../../../../arm-none-eabi/lib/armv7e-m/fpu\libm.a(lib_a-s_fpclassify.o)
                0x00006f8c                __fpclassifyd
 .text.matherr  0x00006fe0        0x4 c:/freescale/kds_v3/toolchain/bin/../lib/gcc/arm-none-eabi/4.8.4/../../../../arm-none-eabi/lib/armv7e-m/fpu\libm.a(lib_a-s_matherr.o)
                0x00006fe0                matherr
 .text.__errno  0x00006fe4        0xc c:/freescale/kds_v3/toolchain/bin/../lib/gcc/arm-none-eabi/4.8.4/../../../../arm-none-eabi/lib/armv7e-m/fpu\libg_s.a(lib_a-errno.o)
                0x00006fe4                __errno
 .text.exit     0x00006ff0       0x28 c:/freescale/kds_v3/toolchain/bin/../lib/gcc/arm-none-eabi/4.8.4/../../../../arm-none-eabi/lib/armv7e-m/fpu\libg_s.a(lib_a-exit.o)
                0x00006ff0                exit
 .text.__libc_init_array
                0x00007018       0x4c c:/freescale/kds_v3/toolchain/bin/../lib/gcc/arm-none-eabi/4.8.4/../../../../arm-none-eabi/lib/armv7e-m/fpu\libg_s.a(lib_a-init.o)
                0x00007018                __libc_init_array
 .text.memset   0x00007064       0x10 c:/freescale/kds_v3/toolchain/bin/../lib/gcc/arm-none-eabi/4.8.4/../../../../arm-none-eabi/lib/armv7e-m/fpu\libg_s.a(lib_a-memset.o)
                0x00007064                memset
 .text.sprintf  0x00007074       0x48 c:/freescale/kds_v3/toolchain/bin/../lib/gcc/arm-none-eabi/4.8.4/../../../../arm-none-eabi/lib/armv7e-m/fpu\libg_s.a(lib_a-sprintf.o)
                0x00007074                siprintf
                0x00007074                sprintf
 .text.__ssputs_r
                0x000070bc       0xb8 c:/freescale/kds_v3/toolchain/bin/../lib/gcc/arm-none-eabi/4.8.4/../../../../arm-none-eabi/lib/armv7e-m/fpu\libg_s.a(lib_a-svfprintf.o)
                0x000070bc                __ssputs_r
 .text._svfprintf_r
                0x00007174      0x1dc c:/freescale/kds_v3/toolchain/bin/../lib/gcc/arm-none-eabi/4.8.4/../../../../arm-none-eabi/lib/armv7e-m/fpu\libg_s.a(lib_a-svfprintf.o)
                0x00007174                _svfiprintf_r
                0x00007174                _svfprintf_r
 .text._printf_common
                0x00007350       0xe4 c:/freescale/kds_v3/toolchain/bin/../lib/gcc/arm-none-eabi/4.8.4/../../../../arm-none-eabi/lib/armv7e-m/fpu\libg_s.a(lib_a-vfprintf_i.o)
                0x00007350                _printf_common
 .text._printf_i
                0x00007434      0x228 c:/freescale/kds_v3/toolchain/bin/../lib/gcc/arm-none-eabi/4.8.4/../../../../arm-none-eabi/lib/armv7e-m/fpu\libg_s.a(lib_a-vfprintf_i.o)
                0x00007434                _printf_i
 .text.memchr   0x0000765c       0x1e c:/freescale/kds_v3/toolchain/bin/../lib/gcc/arm-none-eabi/4.8.4/../../../../arm-none-eabi/lib/armv7e-m/fpu\libg_s.a(lib_a-memchr-stub.o)
                0x0000765c                memchr
 .text.memcpy   0x0000767a       0x12 c:/freescale/kds_v3/toolchain/bin/../lib/gcc/arm-none-eabi/4.8.4/../../../../arm-none-eabi/lib/armv7e-m/fpu\libg_s.a(lib_a-memcpy-stub.o)
                0x0000767a                memcpy
 .text.memmove  0x0000768c       0x36 c:/freescale/kds_v3/toolchain/bin/../lib/gcc/arm-none-eabi/4.8.4/../../../../arm-none-eabi/lib/armv7e-m/fpu\libg_s.a(lib_a-memmove.o)
                0x0000768c                memmove
 *fill*         0x000076c2        0x2 
 .text._free_r  0x000076c4       0x88 c:/freescale/kds_v3/toolchain/bin/../lib/gcc/arm-none-eabi/4.8.4/../../../../arm-none-eabi/lib/armv7e-m/fpu\libg_s.a(lib_a-nano-freer.o)
                0x000076c4                _free_r
 .text._malloc_r
                0x0000774c       0xa8 c:/freescale/kds_v3/toolchain/bin/../lib/gcc/arm-none-eabi/4.8.4/../../../../arm-none-eabi/lib/armv7e-m/fpu\libg_s.a(lib_a-nano-mallocr.o)
                0x0000774c                _malloc_r
 .text._realloc_r
                0x000077f4       0x4c c:/freescale/kds_v3/toolchain/bin/../lib/gcc/arm-none-eabi/4.8.4/../../../../arm-none-eabi/lib/armv7e-m/fpu\libg_s.a(lib_a-nano-reallocr.o)
                0x000077f4                _realloc_r
 .text._sbrk_r  0x00007840       0x20 c:/freescale/kds_v3/toolchain/bin/../lib/gcc/arm-none-eabi/4.8.4/../../../../arm-none-eabi/lib/armv7e-m/fpu\libg_s.a(lib_a-sbrkr.o)
                0x00007840                _sbrk_r
 .text.strlen   0x00007860       0x10 c:/freescale/kds_v3/toolchain/bin/../lib/gcc/arm-none-eabi/4.8.4/../../../../arm-none-eabi/lib/armv7e-m/fpu\libg_s.a(lib_a-strlen.o)
                0x00007860                strlen
 .text._malloc_usable_size_r
                0x00007870       0x12 c:/freescale/kds_v3/toolchain/bin/../lib/gcc/arm-none-eabi/4.8.4/../../../../arm-none-eabi/lib/armv7e-m/fpu\libg_s.a(lib_a-nano-msizer.o)
                0x00007870                _malloc_usable_size_r
 *fill*         0x00007882        0x2 
 .text._sbrk    0x00007884       0x34 c:/freescale/kds_v3/toolchain/bin/../lib/gcc/arm-none-eabi/4.8.4/../../../../arm-none-eabi/lib/armv7e-m/fpu\libnosys.a(sbrk.o)
                0x00007884                _sbrk
 .text._exit    0x000078b8        0x4 c:/freescale/kds_v3/toolchain/bin/../lib/gcc/arm-none-eabi/4.8.4/../../../../arm-none-eabi/lib/armv7e-m/fpu\libnosys.a(_exit.o)
                0x000078b8                _exit
 *(.rodata)
 .rodata        0x000078bc      0x104 ./Sources/Applications/main.o
 *(.rodata*)
 .rodata.str1.4
                0x000079c0        0x8 c:/freescale/kds_v3/toolchain/bin/../lib/gcc/arm-none-eabi/4.8.4/../../../../arm-none-eabi/lib/armv7e-m/fpu\libm.a(lib_a-w_sqrt.o)
 .rodata.atanlo
                0x000079c8       0x20 c:/freescale/kds_v3/toolchain/bin/../lib/gcc/arm-none-eabi/4.8.4/../../../../arm-none-eabi/lib/armv7e-m/fpu\libm.a(lib_a-s_atan.o)
 .rodata.atanhi
                0x000079e8       0x20 c:/freescale/kds_v3/toolchain/bin/../lib/gcc/arm-none-eabi/4.8.4/../../../../arm-none-eabi/lib/armv7e-m/fpu\libm.a(lib_a-s_atan.o)
 .rodata.str1.1
                0x00007a08        0x2 c:/freescale/kds_v3/toolchain/bin/../lib/gcc/arm-none-eabi/4.8.4/../../../../arm-none-eabi/lib/armv7e-m/fpu\libg_s.a(lib_a-impure.o)
 *fill*         0x00007a0a        0x2 
 .rodata._global_impure_ptr
                0x00007a0c        0x4 c:/freescale/kds_v3/toolchain/bin/../lib/gcc/arm-none-eabi/4.8.4/../../../../arm-none-eabi/lib/armv7e-m/fpu\libg_s.a(lib_a-impure.o)
                0x00007a0c                _global_impure_ptr
 .rodata.str1.1
                0x00007a10       0x11 c:/freescale/kds_v3/toolchain/bin/../lib/gcc/arm-none-eabi/4.8.4/../../../../arm-none-eabi/lib/armv7e-m/fpu\libg_s.a(lib_a-svfprintf.o)
 .rodata.str1.1
                0x00007a21       0x22 c:/freescale/kds_v3/toolchain/bin/../lib/gcc/arm-none-eabi/4.8.4/../../../../arm-none-eabi/lib/armv7e-m/fpu\libg_s.a(lib_a-vfprintf_i.o)
 *(.glue_7)
 .glue_7        0x00000000        0x0 linker stubs
 *(.glue_7t)
 .glue_7t       0x00000000        0x0 linker stubs
 *(.eh_frame)
 *fill*         0x00007a43        0x1 
 .eh_frame      0x00007a44        0x0 c:/freescale/kds_v3/toolchain/bin/../lib/gcc/arm-none-eabi/4.8.4/armv7e-m/fpu/crtbegin.o
 *(.init)
 .init          0x00007a44        0x4 c:/freescale/kds_v3/toolchain/bin/../lib/gcc/arm-none-eabi/4.8.4/armv7e-m/fpu/crti.o
                0x00007a44                _init
 .init          0x00007a48        0x8 c:/freescale/kds_v3/toolchain/bin/../lib/gcc/arm-none-eabi/4.8.4/armv7e-m/fpu/crtn.o
 *(.fini)
 .fini          0x00007a50        0x4 c:/freescale/kds_v3/toolchain/bin/../lib/gcc/arm-none-eabi/4.8.4/armv7e-m/fpu/crti.o
                0x00007a50                _fini
 .fini          0x00007a54        0x8 c:/freescale/kds_v3/toolchain/bin/../lib/gcc/arm-none-eabi/4.8.4/armv7e-m/fpu/crtn.o
                0x00007a5c                . = ALIGN (0x4)

.vfp11_veneer   0x00007a5c        0x0
 .vfp11_veneer  0x00000000        0x0 linker stubs

.v4_bx          0x00007a5c        0x0
 .v4_bx         0x00000000        0x0 linker stubs

.iplt           0x00007a5c        0x0
 .iplt          0x00000000        0x0 c:/freescale/kds_v3/toolchain/bin/../lib/gcc/arm-none-eabi/4.8.4/armv7e-m/fpu/crtbegin.o

.ARM.extab
 *(.ARM.extab* .gnu.linkonce.armextab.*)

.ARM            0x00007a5c        0x8
                0x00007a5c                __exidx_start = .
 *(.ARM.exidx*)
 .ARM.exidx     0x00007a5c        0x8 c:/freescale/kds_v3/toolchain/bin/../lib/gcc/arm-none-eabi/4.8.4/../../../../arm-none-eabi/lib/armv7e-m/fpu/crt0.o
                0x00007a64                __exidx_end = .

.rel.dyn        0x00007a64        0x0
 .rel.iplt      0x00000000        0x0 c:/freescale/kds_v3/toolchain/bin/../lib/gcc/arm-none-eabi/4.8.4/armv7e-m/fpu/crtbegin.o

.ctors          0x00007a64        0x0
                0x00007a64                __CTOR_LIST__ = .
 *crtbegin.o(.ctors)
 *crtbegin?.o(.ctors)
 *(EXCLUDE_FILE(*crtend.o *crtend?.o) .ctors)
 *(SORT(.ctors.*))
 *(.ctors)
                0x00007a64                __CTOR_END__ = .

.dtors          0x00007a64        0x0
                0x00007a64                __DTOR_LIST__ = .
 *crtbegin.o(.dtors)
 *crtbegin?.o(.dtors)
 *(EXCLUDE_FILE(*crtend.o *crtend?.o) .dtors)
 *(SORT(.dtors.*))
 *(.dtors)
                0x00007a64                __DTOR_END__ = .

.preinit_array  0x00007a64        0x0
                0x00007a64                PROVIDE (__preinit_array_start, .)
 *(.preinit_array*)
                0x00007a64                PROVIDE (__preinit_array_end, .)

.init_array     0x00007a64        0x4
                0x00007a64                PROVIDE (__init_array_start, .)
 *(SORT(.init_array.*))
 *(.init_array*)
 .init_array    0x00007a64        0x4 c:/freescale/kds_v3/toolchain/bin/../lib/gcc/arm-none-eabi/4.8.4/armv7e-m/fpu/crtbegin.o
                0x00007a68                PROVIDE (__init_array_end, .)

.fini_array     0x00007a68        0x4
                0x00007a68                PROVIDE (__fini_array_start, .)
 *(SORT(.fini_array.*))
 *(.fini_array*)
 .fini_array    0x00007a68        0x4 c:/freescale/kds_v3/toolchain/bin/../lib/gcc/arm-none-eabi/4.8.4/armv7e-m/fpu/crtbegin.o
                0x00007a6c                PROVIDE (__fini_array_end, .)
                0x00007a6c                __etext = .
                0x00007a6c                __DATA_ROM = .

.data           0x1fff0000       0xe0 load address 0x00007a6c
                0x1fff0000                . = ALIGN (0x4)
                0x1fff0000                __DATA_RAM = .
                0x1fff0000                __data_start__ = .
 *(.data)
 *(.data*)
 .data.sMyCommPtr
                0x1fff0000        0x4 ./Sources/Applications/main.o
 .data.sTxMsgBufferPtr
                0x1fff0004        0x4 ./Sources/Applications/main.o
                0x1fff0004                sTxMsgBufferPtr
 .data.sFrameRxWifiPtr
                0x1fff0008        0x4 ./Sources/Applications/main.o
 .data.sSinusTab
                0x1fff000c       0x64 ./Sources/Applications/main.o
 .data.sSocketOpen.6997
                0x1fff0070        0x4 ./Sources/Applications/main.o
 .data.sIntTime.6993
                0x1fff0074        0x2 ./Sources/Applications/main.o
 .data.__fdlib_version
                0x1fff0076        0x1 c:/freescale/kds_v3/toolchain/bin/../lib/gcc/arm-none-eabi/4.8.4/../../../../arm-none-eabi/lib/armv7e-m/fpu\libm.a(lib_a-s_lib_ver.o)
                0x1fff0076                __fdlib_version
 *fill*         0x1fff0077        0x1 
 .data.impure_data
                0x1fff0078       0x60 c:/freescale/kds_v3/toolchain/bin/../lib/gcc/arm-none-eabi/4.8.4/../../../../arm-none-eabi/lib/armv7e-m/fpu\libg_s.a(lib_a-impure.o)
 .data._impure_ptr
                0x1fff00d8        0x4 c:/freescale/kds_v3/toolchain/bin/../lib/gcc/arm-none-eabi/4.8.4/../../../../arm-none-eabi/lib/armv7e-m/fpu\libg_s.a(lib_a-impure.o)
                0x1fff00d8                _impure_ptr
 *(.jcr*)
 .jcr           0x1fff00dc        0x0 c:/freescale/kds_v3/toolchain/bin/../lib/gcc/arm-none-eabi/4.8.4/armv7e-m/fpu/crtbegin.o
 .jcr           0x1fff00dc        0x4 c:/freescale/kds_v3/toolchain/bin/../lib/gcc/arm-none-eabi/4.8.4/armv7e-m/fpu/crtend.o
                0x1fff00e0                . = ALIGN (0x4)
                0x1fff00e0                __data_end__ = .
                0x00007b4c                __DATA_END = (__DATA_ROM + (__data_end__ - __data_start__))

.igot.plt       0x1fff00e0        0x0 load address 0x00007b4c
 .igot.plt      0x00000000        0x0 c:/freescale/kds_v3/toolchain/bin/../lib/gcc/arm-none-eabi/4.8.4/armv7e-m/fpu/crtbegin.o

.bss            0x1fff00e0     0x2850 load address 0x00007b4c
                0x1fff00e0                . = ALIGN (0x4)
                0x1fff00e0                __START_BSS = .
                0x1fff00e0                __bss_start__ = .
 *(.bss)
 .bss           0x1fff00e0       0x1c c:/freescale/kds_v3/toolchain/bin/../lib/gcc/arm-none-eabi/4.8.4/armv7e-m/fpu/crtbegin.o
 *(.bss*)
 .bss.m_bIsBigEndian
                0x1fff00fc        0x4 ./Sources/Utils/stbp.o
 .bss.sDataReady
                0x1fff0100        0x1 ./Sources/Modules/mAccelMagneto.o
 *fill*         0x1fff0101        0x3 
 .bss.AccelMagData
                0x1fff0104        0xc ./Sources/Modules/mAccelMagneto.o
 .bss.Xout_Accel_14_bit
                0x1fff0110        0x2 ./Sources/Modules/mAccelMagneto.o
 .bss.Yout_Accel_14_bit
                0x1fff0112        0x2 ./Sources/Modules/mAccelMagneto.o
 .bss.Zout_Accel_14_bit
                0x1fff0114        0x2 ./Sources/Modules/mAccelMagneto.o
 *fill*         0x1fff0116        0x2 
 .bss.Xout_g    0x1fff0118        0x4 ./Sources/Modules/mAccelMagneto.o
 .bss.Yout_g    0x1fff011c        0x4 ./Sources/Modules/mAccelMagneto.o
 .bss.Zout_g    0x1fff0120        0x4 ./Sources/Modules/mAccelMagneto.o
 .bss.Xout_Mag_16_bit
                0x1fff0124        0x2 ./Sources/Modules/mAccelMagneto.o
 .bss.Yout_Mag_16_bit
                0x1fff0126        0x2 ./Sources/Modules/mAccelMagneto.o
 .bss.Zout_Mag_16_bit
                0x1fff0128        0x2 ./Sources/Modules/mAccelMagneto.o
 *fill*         0x1fff012a        0x2 
 .bss.Xout_uT   0x1fff012c        0x4 ./Sources/Modules/mAccelMagneto.o
 .bss.Yout_uT   0x1fff0130        0x4 ./Sources/Modules/mAccelMagneto.o
 .bss.Zout_uT   0x1fff0134        0x4 ./Sources/Modules/mAccelMagneto.o
 .bss.pState.4072
                0x1fff0138        0x1 ./Sources/Modules/mLeds.o
 *fill*         0x1fff0139        0x3 
 .bss.sAnswDataTab
                0x1fff013c      0x1f4 ./Sources/Modules/mWifi.o
 .bss.sSendDelayNb.4166
                0x1fff0330        0x2 ./Sources/Modules/mWifi.o
 *fill*         0x1fff0332        0x2 
 .bss.aFrame.4173
                0x1fff0334        0x4 ./Sources/Modules/mWifi.o
 .bss.sOldTimerValueChL
                0x1fff0338        0x2 ./Sources/Interfaces/iFlextimer.o
 *fill*         0x1fff033a        0x2 
 .bss.sDeltaChL
                0x1fff033c        0x4 ./Sources/Interfaces/iFlextimer.o
 .bss.sOldTimerValueChR
                0x1fff0340        0x2 ./Sources/Interfaces/iFlextimer.o
 *fill*         0x1fff0342        0x2 
 .bss.sDeltaChR
                0x1fff0344        0x4 ./Sources/Interfaces/iFlextimer.o
 .bss.sSpeedLeft
                0x1fff0348        0x4 ./Sources/Interfaces/iFlextimer.o
 .bss.sSpeedRight
                0x1fff034c        0x4 ./Sources/Interfaces/iFlextimer.o
 .bss.sOverFlowCounterL
                0x1fff0350        0x4 ./Sources/Interfaces/iFlextimer.o
 .bss.sOverFlowCounterR
                0x1fff0354        0x4 ./Sources/Interfaces/iFlextimer.o
 .bss.sDly      0x1fff0358      0x168 ./Sources/Interfaces/iPit.o
 .bss.aTmp.5845
                0x1fff04c0        0x4 ./Sources/Interfaces/iPit.o
 .bss.sSciRecBufStruct
                0x1fff04c4      0x100 ./Sources/Interfaces/iUart.o
 .bss.sReadWifiState
                0x1fff05c4        0x1 ./Sources/Interfaces/iUart.o
 *fill*         0x1fff05c5        0x3 
 .bss.sReadFrame
                0x1fff05c8     0x17e8 ./Sources/Interfaces/iUart.o
 .bss.sReadFrameInIndex
                0x1fff1db0        0x2 ./Sources/Interfaces/iUart.o
 .bss.sReadFrameOutIndex
                0x1fff1db2        0x2 ./Sources/Interfaces/iUart.o
 .bss.sReadFrameCounter
                0x1fff1db4        0x2 ./Sources/Interfaces/iUart.o
 *fill*         0x1fff1db6        0x2 
 .bss.aFramePtr.5901
                0x1fff1db8        0x4 ./Sources/Interfaces/iUart.o
 .bss.sStatus.5906
                0x1fff1dbc        0x1 ./Sources/Interfaces/iUart.o
 *fill*         0x1fff1dbd        0x3 
 .bss.sImageTabTest
                0x1fff1dc0      0x190 ./Sources/Applications/main.o
 .bss.sAccel    0x1fff1f50        0xc ./Sources/Applications/main.o
 .bss.sMagneto  0x1fff1f5c        0xc ./Sources/Applications/main.o
 .bss.sMyComm   0x1fff1f68       0x40 ./Sources/Applications/main.o
 .bss.sMyCommRxBuffer
                0x1fff1fa8      0x1f4 ./Sources/Applications/main.o
 .bss.sMyCommTxBuffer
                0x1fff219c      0x1f4 ./Sources/Applications/main.o
 .bss.sNumberOfTransferredBytes
                0x1fff2390        0x2 ./Sources/Applications/main.o
 *fill*         0x1fff2392        0x2 
 .bss.sTxMsgBuffer
                0x1fff2394      0x3e8 ./Sources/Applications/main.o
                0x1fff2394                sTxMsgBuffer
 .bss.sFrameRxWifi
                0x1fff277c       0x60 ./Sources/Applications/main.o
 .bss.sDlyJava  0x1fff27dc        0x2 ./Sources/Applications/main.o
 *fill*         0x1fff27de        0x2 
 .bss.sFrameTxJava1
                0x1fff27e0       0x40 ./Sources/Applications/main.o
 .bss.sFrameTxJava2
                0x1fff2820       0xd0 ./Sources/Applications/main.o
 .bss.sCounterRxFrame
                0x1fff28f0        0x4 ./Sources/Applications/main.o
                0x1fff28f0                sCounterRxFrame
 .bss.sDly.6986
                0x1fff28f4        0x2 ./Sources/Applications/main.o
 *fill*         0x1fff28f6        0x2 
 .bss.OldSw1.6994
                0x1fff28f8        0x4 ./Sources/Applications/main.o
 .bss.OldSw2.6995
                0x1fff28fc        0x4 ./Sources/Applications/main.o
 .bss.sLedOn1.7089
                0x1fff2900        0x4 ./Sources/Applications/main.o
 .bss.sSinIndex.7090
                0x1fff2904        0x1 ./Sources/Applications/main.o
 *fill*         0x1fff2905        0x3 
 .bss.aReadFrame.7099
                0x1fff2908        0x4 ./Sources/Applications/main.o
 .bss.__malloc_sbrk_start
                0x1fff290c        0x4 c:/freescale/kds_v3/toolchain/bin/../lib/gcc/arm-none-eabi/4.8.4/../../../../arm-none-eabi/lib/armv7e-m/fpu\libg_s.a(lib_a-nano-mallocr.o)
                0x1fff290c                __malloc_sbrk_start
 .bss.__malloc_free_list
                0x1fff2910        0x4 c:/freescale/kds_v3/toolchain/bin/../lib/gcc/arm-none-eabi/4.8.4/../../../../arm-none-eabi/lib/armv7e-m/fpu\libg_s.a(lib_a-nano-mallocr.o)
                0x1fff2910                __malloc_free_list
 .bss.heap_end.4246
                0x1fff2914        0x4 c:/freescale/kds_v3/toolchain/bin/../lib/gcc/arm-none-eabi/4.8.4/../../../../arm-none-eabi/lib/armv7e-m/fpu\libnosys.a(sbrk.o)
 *(COMMON)
 COMMON         0x1fff2918       0x14 ./Sources/Applications/main.o
                0x1fff2918                sPitch
                0x1fff291c                sRoll
                0x1fff2920                sSpeedMotLeft
                0x1fff2924                sYaw
                0x1fff2928                sSpeedMotRight
 COMMON         0x1fff292c        0x4 c:/freescale/kds_v3/toolchain/bin/../lib/gcc/arm-none-eabi/4.8.4/../../../../arm-none-eabi/lib/armv7e-m/fpu\libg_s.a(lib_a-reent.o)
                0x1fff292c                errno
                0x1fff2930                . = ALIGN (0x4)
                0x1fff2930                __bss_end__ = .
                0x1fff2930                __END_BSS = .

.heap           0x20000000      0x400
                0x20000000                . = ALIGN (0x8)
                0x20000000                __end__ = .
                0x20000000                PROVIDE (end, .)
                0x20000000                __HeapBase = .
                0x20000400                . = (. + HEAP_SIZE)
 *fill*         0x20000000      0x400 
                0x20000400                __HeapLimit = .

.stack          0x20000400      0x400
                0x20000400                . = ALIGN (0x8)
                0x20000800                . = (. + STACK_SIZE)
 *fill*         0x20000400      0x400 
                0x20030000                __StackTop = (ORIGIN (m_data_2) + 0x30000)
                0x2002fc00                __StackLimit = (__StackTop - STACK_SIZE)
                0x20030000                PROVIDE (__stack, __StackTop)

.ARM.attributes
                0x00000000       0x30
 *(.ARM.attributes)
 .ARM.attributes
                0x00000000       0x22 c:/freescale/kds_v3/toolchain/bin/../lib/gcc/arm-none-eabi/4.8.4/armv7e-m/fpu/crti.o
 .ARM.attributes
                0x00000022       0x34 c:/freescale/kds_v3/toolchain/bin/../lib/gcc/arm-none-eabi/4.8.4/armv7e-m/fpu/crtbegin.o
 .ARM.attributes
                0x00000056       0x20 c:/freescale/kds_v3/toolchain/bin/../lib/gcc/arm-none-eabi/4.8.4/../../../../arm-none-eabi/lib/armv7e-m/fpu/crt0.o
 .ARM.attributes
                0x00000076       0x39 ./Sources/Utils/stbp.o
 .ARM.attributes
                0x000000af       0x39 ./Sources/Modules/mAccelMagneto.o
 .ARM.attributes
                0x000000e8       0x39 ./Sources/Modules/mAd.o
 .ARM.attributes
                0x00000121       0x39 ./Sources/Modules/mCpu.o
 .ARM.attributes
                0x0000015a       0x39 ./Sources/Modules/mDac.o
 .ARM.attributes
                0x00000193       0x39 ./Sources/Modules/mDelay.o
 .ARM.attributes
                0x000001cc       0x39 ./Sources/Modules/mLeds.o
 .ARM.attributes
                0x00000205       0x39 ./Sources/Modules/mRS232.o
 .ARM.attributes
                0x0000023e       0x39 ./Sources/Modules/mSpi.o
 .ARM.attributes
                0x00000277       0x39 ./Sources/Modules/mSwitch.o
 .ARM.attributes
                0x000002b0       0x39 ./Sources/Modules/mTimer.o
 .ARM.attributes
                0x000002e9       0x39 ./Sources/Modules/mWifi.o
 .ARM.attributes
                0x00000322       0x39 ./Sources/Interfaces/iAd.o
 .ARM.attributes
                0x0000035b       0x39 ./Sources/Interfaces/iCpu.o
 .ARM.attributes
                0x00000394       0x39 ./Sources/Interfaces/iDac.o
 .ARM.attributes
                0x000003cd       0x39 ./Sources/Interfaces/iDio.o
 .ARM.attributes
                0x00000406       0x39 ./Sources/Interfaces/iFlextimer.o
 .ARM.attributes
                0x0000043f       0x39 ./Sources/Interfaces/iI2C.o
 .ARM.attributes
                0x00000478       0x39 ./Sources/Interfaces/iPit.o
 .ARM.attributes
                0x000004b1       0x39 ./Sources/Interfaces/iSpi.o
 .ARM.attributes
                0x000004ea       0x39 ./Sources/Interfaces/iUart.o
 .ARM.attributes
                0x00000523       0x39 ./Sources/Applications/gCompute.o
 .ARM.attributes
                0x0000055c       0x39 ./Sources/Applications/gInput.o
 .ARM.attributes
                0x00000595       0x39 ./Sources/Applications/gOutput.o
 .ARM.attributes
                0x000005ce       0x39 ./Sources/Applications/main.o
 .ARM.attributes
                0x00000607       0x1f ./Project_Settings/Startup_Code/startup_MK64F12.o
 .ARM.attributes
                0x00000626       0x39 ./Project_Settings/Startup_Code/system_MK64F12.o
 .ARM.attributes
                0x0000065f       0x34 c:/freescale/kds_v3/toolchain/bin/../lib/gcc/arm-none-eabi/4.8.4/../../../../arm-none-eabi/lib/armv7e-m/fpu\libm.a(lib_a-w_atan2.o)
 .ARM.attributes
                0x00000693       0x34 c:/freescale/kds_v3/toolchain/bin/../lib/gcc/arm-none-eabi/4.8.4/../../../../arm-none-eabi/lib/armv7e-m/fpu\libm.a(lib_a-w_sqrt.o)
 .ARM.attributes
                0x000006c7       0x34 c:/freescale/kds_v3/toolchain/bin/../lib/gcc/arm-none-eabi/4.8.4/../../../../arm-none-eabi/lib/armv7e-m/fpu\libm.a(lib_a-e_atan2.o)
 .ARM.attributes
                0x000006fb       0x34 c:/freescale/kds_v3/toolchain/bin/../lib/gcc/arm-none-eabi/4.8.4/../../../../arm-none-eabi/lib/armv7e-m/fpu\libm.a(lib_a-e_sqrt.o)
 .ARM.attributes
                0x0000072f       0x34 c:/freescale/kds_v3/toolchain/bin/../lib/gcc/arm-none-eabi/4.8.4/../../../../arm-none-eabi/lib/armv7e-m/fpu\libm.a(lib_a-s_atan.o)
 .ARM.attributes
                0x00000763       0x34 c:/freescale/kds_v3/toolchain/bin/../lib/gcc/arm-none-eabi/4.8.4/../../../../arm-none-eabi/lib/armv7e-m/fpu\libm.a(lib_a-s_fabs.o)
 .ARM.attributes
                0x00000797       0x34 c:/freescale/kds_v3/toolchain/bin/../lib/gcc/arm-none-eabi/4.8.4/../../../../arm-none-eabi/lib/armv7e-m/fpu\libm.a(lib_a-s_fpclassify.o)
 .ARM.attributes
                0x000007cb       0x34 c:/freescale/kds_v3/toolchain/bin/../lib/gcc/arm-none-eabi/4.8.4/../../../../arm-none-eabi/lib/armv7e-m/fpu\libm.a(lib_a-s_lib_ver.o)
 .ARM.attributes
                0x000007ff       0x34 c:/freescale/kds_v3/toolchain/bin/../lib/gcc/arm-none-eabi/4.8.4/../../../../arm-none-eabi/lib/armv7e-m/fpu\libm.a(lib_a-s_matherr.o)
 .ARM.attributes
                0x00000833       0x22 c:/freescale/kds_v3/toolchain/bin/../lib/gcc/arm-none-eabi/4.8.4/armv7e-m/fpu\libgcc.a(_arm_addsubdf3.o)
 .ARM.attributes
                0x00000855       0x22 c:/freescale/kds_v3/toolchain/bin/../lib/gcc/arm-none-eabi/4.8.4/armv7e-m/fpu\libgcc.a(_arm_muldivdf3.o)
 .ARM.attributes
                0x00000877       0x22 c:/freescale/kds_v3/toolchain/bin/../lib/gcc/arm-none-eabi/4.8.4/armv7e-m/fpu\libgcc.a(_arm_cmpdf2.o)
 .ARM.attributes
                0x00000899       0x22 c:/freescale/kds_v3/toolchain/bin/../lib/gcc/arm-none-eabi/4.8.4/armv7e-m/fpu\libgcc.a(_arm_fixunsdfsi.o)
 .ARM.attributes
                0x000008bb       0x22 c:/freescale/kds_v3/toolchain/bin/../lib/gcc/arm-none-eabi/4.8.4/armv7e-m/fpu\libgcc.a(_arm_truncdfsf2.o)
 .ARM.attributes
                0x000008dd       0x34 c:/freescale/kds_v3/toolchain/bin/../lib/gcc/arm-none-eabi/4.8.4/../../../../arm-none-eabi/lib/armv7e-m/fpu\libg_s.a(lib_a-errno.o)
 .ARM.attributes
                0x00000911       0x34 c:/freescale/kds_v3/toolchain/bin/../lib/gcc/arm-none-eabi/4.8.4/../../../../arm-none-eabi/lib/armv7e-m/fpu\libg_s.a(lib_a-exit.o)
 .ARM.attributes
                0x00000945       0x34 c:/freescale/kds_v3/toolchain/bin/../lib/gcc/arm-none-eabi/4.8.4/../../../../arm-none-eabi/lib/armv7e-m/fpu\libg_s.a(lib_a-impure.o)
 .ARM.attributes
                0x00000979       0x34 c:/freescale/kds_v3/toolchain/bin/../lib/gcc/arm-none-eabi/4.8.4/../../../../arm-none-eabi/lib/armv7e-m/fpu\libg_s.a(lib_a-init.o)
 .ARM.attributes
                0x000009ad       0x34 c:/freescale/kds_v3/toolchain/bin/../lib/gcc/arm-none-eabi/4.8.4/../../../../arm-none-eabi/lib/armv7e-m/fpu\libg_s.a(lib_a-memset.o)
 .ARM.attributes
                0x000009e1       0x34 c:/freescale/kds_v3/toolchain/bin/../lib/gcc/arm-none-eabi/4.8.4/../../../../arm-none-eabi/lib/armv7e-m/fpu\libg_s.a(lib_a-sprintf.o)
 .ARM.attributes
                0x00000a15       0x34 c:/freescale/kds_v3/toolchain/bin/../lib/gcc/arm-none-eabi/4.8.4/../../../../arm-none-eabi/lib/armv7e-m/fpu\libg_s.a(lib_a-svfprintf.o)
 .ARM.attributes
                0x00000a49       0x34 c:/freescale/kds_v3/toolchain/bin/../lib/gcc/arm-none-eabi/4.8.4/../../../../arm-none-eabi/lib/armv7e-m/fpu\libg_s.a(lib_a-vfprintf_i.o)
 .ARM.attributes
                0x00000a7d       0x34 c:/freescale/kds_v3/toolchain/bin/../lib/gcc/arm-none-eabi/4.8.4/../../../../arm-none-eabi/lib/armv7e-m/fpu\libg_s.a(lib_a-memchr-stub.o)
 .ARM.attributes
                0x00000ab1       0x34 c:/freescale/kds_v3/toolchain/bin/../lib/gcc/arm-none-eabi/4.8.4/../../../../arm-none-eabi/lib/armv7e-m/fpu\libg_s.a(lib_a-memcpy-stub.o)
 .ARM.attributes
                0x00000ae5       0x34 c:/freescale/kds_v3/toolchain/bin/../lib/gcc/arm-none-eabi/4.8.4/../../../../arm-none-eabi/lib/armv7e-m/fpu\libg_s.a(lib_a-memmove.o)
 .ARM.attributes
                0x00000b19       0x34 c:/freescale/kds_v3/toolchain/bin/../lib/gcc/arm-none-eabi/4.8.4/../../../../arm-none-eabi/lib/armv7e-m/fpu\libg_s.a(lib_a-nano-freer.o)
 .ARM.attributes
                0x00000b4d       0x34 c:/freescale/kds_v3/toolchain/bin/../lib/gcc/arm-none-eabi/4.8.4/../../../../arm-none-eabi/lib/armv7e-m/fpu\libg_s.a(lib_a-nano-mallocr.o)
 .ARM.attributes
                0x00000b81       0x34 c:/freescale/kds_v3/toolchain/bin/../lib/gcc/arm-none-eabi/4.8.4/../../../../arm-none-eabi/lib/armv7e-m/fpu\libg_s.a(lib_a-nano-reallocr.o)
 .ARM.attributes
                0x00000bb5       0x34 c:/freescale/kds_v3/toolchain/bin/../lib/gcc/arm-none-eabi/4.8.4/../../../../arm-none-eabi/lib/armv7e-m/fpu\libg_s.a(lib_a-sbrkr.o)
 .ARM.attributes
                0x00000be9       0x34 c:/freescale/kds_v3/toolchain/bin/../lib/gcc/arm-none-eabi/4.8.4/../../../../arm-none-eabi/lib/armv7e-m/fpu\libg_s.a(lib_a-strlen.o)
 .ARM.attributes
                0x00000c1d       0x34 c:/freescale/kds_v3/toolchain/bin/../lib/gcc/arm-none-eabi/4.8.4/../../../../arm-none-eabi/lib/armv7e-m/fpu\libg_s.a(lib_a-nano-msizer.o)
 .ARM.attributes
                0x00000c51       0x34 c:/freescale/kds_v3/toolchain/bin/../lib/gcc/arm-none-eabi/4.8.4/../../../../arm-none-eabi/lib/armv7e-m/fpu\libg_s.a(lib_a-reent.o)
 .ARM.attributes
                0x00000c85       0x34 c:/freescale/kds_v3/toolchain/bin/../lib/gcc/arm-none-eabi/4.8.4/../../../../arm-none-eabi/lib/armv7e-m/fpu\libnosys.a(sbrk.o)
 .ARM.attributes
                0x00000cb9       0x34 c:/freescale/kds_v3/toolchain/bin/../lib/gcc/arm-none-eabi/4.8.4/../../../../arm-none-eabi/lib/armv7e-m/fpu\libnosys.a(_exit.o)
 .ARM.attributes
                0x00000ced       0x34 c:/freescale/kds_v3/toolchain/bin/../lib/gcc/arm-none-eabi/4.8.4/armv7e-m/fpu/crtend.o
 .ARM.attributes
                0x00000d21       0x22 c:/freescale/kds_v3/toolchain/bin/../lib/gcc/arm-none-eabi/4.8.4/armv7e-m/fpu/crtn.o
                0x00000001                ASSERT ((__StackLimit >= __HeapLimit), region m_data_2 overflowed with stack and heap)
OUTPUT(Freescale Cup 16-17.elf elf32-littlearm)

.debug_info     0x00000000     0x9193
 .debug_info    0x00000000      0xc1a ./Sources/Utils/stbp.o
 .debug_info    0x00000c1a      0x6b0 ./Sources/Modules/mAccelMagneto.o
 .debug_info    0x000012ca      0x1d1 ./Sources/Modules/mAd.o
 .debug_info    0x0000149b       0x7a ./Sources/Modules/mCpu.o
 .debug_info    0x00001515       0xe0 ./Sources/Modules/mDac.o
 .debug_info    0x000015f5      0x1c3 ./Sources/Modules/mDelay.o
 .debug_info    0x000017b8      0x2ce ./Sources/Modules/mLeds.o
 .debug_info    0x00001a86      0x12c ./Sources/Modules/mRS232.o
 .debug_info    0x00001bb2      0x5c0 ./Sources/Modules/mSpi.o
 .debug_info    0x00002172      0x297 ./Sources/Modules/mSwitch.o
 .debug_info    0x00002409      0x303 ./Sources/Modules/mTimer.o
 .debug_info    0x0000270c      0x465 ./Sources/Modules/mWifi.o
 .debug_info    0x00002b71      0x791 ./Sources/Interfaces/iAd.o
 .debug_info    0x00003302      0x643 ./Sources/Interfaces/iCpu.o
 .debug_info    0x00003945      0x48f ./Sources/Interfaces/iDac.o
 .debug_info    0x00003dd4      0x3cf ./Sources/Interfaces/iDio.o
 .debug_info    0x000041a3      0xd2a ./Sources/Interfaces/iFlextimer.o
 .debug_info    0x00004ecd      0xb59 ./Sources/Interfaces/iI2C.o
 .debug_info    0x00005a26      0xc2b ./Sources/Interfaces/iPit.o
 .debug_info    0x00006651      0xa37 ./Sources/Interfaces/iSpi.o
 .debug_info    0x00007088      0xc78 ./Sources/Interfaces/iUart.o
 .debug_info    0x00007d00       0x8b ./Sources/Applications/gCompute.o
 .debug_info    0x00007d8b       0x8b ./Sources/Applications/gInput.o
 .debug_info    0x00007e16       0x8b ./Sources/Applications/gOutput.o
 .debug_info    0x00007ea1      0xc58 ./Sources/Applications/main.o
 .debug_info    0x00008af9       0x91 ./Project_Settings/Startup_Code/startup_MK64F12.o
 .debug_info    0x00008b8a      0x609 ./Project_Settings/Startup_Code/system_MK64F12.o

.debug_abbrev   0x00000000     0x1dfb
 .debug_abbrev  0x00000000      0x196 ./Sources/Utils/stbp.o
 .debug_abbrev  0x00000196      0x1b3 ./Sources/Modules/mAccelMagneto.o
 .debug_abbrev  0x00000349       0xd4 ./Sources/Modules/mAd.o
 .debug_abbrev  0x0000041d       0x45 ./Sources/Modules/mCpu.o
 .debug_abbrev  0x00000462       0x9c ./Sources/Modules/mDac.o
 .debug_abbrev  0x000004fe       0xdf ./Sources/Modules/mDelay.o
 .debug_abbrev  0x000005dd       0xd0 ./Sources/Modules/mLeds.o
 .debug_abbrev  0x000006ad       0xb2 ./Sources/Modules/mRS232.o
 .debug_abbrev  0x0000075f      0x18a ./Sources/Modules/mSpi.o
 .debug_abbrev  0x000008e9       0xd4 ./Sources/Modules/mSwitch.o
 .debug_abbrev  0x000009bd       0xcc ./Sources/Modules/mTimer.o
 .debug_abbrev  0x00000a89      0x132 ./Sources/Modules/mWifi.o
 .debug_abbrev  0x00000bbb      0x19c ./Sources/Interfaces/iAd.o
 .debug_abbrev  0x00000d57      0x126 ./Sources/Interfaces/iCpu.o
 .debug_abbrev  0x00000e7d      0x160 ./Sources/Interfaces/iDac.o
 .debug_abbrev  0x00000fdd       0xf5 ./Sources/Interfaces/iDio.o
 .debug_abbrev  0x000010d2      0x189 ./Sources/Interfaces/iFlextimer.o
 .debug_abbrev  0x0000125b      0x1a7 ./Sources/Interfaces/iI2C.o
 .debug_abbrev  0x00001402      0x1f4 ./Sources/Interfaces/iPit.o
 .debug_abbrev  0x000015f6      0x1ce ./Sources/Interfaces/iSpi.o
 .debug_abbrev  0x000017c4      0x24b ./Sources/Interfaces/iUart.o
 .debug_abbrev  0x00001a0f       0x45 ./Sources/Applications/gCompute.o
 .debug_abbrev  0x00001a54       0x45 ./Sources/Applications/gInput.o
 .debug_abbrev  0x00001a99       0x45 ./Sources/Applications/gOutput.o
 .debug_abbrev  0x00001ade      0x1ef ./Sources/Applications/main.o
 .debug_abbrev  0x00001ccd       0x14 ./Project_Settings/Startup_Code/startup_MK64F12.o
 .debug_abbrev  0x00001ce1      0x11a ./Project_Settings/Startup_Code/system_MK64F12.o

.debug_aranges  0x00000000      0x8c0
 .debug_aranges
                0x00000000       0xe8 ./Sources/Utils/stbp.o
 .debug_aranges
                0x000000e8       0x70 ./Sources/Modules/mAccelMagneto.o
 .debug_aranges
                0x00000158       0x40 ./Sources/Modules/mAd.o
 .debug_aranges
                0x00000198       0x20 ./Sources/Modules/mCpu.o
 .debug_aranges
                0x000001b8       0x30 ./Sources/Modules/mDac.o
 .debug_aranges
                0x000001e8       0x50 ./Sources/Modules/mDelay.o
 .debug_aranges
                0x00000238       0x38 ./Sources/Modules/mLeds.o
 .debug_aranges
                0x00000270       0x40 ./Sources/Modules/mRS232.o
 .debug_aranges
                0x000002b0       0x70 ./Sources/Modules/mSpi.o
 .debug_aranges
                0x00000320       0x38 ./Sources/Modules/mSwitch.o
 .debug_aranges
                0x00000358       0x68 ./Sources/Modules/mTimer.o
 .debug_aranges
                0x000003c0       0x58 ./Sources/Modules/mWifi.o
 .debug_aranges
                0x00000418       0x48 ./Sources/Interfaces/iAd.o
 .debug_aranges
                0x00000460       0x40 ./Sources/Interfaces/iCpu.o
 .debug_aranges
                0x000004a0       0x40 ./Sources/Interfaces/iDac.o
 .debug_aranges
                0x000004e0       0x30 ./Sources/Interfaces/iDio.o
 .debug_aranges
                0x00000510       0x58 ./Sources/Interfaces/iFlextimer.o
 .debug_aranges
                0x00000568       0x90 ./Sources/Interfaces/iI2C.o
 .debug_aranges
                0x000005f8       0x88 ./Sources/Interfaces/iPit.o
 .debug_aranges
                0x00000680       0xa8 ./Sources/Interfaces/iSpi.o
 .debug_aranges
                0x00000728       0x88 ./Sources/Interfaces/iUart.o
 .debug_aranges
                0x000007b0       0x28 ./Sources/Applications/gCompute.o
 .debug_aranges
                0x000007d8       0x28 ./Sources/Applications/gInput.o
 .debug_aranges
                0x00000800       0x28 ./Sources/Applications/gOutput.o
 .debug_aranges
                0x00000828       0x50 ./Sources/Applications/main.o
 .debug_aranges
                0x00000878       0x20 ./Project_Settings/Startup_Code/startup_MK64F12.o
 .debug_aranges
                0x00000898       0x28 ./Project_Settings/Startup_Code/system_MK64F12.o

.debug_ranges   0x00000000      0x700
 .debug_ranges  0x00000000       0xd8 ./Sources/Utils/stbp.o
 .debug_ranges  0x000000d8       0x60 ./Sources/Modules/mAccelMagneto.o
 .debug_ranges  0x00000138       0x30 ./Sources/Modules/mAd.o
 .debug_ranges  0x00000168       0x10 ./Sources/Modules/mCpu.o
 .debug_ranges  0x00000178       0x20 ./Sources/Modules/mDac.o
 .debug_ranges  0x00000198       0x40 ./Sources/Modules/mDelay.o
 .debug_ranges  0x000001d8       0x28 ./Sources/Modules/mLeds.o
 .debug_ranges  0x00000200       0x30 ./Sources/Modules/mRS232.o
 .debug_ranges  0x00000230       0x60 ./Sources/Modules/mSpi.o
 .debug_ranges  0x00000290       0x28 ./Sources/Modules/mSwitch.o
 .debug_ranges  0x000002b8       0x58 ./Sources/Modules/mTimer.o
 .debug_ranges  0x00000310       0x48 ./Sources/Modules/mWifi.o
 .debug_ranges  0x00000358       0x38 ./Sources/Interfaces/iAd.o
 .debug_ranges  0x00000390       0x30 ./Sources/Interfaces/iCpu.o
 .debug_ranges  0x000003c0       0x30 ./Sources/Interfaces/iDac.o
 .debug_ranges  0x000003f0       0x20 ./Sources/Interfaces/iDio.o
 .debug_ranges  0x00000410       0x48 ./Sources/Interfaces/iFlextimer.o
 .debug_ranges  0x00000458       0x80 ./Sources/Interfaces/iI2C.o
 .debug_ranges  0x000004d8       0x78 ./Sources/Interfaces/iPit.o
 .debug_ranges  0x00000550       0x98 ./Sources/Interfaces/iSpi.o
 .debug_ranges  0x000005e8       0x78 ./Sources/Interfaces/iUart.o
 .debug_ranges  0x00000660       0x18 ./Sources/Applications/gCompute.o
 .debug_ranges  0x00000678       0x18 ./Sources/Applications/gInput.o
 .debug_ranges  0x00000690       0x18 ./Sources/Applications/gOutput.o
 .debug_ranges  0x000006a8       0x40 ./Sources/Applications/main.o
 .debug_ranges  0x000006e8       0x18 ./Project_Settings/Startup_Code/system_MK64F12.o

.debug_macro    0x00000000    0x1a24c
 .debug_macro   0x00000000       0x32 ./Sources/Utils/stbp.o
 .debug_macro   0x00000032       0x22 ./Sources/Utils/stbp.o
 .debug_macro   0x00000054      0x138 ./Sources/Modules/mAccelMagneto.o
 .debug_macro   0x0000018c      0x303 ./Sources/Modules/mAccelMagneto.o
 .debug_macro   0x0000048f       0x58 ./Sources/Modules/mAccelMagneto.o
 .debug_macro   0x000004e7       0x16 ./Sources/Modules/mAccelMagneto.o
 .debug_macro   0x000004fd       0x35 ./Sources/Modules/mAccelMagneto.o
 .debug_macro   0x00000532       0xa3 ./Sources/Modules/mAccelMagneto.o
 .debug_macro   0x000005d5       0x4a ./Sources/Modules/mAccelMagneto.o
 .debug_macro   0x0000061f       0x52 ./Sources/Modules/mAccelMagneto.o
 .debug_macro   0x00000671       0x16 ./Sources/Modules/mAccelMagneto.o
 .debug_macro   0x00000687       0x43 ./Sources/Modules/mAccelMagneto.o
 .debug_macro   0x000006ca      0x180 ./Sources/Modules/mAccelMagneto.o
 .debug_macro   0x0000084a       0xde ./Sources/Modules/mAccelMagneto.o
 .debug_macro   0x00000928       0x16 ./Sources/Modules/mAccelMagneto.o
 .debug_macro   0x0000093e      0x20f ./Sources/Modules/mAccelMagneto.o
 .debug_macro   0x00000b4d       0x56 ./Sources/Modules/mAccelMagneto.o
 .debug_macro   0x00000ba3       0x3b ./Sources/Modules/mAccelMagneto.o
 .debug_macro   0x00000bde       0x34 ./Sources/Modules/mAccelMagneto.o
 .debug_macro   0x00000c12       0x26 ./Sources/Modules/mAccelMagneto.o
 .debug_macro   0x00000c38      0xd1d ./Sources/Modules/mAccelMagneto.o
 .debug_macro   0x00001955       0x78 ./Sources/Modules/mAccelMagneto.o
 .debug_macro   0x000019cd    0x175e0 ./Sources/Modules/mAccelMagneto.o
 .debug_macro   0x00018fad       0x2e ./Sources/Modules/mAd.o
 .debug_macro   0x00018fdb       0x2e ./Sources/Modules/mCpu.o
 .debug_macro   0x00019009       0x2e ./Sources/Modules/mDac.o
 .debug_macro   0x00019037       0x2e ./Sources/Modules/mDelay.o
 .debug_macro   0x00019065       0x2e ./Sources/Modules/mLeds.o
 .debug_macro   0x00019093       0x2e ./Sources/Modules/mRS232.o
 .debug_macro   0x000190c1       0xb4 ./Sources/Modules/mSpi.o
 .debug_macro   0x00019175       0x44 ./Sources/Modules/mSpi.o
 .debug_macro   0x000191b9      0x209 ./Sources/Modules/mSpi.o
 .debug_macro   0x000193c2       0x2e ./Sources/Modules/mSwitch.o
 .debug_macro   0x000193f0       0x38 ./Sources/Modules/mTimer.o
 .debug_macro   0x00019428       0x42 ./Sources/Modules/mWifi.o
 .debug_macro   0x0001946a       0xa0 ./Sources/Interfaces/iAd.o
 .debug_macro   0x0001950a       0xa0 ./Sources/Interfaces/iCpu.o
 .debug_macro   0x000195aa       0xb8 ./Sources/Interfaces/iDac.o
 .debug_macro   0x00019662       0xa0 ./Sources/Interfaces/iDio.o
 .debug_macro   0x00019702       0xf4 ./Sources/Interfaces/iFlextimer.o
 .debug_macro   0x000197f6       0xac ./Sources/Interfaces/iI2C.o
 .debug_macro   0x000198a2       0xa6 ./Sources/Interfaces/iPit.o
 .debug_macro   0x00019948       0xa0 ./Sources/Interfaces/iSpi.o
 .debug_macro   0x000199e8       0xb8 ./Sources/Interfaces/iUart.o
 .debug_macro   0x00019aa0       0x33 ./Sources/Applications/gCompute.o
 .debug_macro   0x00019ad3       0x10 ./Sources/Applications/gCompute.o
 .debug_macro   0x00019ae3       0x33 ./Sources/Applications/gInput.o
 .debug_macro   0x00019b16       0x33 ./Sources/Applications/gOutput.o
 .debug_macro   0x00019b49      0x218 ./Sources/Applications/main.o
 .debug_macro   0x00019d61       0x16 ./Sources/Applications/main.o
 .debug_macro   0x00019d77       0x97 ./Sources/Applications/main.o
 .debug_macro   0x00019e0e       0x10 ./Sources/Applications/main.o
 .debug_macro   0x00019e1e       0xef ./Sources/Applications/main.o
 .debug_macro   0x00019f0d       0x10 ./Sources/Applications/main.o
 .debug_macro   0x00019f1d       0x22 ./Sources/Applications/main.o
 .debug_macro   0x00019f3f       0xbd ./Sources/Applications/main.o
 .debug_macro   0x00019ffc       0x16 ./Sources/Applications/main.o
 .debug_macro   0x0001a012      0x14a ./Sources/Applications/main.o
 .debug_macro   0x0001a15c       0x88 ./Project_Settings/Startup_Code/system_MK64F12.o
 .debug_macro   0x0001a1e4       0x68 ./Project_Settings/Startup_Code/system_MK64F12.o

.debug_line     0x00000000     0x422b
 .debug_line    0x00000000      0x41d ./Sources/Utils/stbp.o
 .debug_line    0x0000041d      0x4fa ./Sources/Modules/mAccelMagneto.o
 .debug_line    0x00000917      0x17d ./Sources/Modules/mAd.o
 .debug_line    0x00000a94       0xe9 ./Sources/Modules/mCpu.o
 .debug_line    0x00000b7d      0x10a ./Sources/Modules/mDac.o
 .debug_line    0x00000c87      0x156 ./Sources/Modules/mDelay.o
 .debug_line    0x00000ddd      0x12e ./Sources/Modules/mLeds.o
 .debug_line    0x00000f0b      0x14b ./Sources/Modules/mRS232.o
 .debug_line    0x00001056      0x448 ./Sources/Modules/mSpi.o
 .debug_line    0x0000149e      0x132 ./Sources/Modules/mSwitch.o
 .debug_line    0x000015d0      0x1a7 ./Sources/Modules/mTimer.o
 .debug_line    0x00001777      0x1e7 ./Sources/Modules/mWifi.o
 .debug_line    0x0000195e      0x2c8 ./Sources/Interfaces/iAd.o
 .debug_line    0x00001c26      0x2e3 ./Sources/Interfaces/iCpu.o
 .debug_line    0x00001f09      0x2d5 ./Sources/Interfaces/iDac.o
 .debug_line    0x000021de      0x283 ./Sources/Interfaces/iDio.o
 .debug_line    0x00002461      0x34a ./Sources/Interfaces/iFlextimer.o
 .debug_line    0x000027ab      0x361 ./Sources/Interfaces/iI2C.o
 .debug_line    0x00002b0c      0x422 ./Sources/Interfaces/iPit.o
 .debug_line    0x00002f2e      0x452 ./Sources/Interfaces/iSpi.o
 .debug_line    0x00003380      0x3bf ./Sources/Interfaces/iUart.o
 .debug_line    0x0000373f       0xc3 ./Sources/Applications/gCompute.o
 .debug_line    0x00003802       0xbf ./Sources/Applications/gInput.o
 .debug_line    0x000038c1       0xc1 ./Sources/Applications/gOutput.o
 .debug_line    0x00003982      0x5d2 ./Sources/Applications/main.o
 .debug_line    0x00003f54       0x78 ./Project_Settings/Startup_Code/startup_MK64F12.o
 .debug_line    0x00003fcc      0x25f ./Project_Settings/Startup_Code/system_MK64F12.o

.debug_str      0x00000000    0x953d7
 .debug_str     0x00000000     0x2fa3 ./Sources/Utils/stbp.o
                               0x3103 (size before relaxing)
 .debug_str     0x00002fa3    0x8f4b1 ./Sources/Modules/mAccelMagneto.o
                              0x91ea3 (size before relaxing)
 .debug_str     0x00092454      0x162 ./Sources/Modules/mAd.o
                               0x274e (size before relaxing)
 .debug_str     0x000925b6       0x39 ./Sources/Modules/mCpu.o
                               0x2613 (size before relaxing)
 .debug_str     0x000925ef       0x7d ./Sources/Modules/mDac.o
                               0x2662 (size before relaxing)
 .debug_str     0x0009266c       0xa8 ./Sources/Modules/mDelay.o
                               0x26bf (size before relaxing)
 .debug_str     0x00092714      0x250 ./Sources/Modules/mLeds.o
                               0x2838 (size before relaxing)
 .debug_str     0x00092964      0x121 ./Sources/Modules/mRS232.o
                               0x2706 (size before relaxing)
 .debug_str     0x00092a85      0x1ea ./Sources/Modules/mSpi.o
                              0x8f89d (size before relaxing)
 .debug_str     0x00092c6f       0xc1 ./Sources/Modules/mSwitch.o
                               0x2828 (size before relaxing)
 .debug_str     0x00092d30      0x141 ./Sources/Modules/mTimer.o
                               0x28ba (size before relaxing)
 .debug_str     0x00092e71       0xf0 ./Sources/Modules/mWifi.o
                               0x2955 (size before relaxing)
 .debug_str     0x00092f61      0x5ea ./Sources/Interfaces/iAd.o
                              0x8fc23 (size before relaxing)
 .debug_str     0x0009354b      0x150 ./Sources/Interfaces/iCpu.o
                              0x8f6ea (size before relaxing)
 .debug_str     0x0009369b       0xf0 ./Sources/Interfaces/iDac.o
                              0x8f716 (size before relaxing)
 .debug_str     0x0009378b       0xa0 ./Sources/Interfaces/iDio.o
                              0x8f788 (size before relaxing)
 .debug_str     0x0009382b      0x42d ./Sources/Interfaces/iFlextimer.o
                              0x90039 (size before relaxing)
 .debug_str     0x00093c58      0x15e ./Sources/Interfaces/iI2C.o
                              0x8fd99 (size before relaxing)
 .debug_str     0x00093db6      0x110 ./Sources/Interfaces/iPit.o
                              0x8fd53 (size before relaxing)
 .debug_str     0x00093ec6      0x2a7 ./Sources/Interfaces/iSpi.o
                              0x8f985 (size before relaxing)
 .debug_str     0x0009416d      0x317 ./Sources/Interfaces/iUart.o
                              0x8ff2b (size before relaxing)
 .debug_str     0x00094484       0x71 ./Sources/Applications/gCompute.o
                               0x264b (size before relaxing)
 .debug_str     0x000944f5       0x49 ./Sources/Applications/gInput.o
                               0x2643 (size before relaxing)
 .debug_str     0x0009453e       0x4d ./Sources/Applications/gOutput.o
                               0x2647 (size before relaxing)
 .debug_str     0x0009458b      0xd77 ./Sources/Applications/main.o
                              0x9284b (size before relaxing)
 .debug_str     0x00095302       0xd5 ./Project_Settings/Startup_Code/system_MK64F12.o
                              0x8f5d5 (size before relaxing)

.comment        0x00000000       0x70
 .comment       0x00000000       0x70 ./Sources/Utils/stbp.o
                                 0x71 (size before relaxing)
 .comment       0x00000000       0x71 ./Sources/Modules/mAccelMagneto.o
 .comment       0x00000000       0x71 ./Sources/Modules/mAd.o
 .comment       0x00000000       0x71 ./Sources/Modules/mCpu.o
 .comment       0x00000000       0x71 ./Sources/Modules/mDac.o
 .comment       0x00000000       0x71 ./Sources/Modules/mDelay.o
 .comment       0x00000000       0x71 ./Sources/Modules/mLeds.o
 .comment       0x00000000       0x71 ./Sources/Modules/mRS232.o
 .comment       0x00000000       0x71 ./Sources/Modules/mSpi.o
 .comment       0x00000000       0x71 ./Sources/Modules/mSwitch.o
 .comment       0x00000000       0x71 ./Sources/Modules/mTimer.o
 .comment       0x00000000       0x71 ./Sources/Modules/mWifi.o
 .comment       0x00000000       0x71 ./Sources/Interfaces/iAd.o
 .comment       0x00000000       0x71 ./Sources/Interfaces/iCpu.o
 .comment       0x00000000       0x71 ./Sources/Interfaces/iDac.o
 .comment       0x00000000       0x71 ./Sources/Interfaces/iDio.o
 .comment       0x00000000       0x71 ./Sources/Interfaces/iFlextimer.o
 .comment       0x00000000       0x71 ./Sources/Interfaces/iI2C.o
 .comment       0x00000000       0x71 ./Sources/Interfaces/iPit.o
 .comment       0x00000000       0x71 ./Sources/Interfaces/iSpi.o
 .comment       0x00000000       0x71 ./Sources/Interfaces/iUart.o
 .comment       0x00000000       0x71 ./Sources/Applications/gCompute.o
 .comment       0x00000000       0x71 ./Sources/Applications/gInput.o
 .comment       0x00000000       0x71 ./Sources/Applications/gOutput.o
 .comment       0x00000000       0x71 ./Sources/Applications/main.o
 .comment       0x00000000       0x71 ./Project_Settings/Startup_Code/system_MK64F12.o

.debug_frame    0x00000000     0x1ce4
 .debug_frame   0x00000000      0x2f8 ./Sources/Utils/stbp.o
 .debug_frame   0x000002f8      0x15c ./Sources/Modules/mAccelMagneto.o
 .debug_frame   0x00000454       0x9c ./Sources/Modules/mAd.o
 .debug_frame   0x000004f0       0x2c ./Sources/Modules/mCpu.o
 .debug_frame   0x0000051c       0x64 ./Sources/Modules/mDac.o
 .debug_frame   0x00000580       0xe0 ./Sources/Modules/mDelay.o
 .debug_frame   0x00000660       0x84 ./Sources/Modules/mLeds.o
 .debug_frame   0x000006e4       0x98 ./Sources/Modules/mRS232.o
 .debug_frame   0x0000077c      0x160 ./Sources/Modules/mSpi.o
 .debug_frame   0x000008dc       0x84 ./Sources/Modules/mSwitch.o
 .debug_frame   0x00000960      0x130 ./Sources/Modules/mTimer.o
 .debug_frame   0x00000a90      0x104 ./Sources/Modules/mWifi.o
 .debug_frame   0x00000b94       0xb8 ./Sources/Interfaces/iAd.o
 .debug_frame   0x00000c4c       0x90 ./Sources/Interfaces/iCpu.o
 .debug_frame   0x00000cdc       0xa4 ./Sources/Interfaces/iDac.o
 .debug_frame   0x00000d80       0x64 ./Sources/Interfaces/iDio.o
 .debug_frame   0x00000de4       0xfc ./Sources/Interfaces/iFlextimer.o
 .debug_frame   0x00000ee0      0x19c ./Sources/Interfaces/iI2C.o
 .debug_frame   0x0000107c      0x19c ./Sources/Interfaces/iPit.o
 .debug_frame   0x00001218      0x208 ./Sources/Interfaces/iSpi.o
 .debug_frame   0x00001420      0x1a0 ./Sources/Interfaces/iUart.o
 .debug_frame   0x000015c0       0x40 ./Sources/Applications/gCompute.o
 .debug_frame   0x00001600       0x40 ./Sources/Applications/gInput.o
 .debug_frame   0x00001640       0x40 ./Sources/Applications/gOutput.o
 .debug_frame   0x00001680       0xf0 ./Sources/Applications/main.o
 .debug_frame   0x00001770       0x44 ./Project_Settings/Startup_Code/system_MK64F12.o
 .debug_frame   0x000017b4       0x20 c:/freescale/kds_v3/toolchain/bin/../lib/gcc/arm-none-eabi/4.8.4/../../../../arm-none-eabi/lib/armv7e-m/fpu\libm.a(lib_a-w_atan2.o)
 .debug_frame   0x000017d4       0x38 c:/freescale/kds_v3/toolchain/bin/../lib/gcc/arm-none-eabi/4.8.4/../../../../arm-none-eabi/lib/armv7e-m/fpu\libm.a(lib_a-w_sqrt.o)
 .debug_frame   0x0000180c       0x30 c:/freescale/kds_v3/toolchain/bin/../lib/gcc/arm-none-eabi/4.8.4/../../../../arm-none-eabi/lib/armv7e-m/fpu\libm.a(lib_a-e_atan2.o)
 .debug_frame   0x0000183c       0x3c c:/freescale/kds_v3/toolchain/bin/../lib/gcc/arm-none-eabi/4.8.4/../../../../arm-none-eabi/lib/armv7e-m/fpu\libm.a(lib_a-e_sqrt.o)
 .debug_frame   0x00001878       0x38 c:/freescale/kds_v3/toolchain/bin/../lib/gcc/arm-none-eabi/4.8.4/../../../../arm-none-eabi/lib/armv7e-m/fpu\libm.a(lib_a-s_atan.o)
 .debug_frame   0x000018b0       0x20 c:/freescale/kds_v3/toolchain/bin/../lib/gcc/arm-none-eabi/4.8.4/../../../../arm-none-eabi/lib/armv7e-m/fpu\libm.a(lib_a-s_fabs.o)
 .debug_frame   0x000018d0       0x28 c:/freescale/kds_v3/toolchain/bin/../lib/gcc/arm-none-eabi/4.8.4/../../../../arm-none-eabi/lib/armv7e-m/fpu\libm.a(lib_a-s_fpclassify.o)
 .debug_frame   0x000018f8       0x20 c:/freescale/kds_v3/toolchain/bin/../lib/gcc/arm-none-eabi/4.8.4/../../../../arm-none-eabi/lib/armv7e-m/fpu\libm.a(lib_a-s_matherr.o)
 .debug_frame   0x00001918       0x20 c:/freescale/kds_v3/toolchain/bin/../lib/gcc/arm-none-eabi/4.8.4/../../../../arm-none-eabi/lib/armv7e-m/fpu\libg_s.a(lib_a-errno.o)
 .debug_frame   0x00001938       0x28 c:/freescale/kds_v3/toolchain/bin/../lib/gcc/arm-none-eabi/4.8.4/../../../../arm-none-eabi/lib/armv7e-m/fpu\libg_s.a(lib_a-exit.o)
 .debug_frame   0x00001960       0x2c c:/freescale/kds_v3/toolchain/bin/../lib/gcc/arm-none-eabi/4.8.4/../../../../arm-none-eabi/lib/armv7e-m/fpu\libg_s.a(lib_a-init.o)
 .debug_frame   0x0000198c       0x20 c:/freescale/kds_v3/toolchain/bin/../lib/gcc/arm-none-eabi/4.8.4/../../../../arm-none-eabi/lib/armv7e-m/fpu\libg_s.a(lib_a-memset.o)
 .debug_frame   0x000019ac       0x58 c:/freescale/kds_v3/toolchain/bin/../lib/gcc/arm-none-eabi/4.8.4/../../../../arm-none-eabi/lib/armv7e-m/fpu\libg_s.a(lib_a-sprintf.o)
 .debug_frame   0x00001a04       0x88 c:/freescale/kds_v3/toolchain/bin/../lib/gcc/arm-none-eabi/4.8.4/../../../../arm-none-eabi/lib/armv7e-m/fpu\libg_s.a(lib_a-svfprintf.o)
 .debug_frame   0x00001a8c       0x60 c:/freescale/kds_v3/toolchain/bin/../lib/gcc/arm-none-eabi/4.8.4/../../../../arm-none-eabi/lib/armv7e-m/fpu\libg_s.a(lib_a-vfprintf_i.o)
 .debug_frame   0x00001aec       0x28 c:/freescale/kds_v3/toolchain/bin/../lib/gcc/arm-none-eabi/4.8.4/../../../../arm-none-eabi/lib/armv7e-m/fpu\libg_s.a(lib_a-memchr-stub.o)
 .debug_frame   0x00001b14       0x28 c:/freescale/kds_v3/toolchain/bin/../lib/gcc/arm-none-eabi/4.8.4/../../../../arm-none-eabi/lib/armv7e-m/fpu\libg_s.a(lib_a-memcpy-stub.o)
 .debug_frame   0x00001b3c       0x2c c:/freescale/kds_v3/toolchain/bin/../lib/gcc/arm-none-eabi/4.8.4/../../../../arm-none-eabi/lib/armv7e-m/fpu\libg_s.a(lib_a-memmove.o)
 .debug_frame   0x00001b68       0x2c c:/freescale/kds_v3/toolchain/bin/../lib/gcc/arm-none-eabi/4.8.4/../../../../arm-none-eabi/lib/armv7e-m/fpu\libg_s.a(lib_a-nano-freer.o)
 .debug_frame   0x00001b94       0x2c c:/freescale/kds_v3/toolchain/bin/../lib/gcc/arm-none-eabi/4.8.4/../../../../arm-none-eabi/lib/armv7e-m/fpu\libg_s.a(lib_a-nano-mallocr.o)
 .debug_frame   0x00001bc0       0x30 c:/freescale/kds_v3/toolchain/bin/../lib/gcc/arm-none-eabi/4.8.4/../../../../arm-none-eabi/lib/armv7e-m/fpu\libg_s.a(lib_a-nano-reallocr.o)
 .debug_frame   0x00001bf0       0x2c c:/freescale/kds_v3/toolchain/bin/../lib/gcc/arm-none-eabi/4.8.4/../../../../arm-none-eabi/lib/armv7e-m/fpu\libg_s.a(lib_a-sbrkr.o)
 .debug_frame   0x00001c1c       0x20 c:/freescale/kds_v3/toolchain/bin/../lib/gcc/arm-none-eabi/4.8.4/../../../../arm-none-eabi/lib/armv7e-m/fpu\libg_s.a(lib_a-strlen.o)
 .debug_frame   0x00001c3c       0x20 c:/freescale/kds_v3/toolchain/bin/../lib/gcc/arm-none-eabi/4.8.4/../../../../arm-none-eabi/lib/armv7e-m/fpu\libg_s.a(lib_a-nano-msizer.o)
 .debug_frame   0x00001c5c       0x48 c:/freescale/kds_v3/toolchain/bin/../lib/gcc/arm-none-eabi/4.8.4/../../../../arm-none-eabi/lib/armv7e-m/fpu\libg_s.a(lib_a-reent.o)
 .debug_frame   0x00001ca4       0x20 c:/freescale/kds_v3/toolchain/bin/../lib/gcc/arm-none-eabi/4.8.4/../../../../arm-none-eabi/lib/armv7e-m/fpu\libnosys.a(sbrk.o)
 .debug_frame   0x00001cc4       0x20 c:/freescale/kds_v3/toolchain/bin/../lib/gcc/arm-none-eabi/4.8.4/../../../../arm-none-eabi/lib/armv7e-m/fpu\libnosys.a(_exit.o)
