Archive member included because of file (symbol)

c:/freescale/kds_v3/toolchain/bin/../lib/gcc/arm-none-eabi/4.8.4/../../../../arm-none-eabi/lib/armv7e-m/fpu\libm.a(lib_a-w_atan2.o)
                              ./Sources/Modules/mAccelMagneto.o (atan2)
c:/freescale/kds_v3/toolchain/bin/../lib/gcc/arm-none-eabi/4.8.4/../../../../arm-none-eabi/lib/armv7e-m/fpu\libm.a(lib_a-w_sqrt.o)
                              ./Sources/Modules/mAccelMagneto.o (sqrt)
c:/freescale/kds_v3/toolchain/bin/../lib/gcc/arm-none-eabi/4.8.4/../../../../arm-none-eabi/lib/armv7e-m/fpu\libm.a(lib_a-e_atan2.o)
                              c:/freescale/kds_v3/toolchain/bin/../lib/gcc/arm-none-eabi/4.8.4/../../../../arm-none-eabi/lib/armv7e-m/fpu\libm.a(lib_a-w_atan2.o) (__ieee754_atan2)
c:/freescale/kds_v3/toolchain/bin/../lib/gcc/arm-none-eabi/4.8.4/../../../../arm-none-eabi/lib/armv7e-m/fpu\libm.a(lib_a-e_sqrt.o)
                              c:/freescale/kds_v3/toolchain/bin/../lib/gcc/arm-none-eabi/4.8.4/../../../../arm-none-eabi/lib/armv7e-m/fpu\libm.a(lib_a-w_sqrt.o) (__ieee754_sqrt)
c:/freescale/kds_v3/toolchain/bin/../lib/gcc/arm-none-eabi/4.8.4/../../../../arm-none-eabi/lib/armv7e-m/fpu\libm.a(lib_a-s_atan.o)
                              c:/freescale/kds_v3/toolchain/bin/../lib/gcc/arm-none-eabi/4.8.4/../../../../arm-none-eabi/lib/armv7e-m/fpu\libm.a(lib_a-e_atan2.o) (atan)
c:/freescale/kds_v3/toolchain/bin/../lib/gcc/arm-none-eabi/4.8.4/../../../../arm-none-eabi/lib/armv7e-m/fpu\libm.a(lib_a-s_fabs.o)
                              c:/freescale/kds_v3/toolchain/bin/../lib/gcc/arm-none-eabi/4.8.4/../../../../arm-none-eabi/lib/armv7e-m/fpu\libm.a(lib_a-e_atan2.o) (fabs)
c:/freescale/kds_v3/toolchain/bin/../lib/gcc/arm-none-eabi/4.8.4/../../../../arm-none-eabi/lib/armv7e-m/fpu\libm.a(lib_a-s_fpclassify.o)
                              c:/freescale/kds_v3/toolchain/bin/../lib/gcc/arm-none-eabi/4.8.4/../../../../arm-none-eabi/lib/armv7e-m/fpu\libm.a(lib_a-w_sqrt.o) (__fpclassifyd)
c:/freescale/kds_v3/toolchain/bin/../lib/gcc/arm-none-eabi/4.8.4/../../../../arm-none-eabi/lib/armv7e-m/fpu\libm.a(lib_a-s_lib_ver.o)
                              c:/freescale/kds_v3/toolchain/bin/../lib/gcc/arm-none-eabi/4.8.4/../../../../arm-none-eabi/lib/armv7e-m/fpu\libm.a(lib_a-w_sqrt.o) (__fdlib_version)
c:/freescale/kds_v3/toolchain/bin/../lib/gcc/arm-none-eabi/4.8.4/../../../../arm-none-eabi/lib/armv7e-m/fpu\libm.a(lib_a-s_matherr.o)
                              c:/freescale/kds_v3/toolchain/bin/../lib/gcc/arm-none-eabi/4.8.4/../../../../arm-none-eabi/lib/armv7e-m/fpu\libm.a(lib_a-w_sqrt.o) (matherr)
c:/freescale/kds_v3/toolchain/bin/../lib/gcc/arm-none-eabi/4.8.4/armv7e-m/fpu\libgcc.a(_arm_addsubdf3.o)
                              ./Sources/Modules/mSpi.o (__aeabi_dsub)
c:/freescale/kds_v3/toolchain/bin/../lib/gcc/arm-none-eabi/4.8.4/armv7e-m/fpu\libgcc.a(_arm_muldivdf3.o)
                              ./Sources/Modules/mAccelMagneto.o (__aeabi_dmul)
c:/freescale/kds_v3/toolchain/bin/../lib/gcc/arm-none-eabi/4.8.4/armv7e-m/fpu\libgcc.a(_arm_cmpdf2.o)
                              c:/freescale/kds_v3/toolchain/bin/../lib/gcc/arm-none-eabi/4.8.4/../../../../arm-none-eabi/lib/armv7e-m/fpu\libm.a(lib_a-w_sqrt.o) (__aeabi_dcmplt)
c:/freescale/kds_v3/toolchain/bin/../lib/gcc/arm-none-eabi/4.8.4/armv7e-m/fpu\libgcc.a(_arm_fixunsdfsi.o)
                              ./Sources/Modules/mSpi.o (__aeabi_d2uiz)
c:/freescale/kds_v3/toolchain/bin/../lib/gcc/arm-none-eabi/4.8.4/armv7e-m/fpu\libgcc.a(_arm_truncdfsf2.o)
                              ./Sources/Modules/mAccelMagneto.o (__aeabi_d2f)
c:/freescale/kds_v3/toolchain/bin/../lib/gcc/arm-none-eabi/4.8.4/armv7e-m/fpu\libgcc.a(_aeabi_ldivmod.o)
                              ./Sources/Utils/StTime.o (__aeabi_ldivmod)
c:/freescale/kds_v3/toolchain/bin/../lib/gcc/arm-none-eabi/4.8.4/armv7e-m/fpu\libgcc.a(_aeabi_uldivmod.o)
                              ./Sources/Utils/StTime.o (__aeabi_uldivmod)
c:/freescale/kds_v3/toolchain/bin/../lib/gcc/arm-none-eabi/4.8.4/armv7e-m/fpu\libgcc.a(bpabi.o)
                              c:/freescale/kds_v3/toolchain/bin/../lib/gcc/arm-none-eabi/4.8.4/armv7e-m/fpu\libgcc.a(_aeabi_ldivmod.o) (__gnu_ldivmod_helper)
c:/freescale/kds_v3/toolchain/bin/../lib/gcc/arm-none-eabi/4.8.4/armv7e-m/fpu\libgcc.a(_dvmd_tls.o)
                              c:/freescale/kds_v3/toolchain/bin/../lib/gcc/arm-none-eabi/4.8.4/armv7e-m/fpu\libgcc.a(_aeabi_ldivmod.o) (__aeabi_ldiv0)
c:/freescale/kds_v3/toolchain/bin/../lib/gcc/arm-none-eabi/4.8.4/armv7e-m/fpu\libgcc.a(_divdi3.o)
                              c:/freescale/kds_v3/toolchain/bin/../lib/gcc/arm-none-eabi/4.8.4/armv7e-m/fpu\libgcc.a(bpabi.o) (__divdi3)
c:/freescale/kds_v3/toolchain/bin/../lib/gcc/arm-none-eabi/4.8.4/armv7e-m/fpu\libgcc.a(_udivdi3.o)
                              c:/freescale/kds_v3/toolchain/bin/../lib/gcc/arm-none-eabi/4.8.4/armv7e-m/fpu\libgcc.a(bpabi.o) (__udivdi3)
[...]
Memory Configuration

Name             Origin             Length             Attributes
m_interrupts     0x00000000         0x00000400         xr
m_flash_config   0x00000400         0x00000010         xr
m_text           0x00000410         0x000ffbf0         xr
m_data           0x1fff0000         0x00010000         rw
m_data_2         0x20000000         0x00030000         rw
*default*        0x00000000         0xffffffff

Linker script and memory map

LOAD c:/freescale/kds_v3/toolchain/bin/../lib/gcc/arm-none-eabi/4.8.4/armv7e-m/fpu/crti.o
LOAD c:/freescale/kds_v3/toolchain/bin/../lib/gcc/arm-none-eabi/4.8.4/armv7e-m/fpu/crtbegin.o
LOAD c:/freescale/kds_v3/toolchain/bin/../lib/gcc/arm-none-eabi/4.8.4/../../../../arm-none-eabi/lib/armv7e-m/fpu/crt0.o
LOAD ./Sources/Utils/StTime.o
LOAD ./Sources/Utils/stbp.o
LOAD ./Sources/Modules/mAccelMagneto.o
LOAD ./Sources/Modules/mAd.o
LOAD ./Sources/Modules/mCpu.o
LOAD ./Sources/Modules/mDac.o
LOAD ./Sources/Modules/mDelay.o
LOAD ./Sources/Modules/mLeds.o
LOAD ./Sources/Modules/mRS232.o
LOAD ./Sources/Modules/mSpi.o
LOAD ./Sources/Modules/mSwitch.o
LOAD ./Sources/Modules/mTimer.o
LOAD ./Sources/Modules/mWifi.o
LOAD ./Sources/Interfaces/iAd.o
LOAD ./Sources/Interfaces/iCpu.o
LOAD ./Sources/Interfaces/iDac.o
LOAD ./Sources/Interfaces/iDio.o
LOAD ./Sources/Interfaces/iFlextimer.o
LOAD ./Sources/Interfaces/iI2C.o
LOAD ./Sources/Interfaces/iPit.o
LOAD ./Sources/Interfaces/iSpi.o
LOAD ./Sources/Interfaces/iUart.o
LOAD ./Sources/Applications/gCompute.o
LOAD ./Sources/Applications/gInput.o
LOAD ./Sources/Applications/gMBox.o
LOAD ./Sources/Applications/gOutput.o
LOAD ./Sources/Applications/main.o
LOAD ./Project_Settings/Startup_Code/startup_MK64F12.o
LOAD ./Project_Settings/Startup_Code/system_MK64F12.o
LOAD c:/freescale/kds_v3/toolchain/bin/../lib/gcc/arm-none-eabi/4.8.4/../../../../arm-none-eabi/lib/armv7e-m/fpu\libstdc++_s.a
LOAD c:/freescale/kds_v3/toolchain/bin/../lib/gcc/arm-none-eabi/4.8.4/../../../../arm-none-eabi/lib/armv7e-m/fpu\libm.a
START GROUP
LOAD c:/freescale/kds_v3/toolchain/bin/../lib/gcc/arm-none-eabi/4.8.4/armv7e-m/fpu\libgcc.a
LOAD c:/freescale/kds_v3/toolchain/bin/../lib/gcc/arm-none-eabi/4.8.4/../../../../arm-none-eabi/lib/armv7e-m/fpu\libg_s.a
LOAD c:/freescale/kds_v3/toolchain/bin/../lib/gcc/arm-none-eabi/4.8.4/../../../../arm-none-eabi/lib/armv7e-m/fpu\libc_s.a
END GROUP
START GROUP
LOAD c:/freescale/kds_v3/toolchain/bin/../lib/gcc/arm-none-eabi/4.8.4/armv7e-m/fpu\libgcc.a
LOAD c:/freescale/kds_v3/toolchain/bin/../lib/gcc/arm-none-eabi/4.8.4/../../../../arm-none-eabi/lib/armv7e-m/fpu\libc_s.a
LOAD c:/freescale/kds_v3/toolchain/bin/../lib/gcc/arm-none-eabi/4.8.4/../../../../arm-none-eabi/lib/armv7e-m/fpu\libnosys.a
END GROUP
START GROUP
LOAD c:/freescale/kds_v3/toolchain/bin/../lib/gcc/arm-none-eabi/4.8.4/armv7e-m/fpu\libgcc.a
LOAD c:/freescale/kds_v3/toolchain/bin/../lib/gcc/arm-none-eabi/4.8.4/../../../../arm-none-eabi/lib/armv7e-m/fpu\libc_s.a
LOAD c:/freescale/kds_v3/toolchain/bin/../lib/gcc/arm-none-eabi/4.8.4/../../../../arm-none-eabi/lib/armv7e-m/fpu\libnosys.a
END GROUP
LOAD c:/freescale/kds_v3/toolchain/bin/../lib/gcc/arm-none-eabi/4.8.4/armv7e-m/fpu/crtend.o
LOAD c:/freescale/kds_v3/toolchain/bin/../lib/gcc/arm-none-eabi/4.8.4/armv7e-m/fpu/crtn.o
                0x00000400                HEAP_SIZE = DEFINED (__heap_size__)?__heap_size__:0x400
                0x00000400                STACK_SIZE = DEFINED (__stack_size__)?__stack_size__:0x400

.interrupts     0x00000000      0x400
                0x00000000                __VECTOR_TABLE = .
                0x00000000                . = ALIGN (0x4)
 *(.isr_vector)
 .isr_vector    0x00000000      0x400 ./Project_Settings/Startup_Code/startup_MK64F12.o
                0x00000000                __isr_vector
                0x00000400                . = ALIGN (0x4)

.flash_config   0x00000400       0x10
                0x00000400                . = ALIGN (0x4)
 *(.FlashConfig)
 .FlashConfig   0x00000400       0x10 ./Project_Settings/Startup_Code/startup_MK64F12.o
                0x00000410                . = ALIGN (0x4)

.text           0x00000410     0x5efc
                0x00000410                . = ALIGN (0x4)
 *(.text)
 .text          0x00000410       0x54 c:/freescale/kds_v3/toolchain/bin/../lib/gcc/arm-none-eabi/4.8.4/armv7e-m/fpu/crtbegin.o
 .text          0x00000464       0x74 c:/freescale/kds_v3/toolchain/bin/../lib/gcc/arm-none-eabi/4.8.4/../../../../arm-none-eabi/lib/armv7e-m/fpu/crt0.o
                0x00000464                _start
                0x00000464                _mainCRTStartup
 .text          0x000004d8       0x30 ./Project_Settings/Startup_Code/startup_MK64F12.o
                0x000004d8                Reset_Handler
                0x00000504                DebugMon_Handler
                0x00000504                I2C0_IRQHandler
                0x00000504                HardFault_Handler
                0x00000504                SysTick_Handler
                0x00000504                UART3_RX_TX_IRQHandler
                0x00000504                PendSV_Handler
                0x00000504                NMI_Handler
                0x00000504                UART0_RX_TX_IRQHandler
                0x00000504                I2C1_IRQHandler
                0x00000504                DMA2_IRQHandler
                0x00000504                ENET_Error_IRQHandler
                0x00000504                CAN0_Tx_Warning_IRQHandler
                0x00000504                CAN0_ORed_Message_buffer_IRQHandler
                0x00000504                CMP2_IRQHandler
                0x00000504                LLWU_IRQHandler
                0x00000504                ENET_Receive_IRQHandler
                0x00000504                ENET_1588_Timer_IRQHandler
                0x00000504                UART2_RX_TX_IRQHandler
                0x00000504                SWI_IRQHandler
                0x00000504                ADC0_IRQHandler
                0x00000504                UsageFault_Handler
                0x00000504                I2S0_Tx_IRQHandler
                0x00000504                CMT_IRQHandler
                0x00000504                UART4_RX_TX_IRQHandler
                0x00000504                SPI1_IRQHandler
                0x00000504                DefaultISR
                0x00000504                DMA9_IRQHandler
                0x00000504                DMA14_IRQHandler
                0x00000504                CMP1_IRQHandler
                0x00000504                Reserved71_IRQHandler
                0x00000504                PORTD_IRQHandler
                0x00000504                UART4_ERR_IRQHandler
                0x00000504                ADC1_IRQHandler
                0x00000504                I2C2_IRQHandler
                0x00000504                I2S0_Rx_IRQHandler
                0x00000504                DMA5_IRQHandler
                0x00000504                RTC_IRQHandler
                0x00000504                PDB0_IRQHandler
                0x00000504                CAN0_Rx_Warning_IRQHandler
                0x00000504                UART5_RX_TX_IRQHandler
                0x00000504                UART3_ERR_IRQHandler
                0x00000504                SDHC_IRQHandler
                0x00000504                RTC_Seconds_IRQHandler
                0x00000504                MCG_IRQHandler
                0x00000504                FTFE_IRQHandler
                0x00000504                UART2_ERR_IRQHandler
                0x00000504                DMA11_IRQHandler
                0x00000504                UART5_ERR_IRQHandler
                0x00000504                Read_Collision_IRQHandler
                0x00000504                DMA7_IRQHandler
                0x00000504                ENET_Transmit_IRQHandler
                0x00000504                USBDCD_IRQHandler
                0x00000504                USB0_IRQHandler
                0x00000504                SPI2_IRQHandler
                0x00000504                WDOG_EWM_IRQHandler
                0x00000504                MemManage_Handler
                0x00000504                SVC_Handler
                0x00000504                DMA13_IRQHandler
                0x00000504                DMA3_IRQHandler
                0x00000504                UART0_LON_IRQHandler
                0x00000504                RNG_IRQHandler
                0x00000504                DMA0_IRQHandler
                0x00000504                DMA15_IRQHandler
                0x00000504                DAC0_IRQHandler
                0x00000504                CAN0_Error_IRQHandler
                0x00000504                DMA4_IRQHandler
                0x00000504                UART0_ERR_IRQHandler
                0x00000504                DMA_Error_IRQHandler
                0x00000504                LVD_LVW_IRQHandler
                0x00000504                SPI0_IRQHandler
                0x00000504                FTM0_IRQHandler
                0x00000504                PORTA_IRQHandler
                0x00000504                DAC1_IRQHandler
                0x00000504                MCM_IRQHandler
                0x00000504                DMA12_IRQHandler
                0x00000504                CAN0_Bus_Off_IRQHandler
                0x00000504                FTM3_IRQHandler
                0x00000504                PORTE_IRQHandler
                0x00000504                FTM2_IRQHandler
                0x00000504                LPTMR0_IRQHandler
                0x00000504                BusFault_Handler
                0x00000504                DMA8_IRQHandler
                0x00000504                DMA10_IRQHandler
                0x00000504                CAN0_Wake_Up_IRQHandler
                0x00000504                UART1_ERR_IRQHandler
                0x00000504                UART1_RX_TX_IRQHandler
                0x00000504                CMP0_IRQHandler
                0x00000504                PORTC_IRQHandler
                0x00000504                DMA6_IRQHandler
                0x00000504                DMA1_IRQHandler
 .text          0x00000508      0x370 c:/freescale/kds_v3/toolchain/bin/../lib/gcc/arm-none-eabi/4.8.4/armv7e-m/fpu\libgcc.a(_arm_addsubdf3.o)
                0x00000508                __aeabi_drsub
                0x00000510                __aeabi_dsub
                0x00000510                __subdf3
                0x00000514                __aeabi_dadd
                0x00000514                __adddf3
                0x0000078c                __floatunsidf
                0x0000078c                __aeabi_ui2d
                0x000007ac                __floatsidf
                0x000007ac                __aeabi_i2d
                0x000007d0                __aeabi_f2d
                0x000007d0                __extendsfdf2
                0x0000080c                __floatundidf
                0x0000080c                __aeabi_ul2d
                0x0000081c                __floatdidf
                0x0000081c                __aeabi_l2d
 .text          0x00000878      0x424 c:/freescale/kds_v3/toolchain/bin/../lib/gcc/arm-none-eabi/4.8.4/armv7e-m/fpu\libgcc.a(_arm_muldivdf3.o)
                0x00000878                __aeabi_dmul
                0x00000878                __muldf3
                0x00000acc                __divdf3
                0x00000acc                __aeabi_ddiv
 .text          0x00000c9c       0x40 c:/freescale/kds_v3/toolchain/bin/../lib/gcc/arm-none-eabi/4.8.4/armv7e-m/fpu\libgcc.a(_arm_fixunsdfsi.o)
                0x00000c9c                __aeabi_d2uiz
                0x00000c9c                __fixunsdfsi
 .text          0x00000cdc       0xa0 c:/freescale/kds_v3/toolchain/bin/../lib/gcc/arm-none-eabi/4.8.4/armv7e-m/fpu\libgcc.a(_arm_truncdfsf2.o)
                0x00000cdc                __truncdfsf2
                0x00000cdc                __aeabi_d2f
 *(.text*)
 .text.Stbp_InitSw
                0x00000d7c       0xc0 ./Sources/Utils/stbp.o
                0x00000d7c                Stbp_InitSw
 .text.Stbp_ReceiveByte
                0x00000e3c      0x2e0 ./Sources/Utils/stbp.o
                0x00000e3c                Stbp_ReceiveByte
 .text.Stbp_IsDataToTransmit
                0x0000111c       0x4c ./Sources/Utils/stbp.o
                0x0000111c                Stbp_IsDataToTransmit
 .text.Stbp_GetNextByteToSend
                0x00001168      0x1c0 ./Sources/Utils/stbp.o
                0x00001168                Stbp_GetNextByteToSend
 .text.Stbp_NewMsg
                0x00001328       0x70 ./Sources/Utils/stbp.o
                0x00001328                Stbp_NewMsg
 .text.Stbp_PutUint16
                0x00001398       0x8c ./Sources/Utils/stbp.o
                0x00001398                Stbp_PutUint16
 .text.Stbp_PutString
                0x00001424       0x88 ./Sources/Utils/stbp.o
                0x00001424                Stbp_PutString
 .text.Stbp_EncodeMessage
                0x000014ac       0x44 ./Sources/Utils/stbp.o
                0x000014ac                Stbp_EncodeMessage
 .text.Stbp_DecodeMessage
                0x000014f0       0x60 ./Sources/Utils/stbp.o
                0x000014f0                Stbp_DecodeMessage
 .text.mAccelMagneto_Setup
                0x00001550        0xc ./Sources/Modules/mAccelMagneto.o
                0x00001550                mAccelMagneto_Setup
 .text.mAccelMagneto_Open
                0x0000155c        0xc ./Sources/Modules/mAccelMagneto.o
                0x0000155c                mAccelMagneto_Open
 .text.mAccelMagneto_GetData
                0x00001568      0x140 ./Sources/Modules/mAccelMagneto.o
                0x00001568                mAccelMagneto_GetData
 .text.PORTB_IRQHandler
                0x000016a8       0x48 ./Sources/Modules/mAccelMagneto.o
                0x000016a8                PORTB_IRQHandler
 .text.mAd_Setup
                0x000016f0       0x14 ./Sources/Modules/mAd.o
                0x000016f0                mAd_Setup
 .text.mAd_Open
                0x00001704        0xc ./Sources/Modules/mAd.o
                0x00001704                mAd_Open
 .text.mAd_Read
                0x00001710      0x10c ./Sources/Modules/mAd.o
                0x00001710                mAd_Read
 .text.mAd_ReadCamera
                0x0000181c       0x64 ./Sources/Modules/mAd.o
                0x0000181c                mAd_ReadCamera
 .text.mCpu_Setup
                0x00001880        0xc ./Sources/Modules/mCpu.o
                0x00001880                mCpu_Setup
 .text.mDac_Setup
                0x0000188c       0x10 ./Sources/Modules/mDac.o
                0x0000188c                mDac_Setup
 .text.mDac_Open
                0x0000189c        0xc ./Sources/Modules/mDac.o
                0x0000189c                mDac_Open
 .text.mDac_SetDac0Output
                0x000018a8       0x1c ./Sources/Modules/mDac.o
                0x000018a8                mDac_SetDac0Output
 .text.mDelay_Setup
                0x000018c4       0x14 ./Sources/Modules/mDelay.o
                0x000018c4                mDelay_Setup
 .text.mDelay_Open
                0x000018d8        0xc ./Sources/Modules/mDelay.o
                0x000018d8                mDelay_Open
 .text.mDelay_GetDelay
                0x000018e4       0x24 ./Sources/Modules/mDelay.o
                0x000018e4                mDelay_GetDelay
 .text.mDelay_ReStart
                0x00001908       0x28 ./Sources/Modules/mDelay.o
                0x00001908                mDelay_ReStart
 .text.mDelay_IsDelayDone
                0x00001930       0x24 ./Sources/Modules/mDelay.o
                0x00001930                mDelay_IsDelayDone
 .text.mLeds_Setup
                0x00001954       0x14 ./Sources/Modules/mLeds.o
                0x00001954                mLeds_Setup
 .text.mLeds_Open
                0x00001968        0xc ./Sources/Modules/mLeds.o
                0x00001968                mLeds_Open
 .text.mLeds_Toggle
                0x00001974       0x98 ./Sources/Modules/mLeds.o
                0x00001974                mLeds_Toggle
 .text.mRs232_Setup
                0x00001a0c        0xc ./Sources/Modules/mRS232.o
                0x00001a0c                mRs232_Setup
 .text.mRs232_Open
                0x00001a18        0xc ./Sources/Modules/mRS232.o
                0x00001a18                mRs232_Open
 .text.mRs232_Uart4WriteString
                0x00001a24       0x38 ./Sources/Modules/mRS232.o
                0x00001a24                mRs232_Uart4WriteString
 .text.mSpi_Setup
                0x00001a5c       0x50 ./Sources/Modules/mSpi.o
                0x00001a5c                mSpi_Setup
 .text.mSpi_Open
                0x00001aac       0x28 ./Sources/Modules/mSpi.o
                0x00001aac                mSpi_Open
 .text.mSpi_SP1ReadWrite
                0x00001ad4       0x68 ./Sources/Modules/mSpi.o
                0x00001ad4                mSpi_SP1ReadWrite
 .text.mSpi_SP0ReadWrite
                0x00001b3c       0x68 ./Sources/Modules/mSpi.o
                0x00001b3c                mSpi_SP0ReadWrite
 .text.mSpi_MLX75306_RXTX
                0x00001ba4      0x10c ./Sources/Modules/mSpi.o
                0x00001ba4                mSpi_MLX75306_RXTX
 .text.mSpi_MLX75306_ReadPictureTest
                0x00001cb0       0xe8 ./Sources/Modules/mSpi.o
                0x00001cb0                mSpi_MLX75306_ReadPictureTest
 .text.mSpi_MLX75306_Reset
                0x00001d98       0x1c ./Sources/Modules/mSpi.o
                0x00001d98                mSpi_MLX75306_Reset
 *fill*         0x00001db4        0x4 
 .text.mSpi_MLX75306_StartIntegration_old
                0x00001db8      0x330 ./Sources/Modules/mSpi.o
                0x00001db8                mSpi_MLX75306_StartIntegration_old
 .text.mSwitch_Setup
                0x000020e8       0x14 ./Sources/Modules/mSwitch.o
                0x000020e8                mSwitch_Setup
 .text.mSwitch_Open
                0x000020fc        0xc ./Sources/Modules/mSwitch.o
                0x000020fc                mSwitch_Open
 .text.mSwitch_ReadSwitch
                0x00002108       0x70 ./Sources/Modules/mSwitch.o
                0x00002108                mSwitch_ReadSwitch
 .text.mSwitch_ReadPushBut
                0x00002178       0x40 ./Sources/Modules/mSwitch.o
                0x00002178                mSwitch_ReadPushBut
 .text.mTimer_Setup
                0x000021b8       0x30 ./Sources/Modules/mTimer.o
                0x000021b8                mTimer_Setup
 .text.mTimer_Open
                0x000021e8       0x50 ./Sources/Modules/mTimer.o
                0x000021e8                mTimer_Open
 .text.mTimer_GetSpeed
                0x00002238       0x18 ./Sources/Modules/mTimer.o
                0x00002238                mTimer_GetSpeed
 .text.mTimer_SetServoDuty
                0x00002250       0x20 ./Sources/Modules/mTimer.o
                0x00002250                mTimer_SetServoDuty
 .text.mTimer_SetMotorDuty
                0x00002270       0x20 ./Sources/Modules/mTimer.o
                0x00002270                mTimer_SetMotorDuty
 .text.mWifi_Setup
                0x00002290        0xc ./Sources/Modules/mWifi.o
                0x00002290                mWifi_Setup
 .text.mWifi_Open
                0x0000229c      0x138 ./Sources/Modules/mWifi.o
                0x0000229c                mWifi_Open
 .text.mWifi_WriteString
                0x000023d4       0x38 ./Sources/Modules/mWifi.o
                0x000023d4                mWifi_WriteString
 .text.mWifi_WriteChar
                0x0000240c       0x28 ./Sources/Modules/mWifi.o
                0x0000240c                mWifi_WriteChar
 .text.mWifi_SciReadDataFromBuffer
                0x00002434       0x30 ./Sources/Modules/mWifi.o
                0x00002434                mWifi_SciReadDataFromBuffer
 .text.mWifi_SendCmd
                0x00002464       0x9c ./Sources/Modules/mWifi.o
                0x00002464                mWifi_SendCmd
 .text.mRS232_GetReadWifiFrame
                0x00002500       0x24 ./Sources/Modules/mWifi.o
                0x00002500                mRS232_GetReadWifiFrame
 .text.NVIC_DisableIRQ
                0x00002524       0x34 ./Sources/Interfaces/iAd.o
 .text.iAd_Config
                0x00002558       0x40 ./Sources/Interfaces/iAd.o
                0x00002558                iAd_Config
 .text.iAd_GetResult
                0x00002598       0x20 ./Sources/Interfaces/iAd.o
                0x00002598                iAd_GetResult
 .text.iAd_SelectChannel
                0x000025b8       0x34 ./Sources/Interfaces/iAd.o
                0x000025b8                iAd_SelectChannel
 .text.iAd_GetCompleteConvStatus
                0x000025ec       0x2c ./Sources/Interfaces/iAd.o
                0x000025ec                iAd_GetCompleteConvStatus
 .text.iAd_Cal  0x00002618      0x15c ./Sources/Interfaces/iAd.o
                0x00002618                iAd_Cal
 .text.iCpu_PllInit
                0x00002774       0xdc ./Sources/Interfaces/iCpu.o
 .text.iCpu_PinFctCfg
                0x00002850      0x13c ./Sources/Interfaces/iCpu.o
 .text.iCpu_PeriphClkInit
                0x0000298c       0xb8 ./Sources/Interfaces/iCpu.o
 .text.iCpu_VREFInit
                0x00002a44       0x48 ./Sources/Interfaces/iCpu.o
 .text.iCpu_SysInit
                0x00002a8c       0x28 ./Sources/Interfaces/iCpu.o
                0x00002a8c                iCpu_SysInit
 .text.iDac_Config
                0x00002ab4       0xc8 ./Sources/Interfaces/iDac.o
                0x00002ab4                iDac_Config
 .text.iDac_SetResetVal
                0x00002b7c       0xb0 ./Sources/Interfaces/iDac.o
 *fill*         0x00002c2c        0x4 
 .text.iDac_SETDACBUFFER
                0x00002c30       0xd0 ./Sources/Interfaces/iDac.o
                0x00002c30                iDac_SETDACBUFFER
 .text.iDio_SetPortDirection
                0x00002d00       0x94 ./Sources/Interfaces/iDio.o
                0x00002d00                iDio_SetPortDirection
 .text.iDio_SetPort
                0x00002d94       0xbc ./Sources/Interfaces/iDio.o
                0x00002d94                iDio_SetPort
 .text.iDio_GetPort
                0x00002e50       0x88 ./Sources/Interfaces/iDio.o
                0x00002e50                iDio_GetPort
 .text.NVIC_EnableIRQ
                0x00002ed8       0x30 ./Sources/Interfaces/iFlextimer.o
 .text.NVIC_ClearPendingIRQ
                0x00002f08       0x34 ./Sources/Interfaces/iFlextimer.o
 .text.NVIC_SetPriority
                0x00002f3c       0x54 ./Sources/Interfaces/iFlextimer.o
 .text.iFlextimer_Config
                0x00002f90      0x24c ./Sources/Interfaces/iFlextimer.o
                0x00002f90                iFlextimer_Config
 .text.iFlextimer_GetSpeed
                0x000031dc       0x2c ./Sources/Interfaces/iFlextimer.o
                0x000031dc                iFlextimer_GetSpeed
 .text.FTM1_IRQHandler
                0x00003208      0x2a0 ./Sources/Interfaces/iFlextimer.o
                0x00003208                FTM1_IRQHandler
 .text.iFlextimer_SetServoDuty
                0x000034a8      0x108 ./Sources/Interfaces/iFlextimer.o
                0x000034a8                iFlextimer_SetServoDuty
 .text.iFlextimer_SetMotorDuty
                0x000035b0      0x158 ./Sources/Interfaces/iFlextimer.o
                0x000035b0                iFlextimer_SetMotorDuty
 .text.iI2C_Config
                0x00003708       0x6c ./Sources/Interfaces/iI2C.o
                0x00003708                iI2C_Config
 .text.iI2C_Enable
                0x00003774       0x20 ./Sources/Interfaces/iI2C.o
                0x00003774                iI2C_Enable
 .text.iI2C_SetStartState
                0x00003794       0x20 ./Sources/Interfaces/iI2C.o
                0x00003794                iI2C_SetStartState
 .text.iI2C_SetRepeatedStartSate
                0x000037b4       0x20 ./Sources/Interfaces/iI2C.o
                0x000037b4                iI2C_SetRepeatedStartSate
 .text.iI2C_SetStopState
                0x000037d4       0x20 ./Sources/Interfaces/iI2C.o
                0x000037d4                iI2C_SetStopState
 .text.iI2C_SetAckMode
                0x000037f4       0x48 ./Sources/Interfaces/iI2C.o
                0x000037f4                iI2C_SetAckMode
 .text.iI2C_TxRxSelect
                0x0000383c       0x48 ./Sources/Interfaces/iI2C.o
                0x0000383c                iI2C_TxRxSelect
 .text.iI2C_SendData
                0x00003884       0x20 ./Sources/Interfaces/iI2C.o
                0x00003884                iI2C_SendData
 .text.iI2C_WaitEndOfRxOrTx
                0x000038a4       0x30 ./Sources/Interfaces/iI2C.o
                0x000038a4                iI2C_WaitEndOfRxOrTx
 .text.iI2C_ReadData
                0x000038d4       0x24 ./Sources/Interfaces/iI2C.o
                0x000038d4                iI2C_ReadData
 .text.iI2C_ReadStatus
                0x000038f8       0x34 ./Sources/Interfaces/iI2C.o
                0x000038f8                iI2C_ReadStatus
 .text.NVIC_EnableIRQ
                0x0000392c       0x30 ./Sources/Interfaces/iPit.o
 .text.NVIC_ClearPendingIRQ
                0x0000395c       0x34 ./Sources/Interfaces/iPit.o
 .text.NVIC_SetPriority
                0x00003990       0x54 ./Sources/Interfaces/iPit.o
 *fill*         0x000039e4        0x4 
 .text.iPit_Config
                0x000039e8      0x1e8 ./Sources/Interfaces/iPit.o
                0x000039e8                iPit_Config
 .text.iPit_StartPit
                0x00003bd0       0x78 ./Sources/Interfaces/iPit.o
                0x00003bd0                iPit_StartPit
 .text.iPit_InitDelay
                0x00003c48       0x90 ./Sources/Interfaces/iPit.o
                0x00003c48                iPit_InitDelay
 .text.iPit_GetDelay
                0x00003cd8      0x100 ./Sources/Interfaces/iPit.o
                0x00003cd8                iPit_GetDelay
 .text.iPit_IsDelayDone
                0x00003dd8       0x40 ./Sources/Interfaces/iPit.o
                0x00003dd8                iPit_IsDelayDone
 .text.iPit_DelayRelease
                0x00003e18       0x80 ./Sources/Interfaces/iPit.o
                0x00003e18                iPit_DelayRelease
 .text.iPit_ReStart
                0x00003e98       0x84 ./Sources/Interfaces/iPit.o
                0x00003e98                iPit_ReStart
 .text.PIT0_IRQHandler
                0x00003f1c       0xd0 ./Sources/Interfaces/iPit.o
                0x00003f1c                PIT0_IRQHandler
 .text.PIT1_IRQHandler
                0x00003fec       0xdc ./Sources/Interfaces/iPit.o
                0x00003fec                PIT1_IRQHandler
 .text.PIT2_IRQHandler
                0x000040c8       0xdc ./Sources/Interfaces/iPit.o
                0x000040c8                PIT2_IRQHandler
 .text.PIT3_IRQHandler
                0x000041a4       0xe8 ./Sources/Interfaces/iPit.o
                0x000041a4                PIT3_IRQHandler
 .text.iSpi_ConfigClockAndPins
                0x0000428c      0x128 ./Sources/Interfaces/iSpi.o
                0x0000428c                iSpi_ConfigClockAndPins
 .text.iSpi_ConfigSPIModule
                0x000043b4       0x80 ./Sources/Interfaces/iSpi.o
                0x000043b4                iSpi_ConfigSPIModule
 .text.iSpi_ChangeInactiveCSState
                0x00004434       0x9c ./Sources/Interfaces/iSpi.o
                0x00004434                iSpi_ChangeInactiveCSState
 .text.iSpi_ConfigClockAndTransfert
                0x000044d0      0x104 ./Sources/Interfaces/iSpi.o
                0x000044d0                iSpi_ConfigClockAndTransfert
 .text.iSpi_ConfigInterrupAndDMA
                0x000045d4       0x4c ./Sources/Interfaces/iSpi.o
                0x000045d4                iSpi_ConfigInterrupAndDMA
 .text.iSpi_StartTX
                0x00004620       0x58 ./Sources/Interfaces/iSpi.o
                0x00004620                iSpi_StartTX
 .text.iSpi_GetStatus
                0x00004678       0x7c ./Sources/Interfaces/iSpi.o
                0x00004678                iSpi_GetStatus
 .text.iSpi_ResetStatus
                0x000046f4       0x5c ./Sources/Interfaces/iSpi.o
                0x000046f4                iSpi_ResetStatus
 .text.iSpi_PushDataIntoFifo
                0x00004750       0x78 ./Sources/Interfaces/iSpi.o
                0x00004750                iSpi_PushDataIntoFifo
 .text.iSpi_ReadData
                0x000047c8       0x4c ./Sources/Interfaces/iSpi.o
                0x000047c8                iSpi_ReadData
 .text.NVIC_EnableIRQ
                0x00004814       0x30 ./Sources/Interfaces/iUart.o
 .text.NVIC_ClearPendingIRQ
                0x00004844       0x34 ./Sources/Interfaces/iUart.o
 .text.NVIC_SetPriority
                0x00004878       0x54 ./Sources/Interfaces/iUart.o
 *fill*         0x000048cc        0x4 
 .text.iUart_Config
                0x000048d0      0x1f0 ./Sources/Interfaces/iUart.o
                0x000048d0                iUart_Config
 .text.iUart_GetStatus
                0x00004ac0       0x34 ./Sources/Interfaces/iUart.o
                0x00004ac0                iUart_GetStatus
 .text.iUart_SetData
                0x00004af4       0x20 ./Sources/Interfaces/iUart.o
                0x00004af4                iUart_SetData
 .text.iUart_IsBufferEmpty
                0x00004b14       0x30 ./Sources/Interfaces/iUart.o
                0x00004b14                iUart_IsBufferEmpty
 .text.iUart_GetCharFromBuffer
                0x00004b44       0x5c ./Sources/Interfaces/iUart.o
                0x00004b44                iUart_GetCharFromBuffer
 .text.iUart_GetReadWifiFrame
                0x00004ba0       0x8c ./Sources/Interfaces/iUart.o
                0x00004ba0                iUart_GetReadWifiFrame
 .text.iUart_Uart4SetData
                0x00004c2c       0x20 ./Sources/Interfaces/iUart.o
                0x00004c2c                iUart_Uart4SetData
 .text.iUart_Uart4GetStatus
                0x00004c4c       0x34 ./Sources/Interfaces/iUart.o
                0x00004c4c                iUart_Uart4GetStatus
 .text.main     0x00004c80      0x3f0 ./Sources/Applications/main.o
                0x00004c80                main
 .text.stbpSendFrameJava1
                0x00005070      0x19c ./Sources/Applications/main.o
                0x00005070                stbpSendFrameJava1
 .text.stbpSendFrameJava2
                0x0000520c      0x19c ./Sources/Applications/main.o
                0x0000520c                stbpSendFrameJava2
 .text.SendDataJava
                0x000053a8      0x440 ./Sources/Applications/main.o
                0x000053a8                SendDataJava
 .text.ReadDataJava
                0x000057e8       0x94 ./Sources/Applications/main.o
                0x000057e8                ReadDataJava
 .text.InitDataJava
                0x0000587c       0x30 ./Sources/Applications/main.o
                0x0000587c                InitDataJava
 .text.SystemInit
                0x000058ac       0x3c ./Project_Settings/Startup_Code/system_MK64F12.o
                0x000058ac                SystemInit
 .text.exit     0x000058e8       0x28 c:/freescale/kds_v3/toolchain/bin/../lib/gcc/arm-none-eabi/4.8.4/../../../../arm-none-eabi/lib/armv7e-m/fpu\libg_s.a(lib_a-exit.o)
                0x000058e8                exit
 .text.__libc_init_array
                0x00005910       0x4c c:/freescale/kds_v3/toolchain/bin/../lib/gcc/arm-none-eabi/4.8.4/../../../../arm-none-eabi/lib/armv7e-m/fpu\libg_s.a(lib_a-init.o)
                0x00005910                __libc_init_array
 .text.memset   0x0000595c       0x10 c:/freescale/kds_v3/toolchain/bin/../lib/gcc/arm-none-eabi/4.8.4/../../../../arm-none-eabi/lib/armv7e-m/fpu\libg_s.a(lib_a-memset.o)
                0x0000595c                memset
 .text.sprintf  0x0000596c       0x48 c:/freescale/kds_v3/toolchain/bin/../lib/gcc/arm-none-eabi/4.8.4/../../../../arm-none-eabi/lib/armv7e-m/fpu\libg_s.a(lib_a-sprintf.o)
                0x0000596c                siprintf
                0x0000596c                sprintf
 .text.__ssputs_r
                0x000059b4       0xb8 c:/freescale/kds_v3/toolchain/bin/../lib/gcc/arm-none-eabi/4.8.4/../../../../arm-none-eabi/lib/armv7e-m/fpu\libg_s.a(lib_a-svfprintf.o)
                0x000059b4                __ssputs_r
 .text._svfprintf_r
                0x00005a6c      0x1dc c:/freescale/kds_v3/toolchain/bin/../lib/gcc/arm-none-eabi/4.8.4/../../../../arm-none-eabi/lib/armv7e-m/fpu\libg_s.a(lib_a-svfprintf.o)
                0x00005a6c                _svfiprintf_r
                0x00005a6c                _svfprintf_r
 .text._printf_common
                0x00005c48       0xe4 c:/freescale/kds_v3/toolchain/bin/../lib/gcc/arm-none-eabi/4.8.4/../../../../arm-none-eabi/lib/armv7e-m/fpu\libg_s.a(lib_a-vfprintf_i.o)
                0x00005c48                _printf_common
 .text._printf_i
                0x00005d2c      0x228 c:/freescale/kds_v3/toolchain/bin/../lib/gcc/arm-none-eabi/4.8.4/../../../../arm-none-eabi/lib/armv7e-m/fpu\libg_s.a(lib_a-vfprintf_i.o)
                0x00005d2c                _printf_i
 .text.memchr   0x00005f54       0x1e c:/freescale/kds_v3/toolchain/bin/../lib/gcc/arm-none-eabi/4.8.4/../../../../arm-none-eabi/lib/armv7e-m/fpu\libg_s.a(lib_a-memchr-stub.o)
                0x00005f54                memchr
 .text.memcpy   0x00005f72       0x12 c:/freescale/kds_v3/toolchain/bin/../lib/gcc/arm-none-eabi/4.8.4/../../../../arm-none-eabi/lib/armv7e-m/fpu\libg_s.a(lib_a-memcpy-stub.o)
                0x00005f72                memcpy
 .text.memmove  0x00005f84       0x36 c:/freescale/kds_v3/toolchain/bin/../lib/gcc/arm-none-eabi/4.8.4/../../../../arm-none-eabi/lib/armv7e-m/fpu\libg_s.a(lib_a-memmove.o)
                0x00005f84                memmove
 *fill*         0x00005fba        0x2 
 .text._free_r  0x00005fbc       0x88 c:/freescale/kds_v3/toolchain/bin/../lib/gcc/arm-none-eabi/4.8.4/../../../../arm-none-eabi/lib/armv7e-m/fpu\libg_s.a(lib_a-nano-freer.o)
                0x00005fbc                _free_r
 .text._malloc_r
                0x00006044       0xa8 c:/freescale/kds_v3/toolchain/bin/../lib/gcc/arm-none-eabi/4.8.4/../../../../arm-none-eabi/lib/armv7e-m/fpu\libg_s.a(lib_a-nano-mallocr.o)
                0x00006044                _malloc_r
 .text._realloc_r
                0x000060ec       0x4c c:/freescale/kds_v3/toolchain/bin/../lib/gcc/arm-none-eabi/4.8.4/../../../../arm-none-eabi/lib/armv7e-m/fpu\libg_s.a(lib_a-nano-reallocr.o)
                0x000060ec                _realloc_r
 .text._sbrk_r  0x00006138       0x20 c:/freescale/kds_v3/toolchain/bin/../lib/gcc/arm-none-eabi/4.8.4/../../../../arm-none-eabi/lib/armv7e-m/fpu\libg_s.a(lib_a-sbrkr.o)
                0x00006138                _sbrk_r
 .text.strlen   0x00006158       0x10 c:/freescale/kds_v3/toolchain/bin/../lib/gcc/arm-none-eabi/4.8.4/../../../../arm-none-eabi/lib/armv7e-m/fpu\libg_s.a(lib_a-strlen.o)
                0x00006158                strlen
 .text._malloc_usable_size_r
                0x00006168       0x12 c:/freescale/kds_v3/toolchain/bin/../lib/gcc/arm-none-eabi/4.8.4/../../../../arm-none-eabi/lib/armv7e-m/fpu\libg_s.a(lib_a-nano-msizer.o)
                0x00006168                _malloc_usable_size_r
 *fill*         0x0000617a        0x2 
 .text._sbrk    0x0000617c       0x34 c:/freescale/kds_v3/toolchain/bin/../lib/gcc/arm-none-eabi/4.8.4/../../../../arm-none-eabi/lib/armv7e-m/fpu\libnosys.a(sbrk.o)
                0x0000617c                _sbrk
 .text._exit    0x000061b0        0x4 c:/freescale/kds_v3/toolchain/bin/../lib/gcc/arm-none-eabi/4.8.4/../../../../arm-none-eabi/lib/armv7e-m/fpu\libnosys.a(_exit.o)
                0x000061b0                _exit
 *(.rodata)
 .rodata        0x000061b4      0x104 ./Sources/Applications/main.o
 *(.rodata*)
 .rodata.str1.1
                0x000062b8        0x2 c:/freescale/kds_v3/toolchain/bin/../lib/gcc/arm-none-eabi/4.8.4/../../../../arm-none-eabi/lib/armv7e-m/fpu\libg_s.a(lib_a-impure.o)
 *fill*         0x000062ba        0x2 
 .rodata._global_impure_ptr
                0x000062bc        0x4 c:/freescale/kds_v3/toolchain/bin/../lib/gcc/arm-none-eabi/4.8.4/../../../../arm-none-eabi/lib/armv7e-m/fpu\libg_s.a(lib_a-impure.o)
                0x000062bc                _global_impure_ptr
 .rodata.str1.1
                0x000062c0       0x11 c:/freescale/kds_v3/toolchain/bin/../lib/gcc/arm-none-eabi/4.8.4/../../../../arm-none-eabi/lib/armv7e-m/fpu\libg_s.a(lib_a-svfprintf.o)
 .rodata.str1.1
                0x000062d1       0x22 c:/freescale/kds_v3/toolchain/bin/../lib/gcc/arm-none-eabi/4.8.4/../../../../arm-none-eabi/lib/armv7e-m/fpu\libg_s.a(lib_a-vfprintf_i.o)
 *(.glue_7)
 .glue_7        0x00000000        0x0 linker stubs
 *(.glue_7t)
 .glue_7t       0x00000000        0x0 linker stubs
 *(.eh_frame)
 *fill*         0x000062f3        0x1 
 .eh_frame      0x000062f4        0x0 c:/freescale/kds_v3/toolchain/bin/../lib/gcc/arm-none-eabi/4.8.4/armv7e-m/fpu/crtbegin.o
 *(.init)
 .init          0x000062f4        0x4 c:/freescale/kds_v3/toolchain/bin/../lib/gcc/arm-none-eabi/4.8.4/armv7e-m/fpu/crti.o
                0x000062f4                _init
 .init          0x000062f8        0x8 c:/freescale/kds_v3/toolchain/bin/../lib/gcc/arm-none-eabi/4.8.4/armv7e-m/fpu/crtn.o
 *(.fini)
 .fini          0x00006300        0x4 c:/freescale/kds_v3/toolchain/bin/../lib/gcc/arm-none-eabi/4.8.4/armv7e-m/fpu/crti.o
                0x00006300                _fini
 .fini          0x00006304        0x8 c:/freescale/kds_v3/toolchain/bin/../lib/gcc/arm-none-eabi/4.8.4/armv7e-m/fpu/crtn.o
                0x0000630c                . = ALIGN (0x4)

.vfp11_veneer   0x0000630c        0x0
 .vfp11_veneer  0x00000000        0x0 linker stubs

.v4_bx          0x0000630c        0x0
 .v4_bx         0x00000000        0x0 linker stubs

.iplt           0x0000630c        0x0
 .iplt          0x00000000        0x0 c:/freescale/kds_v3/toolchain/bin/../lib/gcc/arm-none-eabi/4.8.4/armv7e-m/fpu/crtbegin.o

.ARM.extab
 *(.ARM.extab* .gnu.linkonce.armextab.*)

.ARM            0x0000630c        0x8
                0x0000630c                __exidx_start = .
 *(.ARM.exidx*)
 .ARM.exidx     0x0000630c        0x8 c:/freescale/kds_v3/toolchain/bin/../lib/gcc/arm-none-eabi/4.8.4/../../../../arm-none-eabi/lib/armv7e-m/fpu/crt0.o
                0x00006314                __exidx_end = .

.rel.dyn        0x00006314        0x0
 .rel.iplt      0x00000000        0x0 c:/freescale/kds_v3/toolchain/bin/../lib/gcc/arm-none-eabi/4.8.4/armv7e-m/fpu/crtbegin.o

.ctors          0x00006314        0x0
                0x00006314                __CTOR_LIST__ = .
 *crtbegin.o(.ctors)
 *crtbegin?.o(.ctors)
 *(EXCLUDE_FILE(*crtend.o *crtend?.o) .ctors)
 *(SORT(.ctors.*))
 *(.ctors)
                0x00006314                __CTOR_END__ = .

.dtors          0x00006314        0x0
                0x00006314                __DTOR_LIST__ = .
 *crtbegin.o(.dtors)
 *crtbegin?.o(.dtors)
 *(EXCLUDE_FILE(*crtend.o *crtend?.o) .dtors)
 *(SORT(.dtors.*))
 *(.dtors)
                0x00006314                __DTOR_END__ = .

.preinit_array  0x00006314        0x0
                0x00006314                PROVIDE (__preinit_array_start, .)
 *(.preinit_array*)
                0x00006314                PROVIDE (__preinit_array_end, .)

.init_array     0x00006314        0x4
                0x00006314                PROVIDE (__init_array_start, .)
 *(SORT(.init_array.*))
 *(.init_array*)
 .init_array    0x00006314        0x4 c:/freescale/kds_v3/toolchain/bin/../lib/gcc/arm-none-eabi/4.8.4/armv7e-m/fpu/crtbegin.o
                0x00006318                PROVIDE (__init_array_end, .)

.fini_array     0x00006318        0x4
                0x00006318                PROVIDE (__fini_array_start, .)
 *(SORT(.fini_array.*))
 *(.fini_array*)
 .fini_array    0x00006318        0x4 c:/freescale/kds_v3/toolchain/bin/../lib/gcc/arm-none-eabi/4.8.4/armv7e-m/fpu/crtbegin.o
                0x0000631c                PROVIDE (__fini_array_end, .)
                0x0000631c                __etext = .
                0x0000631c                __DATA_ROM = .

.data           0x1fff0000       0xe0 load address 0x0000631c
                0x1fff0000                . = ALIGN (0x4)
                0x1fff0000                __DATA_RAM = .
                0x1fff0000                __data_start__ = .
 *(.data)
 *(.data*)
 .data.sMyCommPtr
                0x1fff0000        0x4 ./Sources/Applications/main.o
 .data.sTxMsgBufferPtr
                0x1fff0004        0x4 ./Sources/Applications/main.o
                0x1fff0004                sTxMsgBufferPtr
 .data.sFrameRxWifiPtr
                0x1fff0008        0x4 ./Sources/Applications/main.o
 .data.sSinusTab
                0x1fff000c       0x64 ./Sources/Applications/main.o
 .data.sSocketOpen.6992
                0x1fff0070        0x4 ./Sources/Applications/main.o
 .data.sIntTime.6988
                0x1fff0074        0x2 ./Sources/Applications/main.o
 *fill*         0x1fff0076        0x2 
 .data.impure_data
                0x1fff0078       0x60 c:/freescale/kds_v3/toolchain/bin/../lib/gcc/arm-none-eabi/4.8.4/../../../../arm-none-eabi/lib/armv7e-m/fpu\libg_s.a(lib_a-impure.o)
 .data._impure_ptr
                0x1fff00d8        0x4 c:/freescale/kds_v3/toolchain/bin/../lib/gcc/arm-none-eabi/4.8.4/../../../../arm-none-eabi/lib/armv7e-m/fpu\libg_s.a(lib_a-impure.o)
                0x1fff00d8                _impure_ptr
 *(.jcr*)
 .jcr           0x1fff00dc        0x0 c:/freescale/kds_v3/toolchain/bin/../lib/gcc/arm-none-eabi/4.8.4/armv7e-m/fpu/crtbegin.o
 .jcr           0x1fff00dc        0x4 c:/freescale/kds_v3/toolchain/bin/../lib/gcc/arm-none-eabi/4.8.4/armv7e-m/fpu/crtend.o
                0x1fff00e0                . = ALIGN (0x4)
                0x1fff00e0                __data_end__ = .
                0x000063fc                __DATA_END = (__DATA_ROM + (__data_end__ - __data_start__))

.igot.plt       0x1fff00e0        0x0 load address 0x000063fc
 .igot.plt      0x00000000        0x0 c:/freescale/kds_v3/toolchain/bin/../lib/gcc/arm-none-eabi/4.8.4/armv7e-m/fpu/crtbegin.o

.bss            0x1fff00e0     0x2830 load address 0x000063fc
                0x1fff00e0                . = ALIGN (0x4)
                0x1fff00e0                __START_BSS = .
                0x1fff00e0                __bss_start__ = .
 *(.bss)
 .bss           0x1fff00e0       0x1c c:/freescale/kds_v3/toolchain/bin/../lib/gcc/arm-none-eabi/4.8.4/armv7e-m/fpu/crtbegin.o
 *(.bss*)
 .bss.m_bIsBigEndian
                0x1fff00fc        0x4 ./Sources/Utils/stbp.o
 .bss.sDataReady
                0x1fff0100        0x1 ./Sources/Modules/mAccelMagneto.o
 .bss.pState.4079
                0x1fff0101        0x1 ./Sources/Modules/mLeds.o
 *fill*         0x1fff0102        0x2 
 .bss.sAnswDataTab
                0x1fff0104      0x1f4 ./Sources/Modules/mWifi.o
 .bss.sSendDelayNb.4169
                0x1fff02f8        0x2 ./Sources/Modules/mWifi.o
 *fill*         0x1fff02fa        0x2 
 .bss.aFrame.4176
                0x1fff02fc        0x4 ./Sources/Modules/mWifi.o
 .bss.sOldTimerValueChL
                0x1fff0300        0x2 ./Sources/Interfaces/iFlextimer.o
 *fill*         0x1fff0302        0x2 
 .bss.sDeltaChL
                0x1fff0304        0x4 ./Sources/Interfaces/iFlextimer.o
 .bss.sOldTimerValueChR
                0x1fff0308        0x2 ./Sources/Interfaces/iFlextimer.o
 *fill*         0x1fff030a        0x2 
 .bss.sDeltaChR
                0x1fff030c        0x4 ./Sources/Interfaces/iFlextimer.o
 .bss.sSpeedLeft
                0x1fff0310        0x4 ./Sources/Interfaces/iFlextimer.o
 .bss.sSpeedRight
                0x1fff0314        0x4 ./Sources/Interfaces/iFlextimer.o
 .bss.sOverFlowCounterL
                0x1fff0318        0x4 ./Sources/Interfaces/iFlextimer.o
 .bss.sOverFlowCounterR
                0x1fff031c        0x4 ./Sources/Interfaces/iFlextimer.o
 .bss.sDly      0x1fff0320      0x168 ./Sources/Interfaces/iPit.o
 .bss.aTmp.5852
                0x1fff0488        0x4 ./Sources/Interfaces/iPit.o
 .bss.sSciRecBufStruct
                0x1fff048c      0x100 ./Sources/Interfaces/iUart.o
 .bss.sReadFrame
                0x1fff058c     0x17e8 ./Sources/Interfaces/iUart.o
 .bss.sReadFrameInIndex
                0x1fff1d74        0x2 ./Sources/Interfaces/iUart.o
                0x1fff1d74                sReadFrameInIndex
 .bss.sReadFrameOutIndex
                0x1fff1d76        0x2 ./Sources/Interfaces/iUart.o
                0x1fff1d76                sReadFrameOutIndex
 .bss.sReadFrameCounter
                0x1fff1d78        0x2 ./Sources/Interfaces/iUart.o
                0x1fff1d78                sReadFrameCounter
 *fill*         0x1fff1d7a        0x2 
 .bss.aFramePtr.5904
                0x1fff1d7c        0x4 ./Sources/Interfaces/iUart.o
 .bss.sImageTabTest
                0x1fff1d80      0x190 ./Sources/Applications/main.o
 .bss.sMyComm   0x1fff1f10       0x40 ./Sources/Applications/main.o
 .bss.sMyCommRxBuffer
                0x1fff1f50      0x1f4 ./Sources/Applications/main.o
 .bss.sMyCommTxBuffer
                0x1fff2144      0x1f4 ./Sources/Applications/main.o
 .bss.sNumberOfTransferredBytes
                0x1fff2338        0x2 ./Sources/Applications/main.o
 *fill*         0x1fff233a        0x2 
 .bss.sTxMsgBuffer
                0x1fff233c      0x3e8 ./Sources/Applications/main.o
                0x1fff233c                sTxMsgBuffer
 .bss.sFrameRxWifi
                0x1fff2724       0x60 ./Sources/Applications/main.o
 .bss.sDlyJava  0x1fff2784        0x2 ./Sources/Applications/main.o
 *fill*         0x1fff2786        0x2 
 .bss.sFrameTxJava1
                0x1fff2788       0x40 ./Sources/Applications/main.o
 .bss.sFrameTxJava2
                0x1fff27c8       0xd0 ./Sources/Applications/main.o
 .bss.sCounterRxFrame
                0x1fff2898        0x4 ./Sources/Applications/main.o
                0x1fff2898                sCounterRxFrame
 .bss.sDly.6981
                0x1fff289c        0x2 ./Sources/Applications/main.o
 *fill*         0x1fff289e        0x2 
 .bss.OldSw1.6989
                0x1fff28a0        0x4 ./Sources/Applications/main.o
 .bss.OldSw2.6990
                0x1fff28a4        0x4 ./Sources/Applications/main.o
 .bss.sLedOn1.7084
                0x1fff28a8        0x4 ./Sources/Applications/main.o
 .bss.sSinIndex.7085
                0x1fff28ac        0x1 ./Sources/Applications/main.o
 *fill*         0x1fff28ad        0x3 
 .bss.aReadFrame.7094
                0x1fff28b0        0x4 ./Sources/Applications/main.o
 .bss.__malloc_sbrk_start
                0x1fff28b4        0x4 c:/freescale/kds_v3/toolchain/bin/../lib/gcc/arm-none-eabi/4.8.4/../../../../arm-none-eabi/lib/armv7e-m/fpu\libg_s.a(lib_a-nano-mallocr.o)
                0x1fff28b4                __malloc_sbrk_start
 .bss.__malloc_free_list
                0x1fff28b8        0x4 c:/freescale/kds_v3/toolchain/bin/../lib/gcc/arm-none-eabi/4.8.4/../../../../arm-none-eabi/lib/armv7e-m/fpu\libg_s.a(lib_a-nano-mallocr.o)
                0x1fff28b8                __malloc_free_list
 .bss.heap_end.4246
                0x1fff28bc        0x4 c:/freescale/kds_v3/toolchain/bin/../lib/gcc/arm-none-eabi/4.8.4/../../../../arm-none-eabi/lib/armv7e-m/fpu\libnosys.a(sbrk.o)
 *(COMMON)
 COMMON         0x1fff28c0       0x38 ./Sources/Modules/mAccelMagneto.o
                0x1fff28c0                Xout_Mag_16_bit
                0x1fff28c2                Xout_Accel_14_bit
                0x1fff28c4                Zout_g
                0x1fff28c8                AccelMagData
                0x1fff28d4                Yout_uT
                0x1fff28d8                Yout_Accel_14_bit
                0x1fff28da                Zout_Accel_14_bit
                0x1fff28dc                Yout_Mag_16_bit
                0x1fff28e0                Yout_g
                0x1fff28e4                Xout_g
                0x1fff28e8                Zout_uT
                0x1fff28ec                Zout_Mag_16_bit
                0x1fff28f0                Heading
                0x1fff28f4                Xout_uT
 COMMON         0x1fff28f8       0x14 ./Sources/Applications/main.o
                0x1fff28f8                sPitch
                0x1fff28fc                sRoll
                0x1fff2900                sSpeedMotLeft
                0x1fff2904                sYaw
                0x1fff2908                sSpeedMotRight
 COMMON         0x1fff290c        0x4 c:/freescale/kds_v3/toolchain/bin/../lib/gcc/arm-none-eabi/4.8.4/../../../../arm-none-eabi/lib/armv7e-m/fpu\libg_s.a(lib_a-reent.o)
                0x1fff290c                errno
                0x1fff2910                . = ALIGN (0x4)
                0x1fff2910                __bss_end__ = .
                0x1fff2910                __END_BSS = .

.heap           0x20000000      0x400
                0x20000000                . = ALIGN (0x8)
                0x20000000                __end__ = .
                0x20000000                PROVIDE (end, .)
                0x20000000                __HeapBase = .
                0x20000400                . = (. + HEAP_SIZE)
 *fill*         0x20000000      0x400 
                0x20000400                __HeapLimit = .

.stack          0x20000400      0x400
                0x20000400                . = ALIGN (0x8)
                0x20000800                . = (. + STACK_SIZE)
 *fill*         0x20000400      0x400 
                0x20030000                __StackTop = (ORIGIN (m_data_2) + 0x30000)
                0x2002fc00                __StackLimit = (__StackTop - STACK_SIZE)
                0x20030000                PROVIDE (__stack, __StackTop)

.ARM.attributes
                0x00000000       0x30
 *(.ARM.attributes)
 .ARM.attributes
                0x00000000       0x22 c:/freescale/kds_v3/toolchain/bin/../lib/gcc/arm-none-eabi/4.8.4/armv7e-m/fpu/crti.o
 .ARM.attributes
                0x00000022       0x34 c:/freescale/kds_v3/toolchain/bin/../lib/gcc/arm-none-eabi/4.8.4/armv7e-m/fpu/crtbegin.o
 .ARM.attributes
                0x00000056       0x20 c:/freescale/kds_v3/toolchain/bin/../lib/gcc/arm-none-eabi/4.8.4/../../../../arm-none-eabi/lib/armv7e-m/fpu/crt0.o
 .ARM.attributes
                0x00000076       0x39 ./Sources/Utils/stbp.o
 .ARM.attributes
                0x000000af       0x39 ./Sources/Modules/mAccelMagneto.o
 .ARM.attributes
                0x000000e8       0x39 ./Sources/Modules/mAd.o
 .ARM.attributes
                0x00000121       0x39 ./Sources/Modules/mCpu.o
 .ARM.attributes
                0x0000015a       0x39 ./Sources/Modules/mDac.o
 .ARM.attributes
                0x00000193       0x39 ./Sources/Modules/mDelay.o
 .ARM.attributes
                0x000001cc       0x39 ./Sources/Modules/mLeds.o
 .ARM.attributes
                0x00000205       0x39 ./Sources/Modules/mRS232.o
 .ARM.attributes
                0x0000023e       0x39 ./Sources/Modules/mSpi.o
 .ARM.attributes
                0x00000277       0x39 ./Sources/Modules/mSwitch.o
 .ARM.attributes
                0x000002b0       0x39 ./Sources/Modules/mTimer.o
 .ARM.attributes
                0x000002e9       0x39 ./Sources/Modules/mWifi.o
 .ARM.attributes
                0x00000322       0x39 ./Sources/Interfaces/iAd.o
 .ARM.attributes
                0x0000035b       0x39 ./Sources/Interfaces/iCpu.o
 .ARM.attributes
                0x00000394       0x39 ./Sources/Interfaces/iDac.o
 .ARM.attributes
                0x000003cd       0x39 ./Sources/Interfaces/iDio.o
 .ARM.attributes
                0x00000406       0x39 ./Sources/Interfaces/iFlextimer.o
 .ARM.attributes
                0x0000043f       0x39 ./Sources/Interfaces/iI2C.o
 .ARM.attributes
                0x00000478       0x39 ./Sources/Interfaces/iPit.o
 .ARM.attributes
                0x000004b1       0x39 ./Sources/Interfaces/iSpi.o
 .ARM.attributes
                0x000004ea       0x39 ./Sources/Interfaces/iUart.o
 .ARM.attributes
                0x00000523       0x39 ./Sources/Applications/main.o
 .ARM.attributes
                0x0000055c       0x1f ./Project_Settings/Startup_Code/startup_MK64F12.o
 .ARM.attributes
                0x0000057b       0x39 ./Project_Settings/Startup_Code/system_MK64F12.o
 .ARM.attributes
                0x000005b4       0x22 c:/freescale/kds_v3/toolchain/bin/../lib/gcc/arm-none-eabi/4.8.4/armv7e-m/fpu\libgcc.a(_arm_addsubdf3.o)
 .ARM.attributes
                0x000005d6       0x22 c:/freescale/kds_v3/toolchain/bin/../lib/gcc/arm-none-eabi/4.8.4/armv7e-m/fpu\libgcc.a(_arm_muldivdf3.o)
 .ARM.attributes
                0x000005f8       0x22 c:/freescale/kds_v3/toolchain/bin/../lib/gcc/arm-none-eabi/4.8.4/armv7e-m/fpu\libgcc.a(_arm_fixunsdfsi.o)
 .ARM.attributes
                0x0000061a       0x22 c:/freescale/kds_v3/toolchain/bin/../lib/gcc/arm-none-eabi/4.8.4/armv7e-m/fpu\libgcc.a(_arm_truncdfsf2.o)
 .ARM.attributes
                0x0000063c       0x34 c:/freescale/kds_v3/toolchain/bin/../lib/gcc/arm-none-eabi/4.8.4/../../../../arm-none-eabi/lib/armv7e-m/fpu\libg_s.a(lib_a-exit.o)
 .ARM.attributes
                0x00000670       0x34 c:/freescale/kds_v3/toolchain/bin/../lib/gcc/arm-none-eabi/4.8.4/../../../../arm-none-eabi/lib/armv7e-m/fpu\libg_s.a(lib_a-impure.o)
 .ARM.attributes
                0x000006a4       0x34 c:/freescale/kds_v3/toolchain/bin/../lib/gcc/arm-none-eabi/4.8.4/../../../../arm-none-eabi/lib/armv7e-m/fpu\libg_s.a(lib_a-init.o)
 .ARM.attributes
                0x000006d8       0x34 c:/freescale/kds_v3/toolchain/bin/../lib/gcc/arm-none-eabi/4.8.4/../../../../arm-none-eabi/lib/armv7e-m/fpu\libg_s.a(lib_a-memset.o)
 .ARM.attributes
                0x0000070c       0x34 c:/freescale/kds_v3/toolchain/bin/../lib/gcc/arm-none-eabi/4.8.4/../../../../arm-none-eabi/lib/armv7e-m/fpu\libg_s.a(lib_a-sprintf.o)
 .ARM.attributes
                0x00000740       0x34 c:/freescale/kds_v3/toolchain/bin/../lib/gcc/arm-none-eabi/4.8.4/../../../../arm-none-eabi/lib/armv7e-m/fpu\libg_s.a(lib_a-svfprintf.o)
 .ARM.attributes
                0x00000774       0x34 c:/freescale/kds_v3/toolchain/bin/../lib/gcc/arm-none-eabi/4.8.4/../../../../arm-none-eabi/lib/armv7e-m/fpu\libg_s.a(lib_a-vfprintf_i.o)
 .ARM.attributes
                0x000007a8       0x34 c:/freescale/kds_v3/toolchain/bin/../lib/gcc/arm-none-eabi/4.8.4/../../../../arm-none-eabi/lib/armv7e-m/fpu\libg_s.a(lib_a-memchr-stub.o)
 .ARM.attributes
                0x000007dc       0x34 c:/freescale/kds_v3/toolchain/bin/../lib/gcc/arm-none-eabi/4.8.4/../../../../arm-none-eabi/lib/armv7e-m/fpu\libg_s.a(lib_a-memcpy-stub.o)
 .ARM.attributes
                0x00000810       0x34 c:/freescale/kds_v3/toolchain/bin/../lib/gcc/arm-none-eabi/4.8.4/../../../../arm-none-eabi/lib/armv7e-m/fpu\libg_s.a(lib_a-memmove.o)
 .ARM.attributes
                0x00000844       0x34 c:/freescale/kds_v3/toolchain/bin/../lib/gcc/arm-none-eabi/4.8.4/../../../../arm-none-eabi/lib/armv7e-m/fpu\libg_s.a(lib_a-nano-freer.o)
 .ARM.attributes
                0x00000878       0x34 c:/freescale/kds_v3/toolchain/bin/../lib/gcc/arm-none-eabi/4.8.4/../../../../arm-none-eabi/lib/armv7e-m/fpu\libg_s.a(lib_a-nano-mallocr.o)
 .ARM.attributes
                0x000008ac       0x34 c:/freescale/kds_v3/toolchain/bin/../lib/gcc/arm-none-eabi/4.8.4/../../../../arm-none-eabi/lib/armv7e-m/fpu\libg_s.a(lib_a-nano-reallocr.o)
 .ARM.attributes
                0x000008e0       0x34 c:/freescale/kds_v3/toolchain/bin/../lib/gcc/arm-none-eabi/4.8.4/../../../../arm-none-eabi/lib/armv7e-m/fpu\libg_s.a(lib_a-sbrkr.o)
 .ARM.attributes
                0x00000914       0x34 c:/freescale/kds_v3/toolchain/bin/../lib/gcc/arm-none-eabi/4.8.4/../../../../arm-none-eabi/lib/armv7e-m/fpu\libg_s.a(lib_a-strlen.o)
 .ARM.attributes
                0x00000948       0x34 c:/freescale/kds_v3/toolchain/bin/../lib/gcc/arm-none-eabi/4.8.4/../../../../arm-none-eabi/lib/armv7e-m/fpu\libg_s.a(lib_a-nano-msizer.o)
 .ARM.attributes
                0x0000097c       0x34 c:/freescale/kds_v3/toolchain/bin/../lib/gcc/arm-none-eabi/4.8.4/../../../../arm-none-eabi/lib/armv7e-m/fpu\libg_s.a(lib_a-reent.o)
 .ARM.attributes
                0x000009b0       0x34 c:/freescale/kds_v3/toolchain/bin/../lib/gcc/arm-none-eabi/4.8.4/../../../../arm-none-eabi/lib/armv7e-m/fpu\libnosys.a(sbrk.o)
 .ARM.attributes
                0x000009e4       0x34 c:/freescale/kds_v3/toolchain/bin/../lib/gcc/arm-none-eabi/4.8.4/../../../../arm-none-eabi/lib/armv7e-m/fpu\libnosys.a(_exit.o)
 .ARM.attributes
                0x00000a18       0x34 c:/freescale/kds_v3/toolchain/bin/../lib/gcc/arm-none-eabi/4.8.4/armv7e-m/fpu/crtend.o
 .ARM.attributes
                0x00000a4c       0x22 c:/freescale/kds_v3/toolchain/bin/../lib/gcc/arm-none-eabi/4.8.4/armv7e-m/fpu/crtn.o
                0x00000001                ASSERT ((__StackLimit >= __HeapLimit), region m_data_2 overflowed with stack and heap)
OUTPUT(Freescale Cup.elf elf32-littlearm)

.debug_info     0x00000000     0x8a78
 .debug_info    0x00000000      0xc1a ./Sources/Utils/stbp.o
 .debug_info    0x00000c1a      0x6a7 ./Sources/Modules/mAccelMagneto.o
 .debug_info    0x000012c1      0x1d1 ./Sources/Modules/mAd.o
 .debug_info    0x00001492       0x7a ./Sources/Modules/mCpu.o
 .debug_info    0x0000150c       0xe0 ./Sources/Modules/mDac.o
 .debug_info    0x000015ec      0x1c3 ./Sources/Modules/mDelay.o
 .debug_info    0x000017af      0x2ce ./Sources/Modules/mLeds.o
 .debug_info    0x00001a7d      0x186 ./Sources/Modules/mRS232.o
 .debug_info    0x00001c03      0x5c0 ./Sources/Modules/mSpi.o
 .debug_info    0x000021c3      0x297 ./Sources/Modules/mSwitch.o
 .debug_info    0x0000245a      0x303 ./Sources/Modules/mTimer.o
 .debug_info    0x0000275d      0x465 ./Sources/Modules/mWifi.o
 .debug_info    0x00002bc2      0x791 ./Sources/Interfaces/iAd.o
 .debug_info    0x00003353      0x643 ./Sources/Interfaces/iCpu.o
 .debug_info    0x00003996      0x48f ./Sources/Interfaces/iDac.o
 .debug_info    0x00003e25      0x3cf ./Sources/Interfaces/iDio.o
 .debug_info    0x000041f4      0xd2a ./Sources/Interfaces/iFlextimer.o
 .debug_info    0x00004f1e      0x5ae ./Sources/Interfaces/iI2C.o
 .debug_info    0x000054cc      0xc2b ./Sources/Interfaces/iPit.o
 .debug_info    0x000060f7      0xa37 ./Sources/Interfaces/iSpi.o
 .debug_info    0x00006b2e      0xc76 ./Sources/Interfaces/iUart.o
 .debug_info    0x000077a4      0xc40 ./Sources/Applications/main.o
 .debug_info    0x000083e4       0x8b ./Project_Settings/Startup_Code/startup_MK64F12.o
 .debug_info    0x0000846f      0x609 ./Project_Settings/Startup_Code/system_MK64F12.o

.debug_abbrev   0x00000000     0x1d12
 .debug_abbrev  0x00000000      0x196 ./Sources/Utils/stbp.o
 .debug_abbrev  0x00000196      0x1d1 ./Sources/Modules/mAccelMagneto.o
 .debug_abbrev  0x00000367       0xd4 ./Sources/Modules/mAd.o
 .debug_abbrev  0x0000043b       0x45 ./Sources/Modules/mCpu.o
 .debug_abbrev  0x00000480       0x9c ./Sources/Modules/mDac.o
 .debug_abbrev  0x0000051c       0xdf ./Sources/Modules/mDelay.o
 .debug_abbrev  0x000005fb       0xd0 ./Sources/Modules/mLeds.o
 .debug_abbrev  0x000006cb       0xe4 ./Sources/Modules/mRS232.o
 .debug_abbrev  0x000007af      0x18a ./Sources/Modules/mSpi.o
 .debug_abbrev  0x00000939       0xd4 ./Sources/Modules/mSwitch.o
 .debug_abbrev  0x00000a0d       0xcc ./Sources/Modules/mTimer.o
 .debug_abbrev  0x00000ad9      0x132 ./Sources/Modules/mWifi.o
 .debug_abbrev  0x00000c0b      0x19c ./Sources/Interfaces/iAd.o
 .debug_abbrev  0x00000da7      0x126 ./Sources/Interfaces/iCpu.o
 .debug_abbrev  0x00000ecd      0x160 ./Sources/Interfaces/iDac.o
 .debug_abbrev  0x0000102d       0xf5 ./Sources/Interfaces/iDio.o
 .debug_abbrev  0x00001122      0x189 ./Sources/Interfaces/iFlextimer.o
 .debug_abbrev  0x000012ab      0x14a ./Sources/Interfaces/iI2C.o
 .debug_abbrev  0x000013f5      0x1f4 ./Sources/Interfaces/iPit.o
 .debug_abbrev  0x000015e9      0x1ce ./Sources/Interfaces/iSpi.o
 .debug_abbrev  0x000017b7      0x25c ./Sources/Interfaces/iUart.o
 .debug_abbrev  0x00001a13      0x1d1 ./Sources/Applications/main.o
 .debug_abbrev  0x00001be4       0x14 ./Project_Settings/Startup_Code/startup_MK64F12.o
 .debug_abbrev  0x00001bf8      0x11a ./Project_Settings/Startup_Code/system_MK64F12.o

.debug_aranges  0x00000000      0x830
 .debug_aranges
                0x00000000       0xe8 ./Sources/Utils/stbp.o
 .debug_aranges
                0x000000e8       0x70 ./Sources/Modules/mAccelMagneto.o
 .debug_aranges
                0x00000158       0x40 ./Sources/Modules/mAd.o
 .debug_aranges
                0x00000198       0x20 ./Sources/Modules/mCpu.o
 .debug_aranges
                0x000001b8       0x30 ./Sources/Modules/mDac.o
 .debug_aranges
                0x000001e8       0x50 ./Sources/Modules/mDelay.o
 .debug_aranges
                0x00000238       0x38 ./Sources/Modules/mLeds.o
 .debug_aranges
                0x00000270       0x40 ./Sources/Modules/mRS232.o
 .debug_aranges
                0x000002b0       0x70 ./Sources/Modules/mSpi.o
 .debug_aranges
                0x00000320       0x38 ./Sources/Modules/mSwitch.o
 .debug_aranges
                0x00000358       0x68 ./Sources/Modules/mTimer.o
 .debug_aranges
                0x000003c0       0x58 ./Sources/Modules/mWifi.o
 .debug_aranges
                0x00000418       0x48 ./Sources/Interfaces/iAd.o
 .debug_aranges
                0x00000460       0x40 ./Sources/Interfaces/iCpu.o
 .debug_aranges
                0x000004a0       0x40 ./Sources/Interfaces/iDac.o
 .debug_aranges
                0x000004e0       0x30 ./Sources/Interfaces/iDio.o
 .debug_aranges
                0x00000510       0x58 ./Sources/Interfaces/iFlextimer.o
 .debug_aranges
                0x00000568       0x78 ./Sources/Interfaces/iI2C.o
 .debug_aranges
                0x000005e0       0x88 ./Sources/Interfaces/iPit.o
 .debug_aranges
                0x00000668       0xa8 ./Sources/Interfaces/iSpi.o
 .debug_aranges
                0x00000710       0x88 ./Sources/Interfaces/iUart.o
 .debug_aranges
                0x00000798       0x50 ./Sources/Applications/main.o
 .debug_aranges
                0x000007e8       0x20 ./Project_Settings/Startup_Code/startup_MK64F12.o
 .debug_aranges
                0x00000808       0x28 ./Project_Settings/Startup_Code/system_MK64F12.o

.debug_ranges   0x00000000      0x6a0
 .debug_ranges  0x00000000       0xd8 ./Sources/Utils/stbp.o
 .debug_ranges  0x000000d8       0x60 ./Sources/Modules/mAccelMagneto.o
 .debug_ranges  0x00000138       0x30 ./Sources/Modules/mAd.o
 .debug_ranges  0x00000168       0x10 ./Sources/Modules/mCpu.o
 .debug_ranges  0x00000178       0x20 ./Sources/Modules/mDac.o
 .debug_ranges  0x00000198       0x40 ./Sources/Modules/mDelay.o
 .debug_ranges  0x000001d8       0x28 ./Sources/Modules/mLeds.o
 .debug_ranges  0x00000200       0x30 ./Sources/Modules/mRS232.o
 .debug_ranges  0x00000230       0x60 ./Sources/Modules/mSpi.o
 .debug_ranges  0x00000290       0x28 ./Sources/Modules/mSwitch.o
 .debug_ranges  0x000002b8       0x58 ./Sources/Modules/mTimer.o
 .debug_ranges  0x00000310       0x48 ./Sources/Modules/mWifi.o
 .debug_ranges  0x00000358       0x38 ./Sources/Interfaces/iAd.o
 .debug_ranges  0x00000390       0x30 ./Sources/Interfaces/iCpu.o
 .debug_ranges  0x000003c0       0x30 ./Sources/Interfaces/iDac.o
 .debug_ranges  0x000003f0       0x20 ./Sources/Interfaces/iDio.o
 .debug_ranges  0x00000410       0x48 ./Sources/Interfaces/iFlextimer.o
 .debug_ranges  0x00000458       0x68 ./Sources/Interfaces/iI2C.o
 .debug_ranges  0x000004c0       0x78 ./Sources/Interfaces/iPit.o
 .debug_ranges  0x00000538       0x98 ./Sources/Interfaces/iSpi.o
 .debug_ranges  0x000005d0       0x78 ./Sources/Interfaces/iUart.o
 .debug_ranges  0x00000648       0x40 ./Sources/Applications/main.o
 .debug_ranges  0x00000688       0x18 ./Project_Settings/Startup_Code/system_MK64F12.o

.debug_macro    0x00000000    0x1a181
 .debug_macro   0x00000000       0x32 ./Sources/Utils/stbp.o
 .debug_macro   0x00000032       0x22 ./Sources/Utils/stbp.o
 .debug_macro   0x00000054      0x138 ./Sources/Modules/mAccelMagneto.o
 .debug_macro   0x0000018c      0x2ff ./Sources/Modules/mAccelMagneto.o
 .debug_macro   0x0000048b       0x58 ./Sources/Modules/mAccelMagneto.o
 .debug_macro   0x000004e3       0x16 ./Sources/Modules/mAccelMagneto.o
 .debug_macro   0x000004f9       0x35 ./Sources/Modules/mAccelMagneto.o
 .debug_macro   0x0000052e       0xa3 ./Sources/Modules/mAccelMagneto.o
 .debug_macro   0x000005d1       0x4a ./Sources/Modules/mAccelMagneto.o
 .debug_macro   0x0000061b       0x52 ./Sources/Modules/mAccelMagneto.o
 .debug_macro   0x0000066d       0x16 ./Sources/Modules/mAccelMagneto.o
 .debug_macro   0x00000683       0x43 ./Sources/Modules/mAccelMagneto.o
 .debug_macro   0x000006c6      0x180 ./Sources/Modules/mAccelMagneto.o
 .debug_macro   0x00000846       0xde ./Sources/Modules/mAccelMagneto.o
 .debug_macro   0x00000924       0x16 ./Sources/Modules/mAccelMagneto.o
 .debug_macro   0x0000093a      0x20f ./Sources/Modules/mAccelMagneto.o
 .debug_macro   0x00000b49       0x56 ./Sources/Modules/mAccelMagneto.o
 .debug_macro   0x00000b9f       0x3b ./Sources/Modules/mAccelMagneto.o
 .debug_macro   0x00000bda       0x34 ./Sources/Modules/mAccelMagneto.o
 .debug_macro   0x00000c0e       0x26 ./Sources/Modules/mAccelMagneto.o
 .debug_macro   0x00000c34      0xd1d ./Sources/Modules/mAccelMagneto.o
 .debug_macro   0x00001951       0x78 ./Sources/Modules/mAccelMagneto.o
 .debug_macro   0x000019c9    0x175e0 ./Sources/Modules/mAccelMagneto.o
 .debug_macro   0x00018fa9       0x2e ./Sources/Modules/mAd.o
 .debug_macro   0x00018fd7       0x2e ./Sources/Modules/mCpu.o
 .debug_macro   0x00019005       0x2e ./Sources/Modules/mDac.o
 .debug_macro   0x00019033       0x2e ./Sources/Modules/mDelay.o
 .debug_macro   0x00019061       0x2e ./Sources/Modules/mLeds.o
 .debug_macro   0x0001908f       0x2e ./Sources/Modules/mRS232.o
 .debug_macro   0x000190bd       0xb4 ./Sources/Modules/mSpi.o
 .debug_macro   0x00019171       0x44 ./Sources/Modules/mSpi.o
 .debug_macro   0x000191b5      0x209 ./Sources/Modules/mSpi.o
 .debug_macro   0x000193be       0x2e ./Sources/Modules/mSwitch.o
 .debug_macro   0x000193ec       0x38 ./Sources/Modules/mTimer.o
 .debug_macro   0x00019424       0x42 ./Sources/Modules/mWifi.o
 .debug_macro   0x00019466       0xa0 ./Sources/Interfaces/iAd.o
 .debug_macro   0x00019506       0xa0 ./Sources/Interfaces/iCpu.o
 .debug_macro   0x000195a6       0xb8 ./Sources/Interfaces/iDac.o
 .debug_macro   0x0001965e       0xa0 ./Sources/Interfaces/iDio.o
 .debug_macro   0x000196fe       0xf4 ./Sources/Interfaces/iFlextimer.o
 .debug_macro   0x000197f2       0xac ./Sources/Interfaces/iI2C.o
 .debug_macro   0x0001989e       0xa6 ./Sources/Interfaces/iPit.o
 .debug_macro   0x00019944       0xa0 ./Sources/Interfaces/iSpi.o
 .debug_macro   0x000199e4       0xb8 ./Sources/Interfaces/iUart.o
 .debug_macro   0x00019a9c      0x1fa ./Sources/Applications/main.o
 .debug_macro   0x00019c96       0x16 ./Sources/Applications/main.o
 .debug_macro   0x00019cac       0x97 ./Sources/Applications/main.o
 .debug_macro   0x00019d43       0x10 ./Sources/Applications/main.o
 .debug_macro   0x00019d53       0xef ./Sources/Applications/main.o
 .debug_macro   0x00019e42       0x10 ./Sources/Applications/main.o
 .debug_macro   0x00019e52       0x22 ./Sources/Applications/main.o
 .debug_macro   0x00019e74       0xbd ./Sources/Applications/main.o
 .debug_macro   0x00019f31       0x16 ./Sources/Applications/main.o
 .debug_macro   0x00019f47      0x14a ./Sources/Applications/main.o
 .debug_macro   0x0001a091       0x88 ./Project_Settings/Startup_Code/system_MK64F12.o
 .debug_macro   0x0001a119       0x68 ./Project_Settings/Startup_Code/system_MK64F12.o

.debug_line     0x00000000     0x3e90
 .debug_line    0x00000000      0x41d ./Sources/Utils/stbp.o
 .debug_line    0x0000041d      0x4e8 ./Sources/Modules/mAccelMagneto.o
 .debug_line    0x00000905      0x171 ./Sources/Modules/mAd.o
 .debug_line    0x00000a76       0xdd ./Sources/Modules/mCpu.o
 .debug_line    0x00000b53       0xfe ./Sources/Modules/mDac.o
 .debug_line    0x00000c51      0x14a ./Sources/Modules/mDelay.o
 .debug_line    0x00000d9b      0x122 ./Sources/Modules/mLeds.o
 .debug_line    0x00000ebd      0x13f ./Sources/Modules/mRS232.o
 .debug_line    0x00000ffc      0x43c ./Sources/Modules/mSpi.o
 .debug_line    0x00001438      0x126 ./Sources/Modules/mSwitch.o
 .debug_line    0x0000155e      0x19b ./Sources/Modules/mTimer.o
 .debug_line    0x000016f9      0x1db ./Sources/Modules/mWifi.o
 .debug_line    0x000018d4      0x2c4 ./Sources/Interfaces/iAd.o
 .debug_line    0x00001b98      0x2dd ./Sources/Interfaces/iCpu.o
 .debug_line    0x00001e75      0x2cf ./Sources/Interfaces/iDac.o
 .debug_line    0x00002144      0x27d ./Sources/Interfaces/iDio.o
 .debug_line    0x000023c1      0x343 ./Sources/Interfaces/iFlextimer.o
 .debug_line    0x00002704      0x309 ./Sources/Interfaces/iI2C.o
 .debug_line    0x00002a0d      0x41c ./Sources/Interfaces/iPit.o
 .debug_line    0x00002e29      0x44c ./Sources/Interfaces/iSpi.o
 .debug_line    0x00003275      0x3b8 ./Sources/Interfaces/iUart.o
 .debug_line    0x0000362d      0x58c ./Sources/Applications/main.o
 .debug_line    0x00003bb9       0x78 ./Project_Settings/Startup_Code/startup_MK64F12.o
 .debug_line    0x00003c31      0x25f ./Project_Settings/Startup_Code/system_MK64F12.o

.debug_str      0x00000000    0x952aa
 .debug_str     0x00000000     0x2f89 ./Sources/Utils/stbp.o
                               0x30e9 (size before relaxing)
 .debug_str     0x00002f89    0x8f4b1 ./Sources/Modules/mAccelMagneto.o
                              0x91e89 (size before relaxing)
 .debug_str     0x0009243a      0x162 ./Sources/Modules/mAd.o
                               0x2734 (size before relaxing)
 .debug_str     0x0009259c       0x39 ./Sources/Modules/mCpu.o
                               0x25f9 (size before relaxing)
 .debug_str     0x000925d5       0x7d ./Sources/Modules/mDac.o
                               0x2648 (size before relaxing)
 .debug_str     0x00092652       0xa8 ./Sources/Modules/mDelay.o
                               0x26a5 (size before relaxing)
 .debug_str     0x000926fa      0x250 ./Sources/Modules/mLeds.o
                               0x281e (size before relaxing)
 .debug_str     0x0009294a      0x149 ./Sources/Modules/mRS232.o
                               0x2714 (size before relaxing)
 .debug_str     0x00092a93      0x1ea ./Sources/Modules/mSpi.o
                              0x8f883 (size before relaxing)
 .debug_str     0x00092c7d       0xc1 ./Sources/Modules/mSwitch.o
                               0x280e (size before relaxing)
 .debug_str     0x00092d3e      0x141 ./Sources/Modules/mTimer.o
                               0x28a0 (size before relaxing)
 .debug_str     0x00092e7f       0xf0 ./Sources/Modules/mWifi.o
                               0x293b (size before relaxing)
 .debug_str     0x00092f6f      0x5ea ./Sources/Interfaces/iAd.o
                              0x8fc09 (size before relaxing)
 .debug_str     0x00093559      0x150 ./Sources/Interfaces/iCpu.o
                              0x8f6d0 (size before relaxing)
 .debug_str     0x000936a9       0xf0 ./Sources/Interfaces/iDac.o
                              0x8f6fc (size before relaxing)
 .debug_str     0x00093799       0xa0 ./Sources/Interfaces/iDio.o
                              0x8f76e (size before relaxing)
 .debug_str     0x00093839      0x42d ./Sources/Interfaces/iFlextimer.o
                              0x9001f (size before relaxing)
 .debug_str     0x00093c66      0x15e ./Sources/Interfaces/iI2C.o
                              0x8f7b0 (size before relaxing)
 .debug_str     0x00093dc4      0x110 ./Sources/Interfaces/iPit.o
                              0x8fd39 (size before relaxing)
 .debug_str     0x00093ed4      0x2a7 ./Sources/Interfaces/iSpi.o
                              0x8f96b (size before relaxing)
 .debug_str     0x0009417b      0x2f0 ./Sources/Interfaces/iUart.o
                              0x8ff12 (size before relaxing)
 .debug_str     0x0009446b      0xd6a ./Sources/Applications/main.o
                              0x927fd (size before relaxing)
 .debug_str     0x000951d5       0xd5 ./Project_Settings/Startup_Code/system_MK64F12.o
                              0x8f5cf (size before relaxing)

.comment        0x00000000       0x70
 .comment       0x00000000       0x70 ./Sources/Utils/stbp.o
                                 0x71 (size before relaxing)
 .comment       0x00000000       0x71 ./Sources/Modules/mAccelMagneto.o
 .comment       0x00000000       0x71 ./Sources/Modules/mAd.o
 .comment       0x00000000       0x71 ./Sources/Modules/mCpu.o
 .comment       0x00000000       0x71 ./Sources/Modules/mDac.o
 .comment       0x00000000       0x71 ./Sources/Modules/mDelay.o
 .comment       0x00000000       0x71 ./Sources/Modules/mLeds.o
 .comment       0x00000000       0x71 ./Sources/Modules/mRS232.o
 .comment       0x00000000       0x71 ./Sources/Modules/mSpi.o
 .comment       0x00000000       0x71 ./Sources/Modules/mSwitch.o
 .comment       0x00000000       0x71 ./Sources/Modules/mTimer.o
 .comment       0x00000000       0x71 ./Sources/Modules/mWifi.o
 .comment       0x00000000       0x71 ./Sources/Interfaces/iAd.o
 .comment       0x00000000       0x71 ./Sources/Interfaces/iCpu.o
 .comment       0x00000000       0x71 ./Sources/Interfaces/iDac.o
 .comment       0x00000000       0x71 ./Sources/Interfaces/iDio.o
 .comment       0x00000000       0x71 ./Sources/Interfaces/iFlextimer.o
 .comment       0x00000000       0x71 ./Sources/Interfaces/iI2C.o
 .comment       0x00000000       0x71 ./Sources/Interfaces/iPit.o
 .comment       0x00000000       0x71 ./Sources/Interfaces/iSpi.o
 .comment       0x00000000       0x71 ./Sources/Interfaces/iUart.o
 .comment       0x00000000       0x71 ./Sources/Applications/main.o
 .comment       0x00000000       0x71 ./Project_Settings/Startup_Code/system_MK64F12.o

.debug_frame    0x00000000     0x1a48
 .debug_frame   0x00000000      0x2f8 ./Sources/Utils/stbp.o
 .debug_frame   0x000002f8      0x15c ./Sources/Modules/mAccelMagneto.o
 .debug_frame   0x00000454       0x9c ./Sources/Modules/mAd.o
 .debug_frame   0x000004f0       0x2c ./Sources/Modules/mCpu.o
 .debug_frame   0x0000051c       0x64 ./Sources/Modules/mDac.o
 .debug_frame   0x00000580       0xe0 ./Sources/Modules/mDelay.o
 .debug_frame   0x00000660       0x84 ./Sources/Modules/mLeds.o
 .debug_frame   0x000006e4       0x98 ./Sources/Modules/mRS232.o
 .debug_frame   0x0000077c      0x160 ./Sources/Modules/mSpi.o
 .debug_frame   0x000008dc       0x84 ./Sources/Modules/mSwitch.o
 .debug_frame   0x00000960      0x130 ./Sources/Modules/mTimer.o
 .debug_frame   0x00000a90      0x104 ./Sources/Modules/mWifi.o
 .debug_frame   0x00000b94       0xb8 ./Sources/Interfaces/iAd.o
 .debug_frame   0x00000c4c       0x90 ./Sources/Interfaces/iCpu.o
 .debug_frame   0x00000cdc       0xa4 ./Sources/Interfaces/iDac.o
 .debug_frame   0x00000d80       0x64 ./Sources/Interfaces/iDio.o
 .debug_frame   0x00000de4       0xfc ./Sources/Interfaces/iFlextimer.o
 .debug_frame   0x00000ee0      0x144 ./Sources/Interfaces/iI2C.o
 .debug_frame   0x00001024      0x19c ./Sources/Interfaces/iPit.o
 .debug_frame   0x000011c0      0x208 ./Sources/Interfaces/iSpi.o
 .debug_frame   0x000013c8      0x1a0 ./Sources/Interfaces/iUart.o
 .debug_frame   0x00001568       0xf0 ./Sources/Applications/main.o
 .debug_frame   0x00001658       0x44 ./Project_Settings/Startup_Code/system_MK64F12.o
 .debug_frame   0x0000169c       0x28 c:/freescale/kds_v3/toolchain/bin/../lib/gcc/arm-none-eabi/4.8.4/../../../../arm-none-eabi/lib/armv7e-m/fpu\libg_s.a(lib_a-exit.o)
 .debug_frame   0x000016c4       0x2c c:/freescale/kds_v3/toolchain/bin/../lib/gcc/arm-none-eabi/4.8.4/../../../../arm-none-eabi/lib/armv7e-m/fpu\libg_s.a(lib_a-init.o)
 .debug_frame   0x000016f0       0x20 c:/freescale/kds_v3/toolchain/bin/../lib/gcc/arm-none-eabi/4.8.4/../../../../arm-none-eabi/lib/armv7e-m/fpu\libg_s.a(lib_a-memset.o)
 .debug_frame   0x00001710       0x58 c:/freescale/kds_v3/toolchain/bin/../lib/gcc/arm-none-eabi/4.8.4/../../../../arm-none-eabi/lib/armv7e-m/fpu\libg_s.a(lib_a-sprintf.o)
 .debug_frame   0x00001768       0x88 c:/freescale/kds_v3/toolchain/bin/../lib/gcc/arm-none-eabi/4.8.4/../../../../arm-none-eabi/lib/armv7e-m/fpu\libg_s.a(lib_a-svfprintf.o)
 .debug_frame   0x000017f0       0x60 c:/freescale/kds_v3/toolchain/bin/../lib/gcc/arm-none-eabi/4.8.4/../../../../arm-none-eabi/lib/armv7e-m/fpu\libg_s.a(lib_a-vfprintf_i.o)
 .debug_frame   0x00001850       0x28 c:/freescale/kds_v3/toolchain/bin/../lib/gcc/arm-none-eabi/4.8.4/../../../../arm-none-eabi/lib/armv7e-m/fpu\libg_s.a(lib_a-memchr-stub.o)
 .debug_frame   0x00001878       0x28 c:/freescale/kds_v3/toolchain/bin/../lib/gcc/arm-none-eabi/4.8.4/../../../../arm-none-eabi/lib/armv7e-m/fpu\libg_s.a(lib_a-memcpy-stub.o)
 .debug_frame   0x000018a0       0x2c c:/freescale/kds_v3/toolchain/bin/../lib/gcc/arm-none-eabi/4.8.4/../../../../arm-none-eabi/lib/armv7e-m/fpu\libg_s.a(lib_a-memmove.o)
 .debug_frame   0x000018cc       0x2c c:/freescale/kds_v3/toolchain/bin/../lib/gcc/arm-none-eabi/4.8.4/../../../../arm-none-eabi/lib/armv7e-m/fpu\libg_s.a(lib_a-nano-freer.o)
 .debug_frame   0x000018f8       0x2c c:/freescale/kds_v3/toolchain/bin/../lib/gcc/arm-none-eabi/4.8.4/../../../../arm-none-eabi/lib/armv7e-m/fpu\libg_s.a(lib_a-nano-mallocr.o)
 .debug_frame   0x00001924       0x30 c:/freescale/kds_v3/toolchain/bin/../lib/gcc/arm-none-eabi/4.8.4/../../../../arm-none-eabi/lib/armv7e-m/fpu\libg_s.a(lib_a-nano-reallocr.o)
 .debug_frame   0x00001954       0x2c c:/freescale/kds_v3/toolchain/bin/../lib/gcc/arm-none-eabi/4.8.4/../../../../arm-none-eabi/lib/armv7e-m/fpu\libg_s.a(lib_a-sbrkr.o)
 .debug_frame   0x00001980       0x20 c:/freescale/kds_v3/toolchain/bin/../lib/gcc/arm-none-eabi/4.8.4/../../../../arm-none-eabi/lib/armv7e-m/fpu\libg_s.a(lib_a-strlen.o)
 .debug_frame   0x000019a0       0x20 c:/freescale/kds_v3/toolchain/bin/../lib/gcc/arm-none-eabi/4.8.4/../../../../arm-none-eabi/lib/armv7e-m/fpu\libg_s.a(lib_a-nano-msizer.o)
 .debug_frame   0x000019c0       0x48 c:/freescale/kds_v3/toolchain/bin/../lib/gcc/arm-none-eabi/4.8.4/../../../../arm-none-eabi/lib/armv7e-m/fpu\libg_s.a(lib_a-reent.o)
 .debug_frame   0x00001a08       0x20 c:/freescale/kds_v3/toolchain/bin/../lib/gcc/arm-none-eabi/4.8.4/../../../../arm-none-eabi/lib/armv7e-m/fpu\libnosys.a(sbrk.o)
 .debug_frame   0x00001a28       0x20 c:/freescale/kds_v3/toolchain/bin/../lib/gcc/arm-none-eabi/4.8.4/../../../../arm-none-eabi/lib/armv7e-m/fpu\libnosys.a(_exit.o)
